[2024-09-25T22:35:46.681+0000] {local_task_job_runner.py:123} INFO - ::group::Pre task execution logs
[2024-09-25T22:35:46.755+0000] {taskinstance.py:2612} INFO - Dependencies all met for dep_context=non-requeueable deps ti=<TaskInstance: dag_with_postgres_hook_s3_v06.postgres_to_s3 scheduled__2023-06-15T00:00:00+00:00 [queued]>
[2024-09-25T22:35:46.787+0000] {taskinstance.py:2612} INFO - Dependencies all met for dep_context=requeueable deps ti=<TaskInstance: dag_with_postgres_hook_s3_v06.postgres_to_s3 scheduled__2023-06-15T00:00:00+00:00 [queued]>
[2024-09-25T22:35:46.800+0000] {taskinstance.py:2865} INFO - Starting attempt 1 of 1
[2024-09-25T22:35:46.847+0000] {taskinstance.py:2888} INFO - Executing <Task(PythonOperator): postgres_to_s3> on 2023-06-15 00:00:00+00:00
[2024-09-25T22:35:46.886+0000] {standard_task_runner.py:104} INFO - Running: ['***', 'tasks', 'run', 'dag_with_postgres_hook_s3_v06', 'postgres_to_s3', 'scheduled__2023-06-15T00:00:00+00:00', '--job-id', '1023', '--raw', '--subdir', 'DAGS_FOLDER/dag_with_postgres_hooks_s3.py', '--cfg-path', '/tmp/tmpllop7e55']
[2024-09-25T22:35:46.900+0000] {standard_task_runner.py:105} INFO - Job 1023: Subtask postgres_to_s3
[2024-09-25T22:35:46.910+0000] {logging_mixin.py:190} WARNING - /home/***/.local/lib/python3.12/site-packages/***/task/task_runner/standard_task_runner.py:70 DeprecationWarning: This process (pid=120775) is multi-threaded, use of fork() may lead to deadlocks in the child.
[2024-09-25T22:35:46.948+0000] {standard_task_runner.py:72} INFO - Started process 120797 to run task
[2024-09-25T22:35:47.126+0000] {task_command.py:467} INFO - Running <TaskInstance: dag_with_postgres_hook_s3_v06.postgres_to_s3 scheduled__2023-06-15T00:00:00+00:00 [running]> on host 1e186c4a8a03
[2024-09-25T22:35:47.722+0000] {taskinstance.py:3131} INFO - Exporting env vars: AIRFLOW_CTX_DAG_OWNER='chin' AIRFLOW_CTX_DAG_ID='dag_with_postgres_hook_s3_v06' AIRFLOW_CTX_TASK_ID='postgres_to_s3' AIRFLOW_CTX_EXECUTION_DATE='2023-06-15T00:00:00+00:00' AIRFLOW_CTX_TRY_NUMBER='1' AIRFLOW_CTX_DAG_RUN_ID='scheduled__2023-06-15T00:00:00+00:00'
[2024-09-25T22:35:47.732+0000] {taskinstance.py:731} INFO - ::endgroup::
[2024-09-25T22:35:47.843+0000] {logging_mixin.py:190} WARNING - /home/***/.local/lib/python3.12/site-packages/***/utils/operator_helpers.py:175 AirflowContextDeprecationWarning: Accessing 'next_ds_nodash' from the template is deprecated and will be removed in a future version. Please use '{{ data_interval_end | ds_nodash }}' instead.
[2024-09-25T22:35:47.889+0000] {base.py:84} INFO - Retrieving connection 'postgres_local'
[2024-09-25T22:35:47.976+0000] {dag_with_postgres_hooks_s3.py:37} INFO - query b"select * from orders where date >='20230615' and date <= '20230616'":
[2024-09-25T22:35:48.062+0000] {dag_with_postgres_hooks_s3.py:38} INFO - cursor 0:
[2024-09-25T22:35:48.066+0000] {dag_with_postgres_hooks_s3.py:44} INFO - <cursor object at 0x7fc8837eb010; closed: 0>
[2024-09-25T22:35:48.076+0000] {dag_with_postgres_hooks_s3.py:50} INFO - Saved orders data in text file: dags/get_orders_20230615.txt
[2024-09-25T22:35:48.126+0000] {base.py:84} INFO - Retrieving connection 'minio_conn'
[2024-09-25T22:35:48.137+0000] {connection_wrapper.py:388} INFO - AWS Connection (conn_id='minio_conn', conn_type='aws') credentials retrieved from login and password.
[2024-09-25T22:35:49.876+0000] {dag_with_postgres_hooks_s3.py:62} INFO - Order file %s has been pushed to S3!, f.name
[2024-09-25T22:35:49.880+0000] {python.py:240} INFO - Done. Returned value was: None
[2024-09-25T22:35:49.941+0000] {taskinstance.py:340} INFO - ::group::Post task execution logs
[2024-09-25T22:35:49.962+0000] {taskinstance.py:352} INFO - Marking task as SUCCESS. dag_id=dag_with_postgres_hook_s3_v06, task_id=postgres_to_s3, run_id=scheduled__2023-06-15T00:00:00+00:00, execution_date=20230615T000000, start_date=20240925T223546, end_date=20240925T223549
[2024-09-25T22:35:50.037+0000] {local_task_job_runner.py:266} INFO - Task exited with return code 0
[2024-09-25T22:35:50.108+0000] {taskinstance.py:3900} INFO - 0 downstream tasks scheduled from follow-on schedule check
[2024-09-25T22:35:50.122+0000] {local_task_job_runner.py:245} INFO - ::endgroup::
