[2024-09-25T22:32:34.724+0000] {local_task_job_runner.py:123} INFO - ::group::Pre task execution logs
[2024-09-25T22:32:34.813+0000] {taskinstance.py:2612} INFO - Dependencies all met for dep_context=non-requeueable deps ti=<TaskInstance: dag_with_postgres_hook_s3_v06.postgres_to_s3 scheduled__2022-11-03T00:00:00+00:00 [queued]>
[2024-09-25T22:32:34.864+0000] {taskinstance.py:2612} INFO - Dependencies all met for dep_context=requeueable deps ti=<TaskInstance: dag_with_postgres_hook_s3_v06.postgres_to_s3 scheduled__2022-11-03T00:00:00+00:00 [queued]>
[2024-09-25T22:32:34.865+0000] {taskinstance.py:2865} INFO - Starting attempt 1 of 1
[2024-09-25T22:32:34.944+0000] {taskinstance.py:2888} INFO - Executing <Task(PythonOperator): postgres_to_s3> on 2022-11-03 00:00:00+00:00
[2024-09-25T22:32:34.970+0000] {logging_mixin.py:190} WARNING - /home/***/.local/lib/python3.12/site-packages/***/task/task_runner/standard_task_runner.py:70 DeprecationWarning: This process (pid=119404) is multi-threaded, use of fork() may lead to deadlocks in the child.
[2024-09-25T22:32:34.973+0000] {standard_task_runner.py:104} INFO - Running: ['***', 'tasks', 'run', 'dag_with_postgres_hook_s3_v06', 'postgres_to_s3', 'scheduled__2022-11-03T00:00:00+00:00', '--job-id', '800', '--raw', '--subdir', 'DAGS_FOLDER/dag_with_postgres_hooks_s3.py', '--cfg-path', '/tmp/tmpykabm1d_']
[2024-09-25T22:32:34.979+0000] {standard_task_runner.py:105} INFO - Job 800: Subtask postgres_to_s3
[2024-09-25T22:32:34.978+0000] {standard_task_runner.py:72} INFO - Started process 119427 to run task
[2024-09-25T22:32:35.379+0000] {task_command.py:467} INFO - Running <TaskInstance: dag_with_postgres_hook_s3_v06.postgres_to_s3 scheduled__2022-11-03T00:00:00+00:00 [running]> on host 1e186c4a8a03
[2024-09-25T22:32:35.680+0000] {taskinstance.py:3131} INFO - Exporting env vars: AIRFLOW_CTX_DAG_OWNER='chin' AIRFLOW_CTX_DAG_ID='dag_with_postgres_hook_s3_v06' AIRFLOW_CTX_TASK_ID='postgres_to_s3' AIRFLOW_CTX_EXECUTION_DATE='2022-11-03T00:00:00+00:00' AIRFLOW_CTX_TRY_NUMBER='1' AIRFLOW_CTX_DAG_RUN_ID='scheduled__2022-11-03T00:00:00+00:00'
[2024-09-25T22:32:35.691+0000] {taskinstance.py:731} INFO - ::endgroup::
[2024-09-25T22:32:35.748+0000] {logging_mixin.py:190} WARNING - /home/***/.local/lib/python3.12/site-packages/***/utils/operator_helpers.py:175 AirflowContextDeprecationWarning: Accessing 'next_ds_nodash' from the template is deprecated and will be removed in a future version. Please use '{{ data_interval_end | ds_nodash }}' instead.
[2024-09-25T22:32:35.789+0000] {base.py:84} INFO - Retrieving connection 'postgres_local'
[2024-09-25T22:32:35.823+0000] {dag_with_postgres_hooks_s3.py:37} INFO - query b"select * from orders where date >='20221103' and date <= '20221104'":
[2024-09-25T22:32:35.827+0000] {dag_with_postgres_hooks_s3.py:38} INFO - cursor 0:
[2024-09-25T22:32:35.830+0000] {dag_with_postgres_hooks_s3.py:44} INFO - <cursor object at 0x7fc8837eaf20; closed: 0>
[2024-09-25T22:32:35.833+0000] {dag_with_postgres_hooks_s3.py:50} INFO - Saved orders data in text file: dags/get_orders_20221103.txt
[2024-09-25T22:32:35.860+0000] {base.py:84} INFO - Retrieving connection 'minio_conn'
[2024-09-25T22:32:35.864+0000] {connection_wrapper.py:388} INFO - AWS Connection (conn_id='minio_conn', conn_type='aws') credentials retrieved from login and password.
[2024-09-25T22:32:36.643+0000] {dag_with_postgres_hooks_s3.py:62} INFO - Order file %s has been pushed to S3!, f.name
[2024-09-25T22:32:36.647+0000] {python.py:240} INFO - Done. Returned value was: None
[2024-09-25T22:32:36.681+0000] {taskinstance.py:340} INFO - ::group::Post task execution logs
[2024-09-25T22:32:36.683+0000] {taskinstance.py:352} INFO - Marking task as SUCCESS. dag_id=dag_with_postgres_hook_s3_v06, task_id=postgres_to_s3, run_id=scheduled__2022-11-03T00:00:00+00:00, execution_date=20221103T000000, start_date=20240925T223234, end_date=20240925T223236
[2024-09-25T22:32:36.767+0000] {local_task_job_runner.py:266} INFO - Task exited with return code 0
[2024-09-25T22:32:36.808+0000] {taskinstance.py:3900} INFO - 0 downstream tasks scheduled from follow-on schedule check
[2024-09-25T22:32:36.815+0000] {local_task_job_runner.py:245} INFO - ::endgroup::
