[2024-09-25T22:31:44.536+0000] {local_task_job_runner.py:123} INFO - ::group::Pre task execution logs
[2024-09-25T22:31:44.618+0000] {taskinstance.py:2612} INFO - Dependencies all met for dep_context=non-requeueable deps ti=<TaskInstance: dag_with_postgres_hook_s3_v06.postgres_to_s3 scheduled__2022-08-27T00:00:00+00:00 [queued]>
[2024-09-25T22:31:44.671+0000] {taskinstance.py:2612} INFO - Dependencies all met for dep_context=requeueable deps ti=<TaskInstance: dag_with_postgres_hook_s3_v06.postgres_to_s3 scheduled__2022-08-27T00:00:00+00:00 [queued]>
[2024-09-25T22:31:44.672+0000] {taskinstance.py:2865} INFO - Starting attempt 1 of 1
[2024-09-25T22:31:44.746+0000] {taskinstance.py:2888} INFO - Executing <Task(PythonOperator): postgres_to_s3> on 2022-08-27 00:00:00+00:00
[2024-09-25T22:31:44.784+0000] {logging_mixin.py:190} WARNING - /home/***/.local/lib/python3.12/site-packages/***/task/task_runner/standard_task_runner.py:70 DeprecationWarning: This process (pid=119001) is multi-threaded, use of fork() may lead to deadlocks in the child.
[2024-09-25T22:31:44.792+0000] {standard_task_runner.py:72} INFO - Started process 119017 to run task
[2024-09-25T22:31:44.776+0000] {standard_task_runner.py:104} INFO - Running: ['***', 'tasks', 'run', 'dag_with_postgres_hook_s3_v06', 'postgres_to_s3', 'scheduled__2022-08-27T00:00:00+00:00', '--job-id', '731', '--raw', '--subdir', 'DAGS_FOLDER/dag_with_postgres_hooks_s3.py', '--cfg-path', '/tmp/tmpq243kfqk']
[2024-09-25T22:31:44.813+0000] {standard_task_runner.py:105} INFO - Job 731: Subtask postgres_to_s3
[2024-09-25T22:31:45.046+0000] {task_command.py:467} INFO - Running <TaskInstance: dag_with_postgres_hook_s3_v06.postgres_to_s3 scheduled__2022-08-27T00:00:00+00:00 [running]> on host 1e186c4a8a03
[2024-09-25T22:31:45.561+0000] {taskinstance.py:3131} INFO - Exporting env vars: AIRFLOW_CTX_DAG_OWNER='chin' AIRFLOW_CTX_DAG_ID='dag_with_postgres_hook_s3_v06' AIRFLOW_CTX_TASK_ID='postgres_to_s3' AIRFLOW_CTX_EXECUTION_DATE='2022-08-27T00:00:00+00:00' AIRFLOW_CTX_TRY_NUMBER='1' AIRFLOW_CTX_DAG_RUN_ID='scheduled__2022-08-27T00:00:00+00:00'
[2024-09-25T22:31:45.592+0000] {taskinstance.py:731} INFO - ::endgroup::
[2024-09-25T22:31:45.667+0000] {logging_mixin.py:190} WARNING - /home/***/.local/lib/python3.12/site-packages/***/utils/operator_helpers.py:175 AirflowContextDeprecationWarning: Accessing 'next_ds_nodash' from the template is deprecated and will be removed in a future version. Please use '{{ data_interval_end | ds_nodash }}' instead.
[2024-09-25T22:31:45.753+0000] {base.py:84} INFO - Retrieving connection 'postgres_local'
[2024-09-25T22:31:45.804+0000] {dag_with_postgres_hooks_s3.py:37} INFO - query b"select * from orders where date >='20220827' and date <= '20220828'":
[2024-09-25T22:31:45.813+0000] {dag_with_postgres_hooks_s3.py:38} INFO - cursor 0:
[2024-09-25T22:31:45.823+0000] {dag_with_postgres_hooks_s3.py:44} INFO - <cursor object at 0x7fc8837eb010; closed: 0>
[2024-09-25T22:31:45.827+0000] {dag_with_postgres_hooks_s3.py:50} INFO - Saved orders data in text file: dags/get_orders_20220827.txt
[2024-09-25T22:31:45.900+0000] {base.py:84} INFO - Retrieving connection 'minio_conn'
[2024-09-25T22:31:45.911+0000] {connection_wrapper.py:388} INFO - AWS Connection (conn_id='minio_conn', conn_type='aws') credentials retrieved from login and password.
[2024-09-25T22:31:47.636+0000] {dag_with_postgres_hooks_s3.py:62} INFO - Order file %s has been pushed to S3!, f.name
[2024-09-25T22:31:47.639+0000] {python.py:240} INFO - Done. Returned value was: None
[2024-09-25T22:31:47.783+0000] {taskinstance.py:340} INFO - ::group::Post task execution logs
[2024-09-25T22:31:47.797+0000] {taskinstance.py:352} INFO - Marking task as SUCCESS. dag_id=dag_with_postgres_hook_s3_v06, task_id=postgres_to_s3, run_id=scheduled__2022-08-27T00:00:00+00:00, execution_date=20220827T000000, start_date=20240925T223144, end_date=20240925T223147
[2024-09-25T22:31:48.103+0000] {local_task_job_runner.py:266} INFO - Task exited with return code 0
[2024-09-25T22:31:48.165+0000] {local_task_job_runner.py:245} INFO - ::endgroup::
