[2024-09-25T21:56:34.800+0000] {local_task_job_runner.py:123} INFO - ::group::Pre task execution logs
[2024-09-25T21:56:35.043+0000] {taskinstance.py:2612} INFO - Dependencies all met for dep_context=non-requeueable deps ti=<TaskInstance: dag_with_postgres_hook_s3_v05.postgres_to_s3 scheduled__2022-07-28T00:00:00+00:00 [queued]>
[2024-09-25T21:56:35.125+0000] {taskinstance.py:2612} INFO - Dependencies all met for dep_context=requeueable deps ti=<TaskInstance: dag_with_postgres_hook_s3_v05.postgres_to_s3 scheduled__2022-07-28T00:00:00+00:00 [queued]>
[2024-09-25T21:56:35.185+0000] {taskinstance.py:2865} INFO - Starting attempt 1 of 1
[2024-09-25T21:56:35.538+0000] {taskinstance.py:2888} INFO - Executing <Task(PythonOperator): postgres_to_s3> on 2022-07-28 00:00:00+00:00
[2024-09-25T21:56:35.612+0000] {logging_mixin.py:190} WARNING - /home/***/.local/lib/python3.12/site-packages/***/task/task_runner/standard_task_runner.py:70 DeprecationWarning: This process (pid=113655) is multi-threaded, use of fork() may lead to deadlocks in the child.
[2024-09-25T21:56:35.630+0000] {standard_task_runner.py:72} INFO - Started process 113686 to run task
[2024-09-25T21:56:35.627+0000] {standard_task_runner.py:104} INFO - Running: ['***', 'tasks', 'run', 'dag_with_postgres_hook_s3_v05', 'postgres_to_s3', 'scheduled__2022-07-28T00:00:00+00:00', '--job-id', '245', '--raw', '--subdir', 'DAGS_FOLDER/dag_with_postgres_hooks_s3.py', '--cfg-path', '/tmp/tmp519w8al3']
[2024-09-25T21:56:35.708+0000] {standard_task_runner.py:105} INFO - Job 245: Subtask postgres_to_s3
[2024-09-25T21:56:36.105+0000] {task_command.py:467} INFO - Running <TaskInstance: dag_with_postgres_hook_s3_v05.postgres_to_s3 scheduled__2022-07-28T00:00:00+00:00 [running]> on host 1e186c4a8a03
[2024-09-25T21:56:36.858+0000] {taskinstance.py:3131} INFO - Exporting env vars: AIRFLOW_CTX_DAG_OWNER='chin' AIRFLOW_CTX_DAG_ID='dag_with_postgres_hook_s3_v05' AIRFLOW_CTX_TASK_ID='postgres_to_s3' AIRFLOW_CTX_EXECUTION_DATE='2022-07-28T00:00:00+00:00' AIRFLOW_CTX_TRY_NUMBER='1' AIRFLOW_CTX_DAG_RUN_ID='scheduled__2022-07-28T00:00:00+00:00'
[2024-09-25T21:56:36.878+0000] {taskinstance.py:731} INFO - ::endgroup::
[2024-09-25T21:56:36.950+0000] {logging_mixin.py:190} WARNING - /home/***/.local/lib/python3.12/site-packages/***/utils/operator_helpers.py:175 AirflowContextDeprecationWarning: Accessing 'next_ds_nodash' from the template is deprecated and will be removed in a future version. Please use '{{ data_interval_end | ds_nodash }}' instead.
[2024-09-25T21:56:37.059+0000] {base.py:84} INFO - Retrieving connection 'postgres_local'
[2024-09-25T21:56:37.185+0000] {dag_with_postgres_hooks_s3.py:32} INFO - query b"select * from orders where date >='20220728' and date <= '20220729'":
[2024-09-25T21:56:37.205+0000] {dag_with_postgres_hooks_s3.py:33} INFO - cursor 0:
[2024-09-25T21:56:37.363+0000] {dag_with_postgres_hooks_s3.py:38} INFO - <cursor object at 0x7fc8837f6f20; closed: 0>
[2024-09-25T21:56:37.396+0000] {dag_with_postgres_hooks_s3.py:42} INFO - Saved orders data in text file: dags/get_orders_20220728.txt
[2024-09-25T21:56:37.447+0000] {base.py:84} INFO - Retrieving connection 'minio_conn'
[2024-09-25T21:56:37.456+0000] {connection_wrapper.py:388} INFO - AWS Connection (conn_id='minio_conn', conn_type='aws') credentials retrieved from login and password.
[2024-09-25T21:56:39.783+0000] {python.py:240} INFO - Done. Returned value was: None
[2024-09-25T21:56:39.823+0000] {taskinstance.py:340} INFO - ::group::Post task execution logs
[2024-09-25T21:56:39.829+0000] {taskinstance.py:352} INFO - Marking task as SUCCESS. dag_id=dag_with_postgres_hook_s3_v05, task_id=postgres_to_s3, run_id=scheduled__2022-07-28T00:00:00+00:00, execution_date=20220728T000000, start_date=20240925T215635, end_date=20240925T215639
[2024-09-25T21:56:39.915+0000] {local_task_job_runner.py:266} INFO - Task exited with return code 0
[2024-09-25T21:56:39.961+0000] {taskinstance.py:3900} INFO - 0 downstream tasks scheduled from follow-on schedule check
[2024-09-25T21:56:39.967+0000] {local_task_job_runner.py:245} INFO - ::endgroup::
