[2024-09-24T23:52:58.784+0000] {processor.py:186} INFO - Started process (PID=1771) to work on /opt/airflow/dags/dag_with_mino_s3_sensor.py
[2024-09-24T23:52:58.786+0000] {processor.py:914} INFO - Processing file /opt/airflow/dags/dag_with_mino_s3_sensor.py for tasks to queue
[2024-09-24T23:52:58.790+0000] {logging_mixin.py:190} INFO - [2024-09-24T23:52:58.790+0000] {dagbag.py:587} INFO - Filling up the DagBag from /opt/airflow/dags/dag_with_mino_s3_sensor.py
[2024-09-24T23:52:58.955+0000] {logging_mixin.py:190} INFO - [2024-09-24T23:52:58.898+0000] {dagbag.py:386} ERROR - Failed to import: /opt/airflow/dags/dag_with_mino_s3_sensor.py
Traceback (most recent call last):
  File "/home/airflow/.local/lib/python3.12/site-packages/airflow/models/dagbag.py", line 382, in parse
    loader.exec_module(new_module)
  File "<frozen importlib._bootstrap_external>", line 995, in exec_module
  File "<frozen importlib._bootstrap>", line 488, in _call_with_frames_removed
  File "/opt/airflow/dags/dag_with_mino_s3_sensor.py", line 11, in <module>
    from airflow.providers.amazon.aws.sensors.s3_key import S3KeySensor
ModuleNotFoundError: No module named 'airflow.providers.amazon.aws.sensors.s3_key'
[2024-09-24T23:52:58.959+0000] {processor.py:927} WARNING - No viable dags retrieved from /opt/airflow/dags/dag_with_mino_s3_sensor.py
[2024-09-24T23:52:59.004+0000] {processor.py:208} INFO - Processing /opt/airflow/dags/dag_with_mino_s3_sensor.py took 0.227 seconds
[2024-09-24T23:53:03.535+0000] {processor.py:186} INFO - Started process (PID=1791) to work on /opt/airflow/dags/dag_with_mino_s3_sensor.py
[2024-09-24T23:53:03.540+0000] {processor.py:914} INFO - Processing file /opt/airflow/dags/dag_with_mino_s3_sensor.py for tasks to queue
[2024-09-24T23:53:03.545+0000] {logging_mixin.py:190} INFO - [2024-09-24T23:53:03.545+0000] {dagbag.py:587} INFO - Filling up the DagBag from /opt/airflow/dags/dag_with_mino_s3_sensor.py
[2024-09-24T23:53:03.796+0000] {logging_mixin.py:190} INFO - [2024-09-24T23:53:03.753+0000] {dagbag.py:386} ERROR - Failed to import: /opt/airflow/dags/dag_with_mino_s3_sensor.py
Traceback (most recent call last):
  File "/home/airflow/.local/lib/python3.12/site-packages/airflow/models/dagbag.py", line 382, in parse
    loader.exec_module(new_module)
  File "<frozen importlib._bootstrap_external>", line 995, in exec_module
  File "<frozen importlib._bootstrap>", line 488, in _call_with_frames_removed
  File "/opt/airflow/dags/dag_with_mino_s3_sensor.py", line 11, in <module>
    from airflow.providers.amazon.aws.sensors.s3_key import S3KeySensor
ModuleNotFoundError: No module named 'airflow.providers.amazon.aws.sensors.s3_key'
[2024-09-24T23:53:03.802+0000] {processor.py:927} WARNING - No viable dags retrieved from /opt/airflow/dags/dag_with_mino_s3_sensor.py
[2024-09-24T23:53:03.833+0000] {processor.py:208} INFO - Processing /opt/airflow/dags/dag_with_mino_s3_sensor.py took 0.306 seconds
[2024-09-24T23:53:12.931+0000] {processor.py:186} INFO - Started process (PID=1804) to work on /opt/airflow/dags/dag_with_mino_s3_sensor.py
[2024-09-24T23:53:12.934+0000] {processor.py:914} INFO - Processing file /opt/airflow/dags/dag_with_mino_s3_sensor.py for tasks to queue
[2024-09-24T23:53:12.940+0000] {logging_mixin.py:190} INFO - [2024-09-24T23:53:12.939+0000] {dagbag.py:587} INFO - Filling up the DagBag from /opt/airflow/dags/dag_with_mino_s3_sensor.py
[2024-09-24T23:53:13.116+0000] {logging_mixin.py:190} INFO - [2024-09-24T23:53:13.090+0000] {dagbag.py:386} ERROR - Failed to import: /opt/airflow/dags/dag_with_mino_s3_sensor.py
Traceback (most recent call last):
  File "/home/airflow/.local/lib/python3.12/site-packages/airflow/models/dagbag.py", line 382, in parse
    loader.exec_module(new_module)
  File "<frozen importlib._bootstrap_external>", line 995, in exec_module
  File "<frozen importlib._bootstrap>", line 488, in _call_with_frames_removed
  File "/opt/airflow/dags/dag_with_mino_s3_sensor.py", line 12, in <module>
    from airflow.providers.amazon.aws.sensors.s3_key import S3KeySensor
ModuleNotFoundError: No module named 'airflow.providers.amazon.aws.sensors.s3_key'
[2024-09-24T23:53:13.123+0000] {processor.py:927} WARNING - No viable dags retrieved from /opt/airflow/dags/dag_with_mino_s3_sensor.py
[2024-09-24T23:53:13.172+0000] {processor.py:208} INFO - Processing /opt/airflow/dags/dag_with_mino_s3_sensor.py took 0.251 seconds
[2024-09-24T23:53:24.884+0000] {processor.py:186} INFO - Started process (PID=1809) to work on /opt/airflow/dags/dag_with_mino_s3_sensor.py
[2024-09-24T23:53:24.887+0000] {processor.py:914} INFO - Processing file /opt/airflow/dags/dag_with_mino_s3_sensor.py for tasks to queue
[2024-09-24T23:53:24.891+0000] {logging_mixin.py:190} INFO - [2024-09-24T23:53:24.891+0000] {dagbag.py:587} INFO - Filling up the DagBag from /opt/airflow/dags/dag_with_mino_s3_sensor.py
[2024-09-24T23:53:25.021+0000] {logging_mixin.py:190} INFO - [2024-09-24T23:53:25.002+0000] {dagbag.py:386} ERROR - Failed to import: /opt/airflow/dags/dag_with_mino_s3_sensor.py
Traceback (most recent call last):
  File "/home/airflow/.local/lib/python3.12/site-packages/airflow/models/dagbag.py", line 382, in parse
    loader.exec_module(new_module)
  File "<frozen importlib._bootstrap_external>", line 995, in exec_module
  File "<frozen importlib._bootstrap>", line 488, in _call_with_frames_removed
  File "/opt/airflow/dags/dag_with_mino_s3_sensor.py", line 12, in <module>
    from airflow.providers.amazon.aws.sensors.s3_key import S3KeySensor
ModuleNotFoundError: No module named 'airflow.providers.amazon.aws.sensors.s3_key'
[2024-09-24T23:53:25.025+0000] {processor.py:927} WARNING - No viable dags retrieved from /opt/airflow/dags/dag_with_mino_s3_sensor.py
[2024-09-24T23:53:25.051+0000] {processor.py:208} INFO - Processing /opt/airflow/dags/dag_with_mino_s3_sensor.py took 0.175 seconds
[2024-09-24T23:53:26.114+0000] {processor.py:186} INFO - Started process (PID=1814) to work on /opt/airflow/dags/dag_with_mino_s3_sensor.py
[2024-09-24T23:53:26.117+0000] {processor.py:914} INFO - Processing file /opt/airflow/dags/dag_with_mino_s3_sensor.py for tasks to queue
[2024-09-24T23:53:26.121+0000] {logging_mixin.py:190} INFO - [2024-09-24T23:53:26.121+0000] {dagbag.py:587} INFO - Filling up the DagBag from /opt/airflow/dags/dag_with_mino_s3_sensor.py
[2024-09-24T23:53:26.291+0000] {logging_mixin.py:190} INFO - [2024-09-24T23:53:26.264+0000] {dagbag.py:386} ERROR - Failed to import: /opt/airflow/dags/dag_with_mino_s3_sensor.py
Traceback (most recent call last):
  File "/home/airflow/.local/lib/python3.12/site-packages/airflow/models/dagbag.py", line 382, in parse
    loader.exec_module(new_module)
  File "<frozen importlib._bootstrap_external>", line 995, in exec_module
  File "<frozen importlib._bootstrap>", line 488, in _call_with_frames_removed
  File "/opt/airflow/dags/dag_with_mino_s3_sensor.py", line 12, in <module>
    from airflow.providers.amazon.aws.sensors.s3_key import S3KeySensor
ModuleNotFoundError: No module named 'airflow.providers.amazon.aws.sensors.s3_key'
[2024-09-24T23:53:26.296+0000] {processor.py:927} WARNING - No viable dags retrieved from /opt/airflow/dags/dag_with_mino_s3_sensor.py
[2024-09-24T23:53:26.339+0000] {processor.py:208} INFO - Processing /opt/airflow/dags/dag_with_mino_s3_sensor.py took 0.232 seconds
[2024-09-24T23:53:56.736+0000] {processor.py:186} INFO - Started process (PID=1852) to work on /opt/airflow/dags/dag_with_mino_s3_sensor.py
[2024-09-24T23:53:56.738+0000] {processor.py:914} INFO - Processing file /opt/airflow/dags/dag_with_mino_s3_sensor.py for tasks to queue
[2024-09-24T23:53:56.743+0000] {logging_mixin.py:190} INFO - [2024-09-24T23:53:56.742+0000] {dagbag.py:587} INFO - Filling up the DagBag from /opt/airflow/dags/dag_with_mino_s3_sensor.py
[2024-09-24T23:53:56.822+0000] {logging_mixin.py:190} INFO - [2024-09-24T23:53:56.798+0000] {dagbag.py:386} ERROR - Failed to import: /opt/airflow/dags/dag_with_mino_s3_sensor.py
Traceback (most recent call last):
  File "/home/airflow/.local/lib/python3.12/site-packages/airflow/models/dagbag.py", line 382, in parse
    loader.exec_module(new_module)
  File "<frozen importlib._bootstrap_external>", line 995, in exec_module
  File "<frozen importlib._bootstrap>", line 488, in _call_with_frames_removed
  File "/opt/airflow/dags/dag_with_mino_s3_sensor.py", line 12, in <module>
    from airflow.providers.amazon.aws.sensors.s3_key import S3KeySensor
ModuleNotFoundError: No module named 'airflow.providers.amazon.aws.sensors.s3_key'
[2024-09-24T23:53:56.827+0000] {processor.py:927} WARNING - No viable dags retrieved from /opt/airflow/dags/dag_with_mino_s3_sensor.py
[2024-09-24T23:53:56.860+0000] {processor.py:208} INFO - Processing /opt/airflow/dags/dag_with_mino_s3_sensor.py took 0.132 seconds
[2024-09-24T23:54:27.201+0000] {processor.py:186} INFO - Started process (PID=1890) to work on /opt/airflow/dags/dag_with_mino_s3_sensor.py
[2024-09-24T23:54:27.202+0000] {processor.py:914} INFO - Processing file /opt/airflow/dags/dag_with_mino_s3_sensor.py for tasks to queue
[2024-09-24T23:54:27.206+0000] {logging_mixin.py:190} INFO - [2024-09-24T23:54:27.205+0000] {dagbag.py:587} INFO - Filling up the DagBag from /opt/airflow/dags/dag_with_mino_s3_sensor.py
[2024-09-24T23:54:27.293+0000] {logging_mixin.py:190} INFO - [2024-09-24T23:54:27.272+0000] {dagbag.py:386} ERROR - Failed to import: /opt/airflow/dags/dag_with_mino_s3_sensor.py
Traceback (most recent call last):
  File "/home/airflow/.local/lib/python3.12/site-packages/airflow/models/dagbag.py", line 382, in parse
    loader.exec_module(new_module)
  File "<frozen importlib._bootstrap_external>", line 995, in exec_module
  File "<frozen importlib._bootstrap>", line 488, in _call_with_frames_removed
  File "/opt/airflow/dags/dag_with_mino_s3_sensor.py", line 12, in <module>
    from airflow.providers.amazon.aws.sensors.s3_key import S3KeySensor
ModuleNotFoundError: No module named 'airflow.providers.amazon.aws.sensors.s3_key'
[2024-09-24T23:54:27.297+0000] {processor.py:927} WARNING - No viable dags retrieved from /opt/airflow/dags/dag_with_mino_s3_sensor.py
[2024-09-24T23:54:27.321+0000] {processor.py:208} INFO - Processing /opt/airflow/dags/dag_with_mino_s3_sensor.py took 0.126 seconds
[2024-09-24T23:54:57.628+0000] {processor.py:186} INFO - Started process (PID=1928) to work on /opt/airflow/dags/dag_with_mino_s3_sensor.py
[2024-09-24T23:54:57.629+0000] {processor.py:914} INFO - Processing file /opt/airflow/dags/dag_with_mino_s3_sensor.py for tasks to queue
[2024-09-24T23:54:57.631+0000] {logging_mixin.py:190} INFO - [2024-09-24T23:54:57.631+0000] {dagbag.py:587} INFO - Filling up the DagBag from /opt/airflow/dags/dag_with_mino_s3_sensor.py
[2024-09-24T23:54:57.709+0000] {logging_mixin.py:190} INFO - [2024-09-24T23:54:57.692+0000] {dagbag.py:386} ERROR - Failed to import: /opt/airflow/dags/dag_with_mino_s3_sensor.py
Traceback (most recent call last):
  File "/home/airflow/.local/lib/python3.12/site-packages/airflow/models/dagbag.py", line 382, in parse
    loader.exec_module(new_module)
  File "<frozen importlib._bootstrap_external>", line 995, in exec_module
  File "<frozen importlib._bootstrap>", line 488, in _call_with_frames_removed
  File "/opt/airflow/dags/dag_with_mino_s3_sensor.py", line 12, in <module>
    from airflow.providers.amazon.aws.sensors.s3_key import S3KeySensor
ModuleNotFoundError: No module named 'airflow.providers.amazon.aws.sensors.s3_key'
[2024-09-24T23:54:57.712+0000] {processor.py:927} WARNING - No viable dags retrieved from /opt/airflow/dags/dag_with_mino_s3_sensor.py
[2024-09-24T23:54:57.740+0000] {processor.py:208} INFO - Processing /opt/airflow/dags/dag_with_mino_s3_sensor.py took 0.118 seconds
[2024-09-24T23:55:28.271+0000] {processor.py:186} INFO - Started process (PID=1966) to work on /opt/airflow/dags/dag_with_mino_s3_sensor.py
[2024-09-24T23:55:28.273+0000] {processor.py:914} INFO - Processing file /opt/airflow/dags/dag_with_mino_s3_sensor.py for tasks to queue
[2024-09-24T23:55:28.277+0000] {logging_mixin.py:190} INFO - [2024-09-24T23:55:28.277+0000] {dagbag.py:587} INFO - Filling up the DagBag from /opt/airflow/dags/dag_with_mino_s3_sensor.py
[2024-09-24T23:55:28.390+0000] {logging_mixin.py:190} INFO - [2024-09-24T23:55:28.362+0000] {dagbag.py:386} ERROR - Failed to import: /opt/airflow/dags/dag_with_mino_s3_sensor.py
Traceback (most recent call last):
  File "/home/airflow/.local/lib/python3.12/site-packages/airflow/models/dagbag.py", line 382, in parse
    loader.exec_module(new_module)
  File "<frozen importlib._bootstrap_external>", line 995, in exec_module
  File "<frozen importlib._bootstrap>", line 488, in _call_with_frames_removed
  File "/opt/airflow/dags/dag_with_mino_s3_sensor.py", line 12, in <module>
    from airflow.providers.amazon.aws.sensors.s3_key import S3KeySensor
ModuleNotFoundError: No module named 'airflow.providers.amazon.aws.sensors.s3_key'
[2024-09-24T23:55:28.395+0000] {processor.py:927} WARNING - No viable dags retrieved from /opt/airflow/dags/dag_with_mino_s3_sensor.py
[2024-09-24T23:55:28.426+0000] {processor.py:208} INFO - Processing /opt/airflow/dags/dag_with_mino_s3_sensor.py took 0.166 seconds
[2024-09-24T23:55:56.364+0000] {processor.py:186} INFO - Started process (PID=2004) to work on /opt/airflow/dags/dag_with_mino_s3_sensor.py
[2024-09-24T23:55:56.369+0000] {processor.py:914} INFO - Processing file /opt/airflow/dags/dag_with_mino_s3_sensor.py for tasks to queue
[2024-09-24T23:55:56.380+0000] {logging_mixin.py:190} INFO - [2024-09-24T23:55:56.379+0000] {dagbag.py:587} INFO - Filling up the DagBag from /opt/airflow/dags/dag_with_mino_s3_sensor.py
[2024-09-24T23:55:57.069+0000] {logging_mixin.py:190} INFO - [2024-09-24T23:55:57.019+0000] {dagbag.py:386} ERROR - Failed to import: /opt/airflow/dags/dag_with_mino_s3_sensor.py
Traceback (most recent call last):
  File "/home/airflow/.local/lib/python3.12/site-packages/airflow/models/dagbag.py", line 382, in parse
    loader.exec_module(new_module)
  File "<frozen importlib._bootstrap_external>", line 995, in exec_module
  File "<frozen importlib._bootstrap>", line 488, in _call_with_frames_removed
  File "/opt/airflow/dags/dag_with_mino_s3_sensor.py", line 13, in <module>
    from airfow import DAG
ModuleNotFoundError: No module named 'airfow'
[2024-09-24T23:55:57.079+0000] {processor.py:927} WARNING - No viable dags retrieved from /opt/airflow/dags/dag_with_mino_s3_sensor.py
[2024-09-24T23:55:57.121+0000] {processor.py:208} INFO - Processing /opt/airflow/dags/dag_with_mino_s3_sensor.py took 0.777 seconds
[2024-09-24T23:56:28.117+0000] {processor.py:186} INFO - Started process (PID=2042) to work on /opt/airflow/dags/dag_with_mino_s3_sensor.py
[2024-09-24T23:56:28.119+0000] {processor.py:914} INFO - Processing file /opt/airflow/dags/dag_with_mino_s3_sensor.py for tasks to queue
[2024-09-24T23:56:28.124+0000] {logging_mixin.py:190} INFO - [2024-09-24T23:56:28.124+0000] {dagbag.py:587} INFO - Filling up the DagBag from /opt/airflow/dags/dag_with_mino_s3_sensor.py
[2024-09-24T23:56:28.246+0000] {logging_mixin.py:190} INFO - [2024-09-24T23:56:28.217+0000] {dagbag.py:386} ERROR - Failed to import: /opt/airflow/dags/dag_with_mino_s3_sensor.py
Traceback (most recent call last):
  File "/home/airflow/.local/lib/python3.12/site-packages/airflow/models/dagbag.py", line 382, in parse
    loader.exec_module(new_module)
  File "<frozen importlib._bootstrap_external>", line 995, in exec_module
  File "<frozen importlib._bootstrap>", line 488, in _call_with_frames_removed
  File "/opt/airflow/dags/dag_with_mino_s3_sensor.py", line 13, in <module>
    from airfow import DAG
ModuleNotFoundError: No module named 'airfow'
[2024-09-24T23:56:28.254+0000] {processor.py:927} WARNING - No viable dags retrieved from /opt/airflow/dags/dag_with_mino_s3_sensor.py
[2024-09-24T23:56:28.281+0000] {processor.py:208} INFO - Processing /opt/airflow/dags/dag_with_mino_s3_sensor.py took 0.175 seconds
[2024-09-24T23:56:58.664+0000] {processor.py:186} INFO - Started process (PID=2080) to work on /opt/airflow/dags/dag_with_mino_s3_sensor.py
[2024-09-24T23:56:58.665+0000] {processor.py:914} INFO - Processing file /opt/airflow/dags/dag_with_mino_s3_sensor.py for tasks to queue
[2024-09-24T23:56:58.670+0000] {logging_mixin.py:190} INFO - [2024-09-24T23:56:58.670+0000] {dagbag.py:587} INFO - Filling up the DagBag from /opt/airflow/dags/dag_with_mino_s3_sensor.py
[2024-09-24T23:56:58.769+0000] {logging_mixin.py:190} INFO - [2024-09-24T23:56:58.743+0000] {dagbag.py:386} ERROR - Failed to import: /opt/airflow/dags/dag_with_mino_s3_sensor.py
Traceback (most recent call last):
  File "/home/airflow/.local/lib/python3.12/site-packages/airflow/models/dagbag.py", line 382, in parse
    loader.exec_module(new_module)
  File "<frozen importlib._bootstrap_external>", line 995, in exec_module
  File "<frozen importlib._bootstrap>", line 488, in _call_with_frames_removed
  File "/opt/airflow/dags/dag_with_mino_s3_sensor.py", line 13, in <module>
    from airfow import DAG
ModuleNotFoundError: No module named 'airfow'
[2024-09-24T23:56:58.775+0000] {processor.py:927} WARNING - No viable dags retrieved from /opt/airflow/dags/dag_with_mino_s3_sensor.py
[2024-09-24T23:56:58.804+0000] {processor.py:208} INFO - Processing /opt/airflow/dags/dag_with_mino_s3_sensor.py took 0.148 seconds
[2024-09-24T23:57:30.700+0000] {processor.py:186} INFO - Started process (PID=2118) to work on /opt/airflow/dags/dag_with_mino_s3_sensor.py
[2024-09-24T23:57:30.715+0000] {processor.py:914} INFO - Processing file /opt/airflow/dags/dag_with_mino_s3_sensor.py for tasks to queue
[2024-09-24T23:57:30.721+0000] {logging_mixin.py:190} INFO - [2024-09-24T23:57:30.720+0000] {dagbag.py:587} INFO - Filling up the DagBag from /opt/airflow/dags/dag_with_mino_s3_sensor.py
[2024-09-24T23:57:31.493+0000] {logging_mixin.py:190} INFO - [2024-09-24T23:57:31.153+0000] {dagbag.py:386} ERROR - Failed to import: /opt/airflow/dags/dag_with_mino_s3_sensor.py
Traceback (most recent call last):
  File "/home/airflow/.local/lib/python3.12/site-packages/airflow/models/dagbag.py", line 382, in parse
    loader.exec_module(new_module)
  File "<frozen importlib._bootstrap_external>", line 995, in exec_module
  File "<frozen importlib._bootstrap>", line 488, in _call_with_frames_removed
  File "/opt/airflow/dags/dag_with_mino_s3_sensor.py", line 13, in <module>
    from airfow import DAG
ModuleNotFoundError: No module named 'airfow'
[2024-09-24T23:57:31.500+0000] {processor.py:927} WARNING - No viable dags retrieved from /opt/airflow/dags/dag_with_mino_s3_sensor.py
[2024-09-24T23:57:31.539+0000] {processor.py:208} INFO - Processing /opt/airflow/dags/dag_with_mino_s3_sensor.py took 0.848 seconds
[2024-09-24T23:58:02.234+0000] {processor.py:186} INFO - Started process (PID=2156) to work on /opt/airflow/dags/dag_with_mino_s3_sensor.py
[2024-09-24T23:58:02.238+0000] {processor.py:914} INFO - Processing file /opt/airflow/dags/dag_with_mino_s3_sensor.py for tasks to queue
[2024-09-24T23:58:02.252+0000] {logging_mixin.py:190} INFO - [2024-09-24T23:58:02.251+0000] {dagbag.py:587} INFO - Filling up the DagBag from /opt/airflow/dags/dag_with_mino_s3_sensor.py
[2024-09-24T23:58:02.360+0000] {logging_mixin.py:190} INFO - [2024-09-24T23:58:02.335+0000] {dagbag.py:386} ERROR - Failed to import: /opt/airflow/dags/dag_with_mino_s3_sensor.py
Traceback (most recent call last):
  File "/home/airflow/.local/lib/python3.12/site-packages/airflow/models/dagbag.py", line 382, in parse
    loader.exec_module(new_module)
  File "<frozen importlib._bootstrap_external>", line 995, in exec_module
  File "<frozen importlib._bootstrap>", line 488, in _call_with_frames_removed
  File "/opt/airflow/dags/dag_with_mino_s3_sensor.py", line 13, in <module>
    from airfow import DAG
ModuleNotFoundError: No module named 'airfow'
[2024-09-24T23:58:02.367+0000] {processor.py:927} WARNING - No viable dags retrieved from /opt/airflow/dags/dag_with_mino_s3_sensor.py
[2024-09-24T23:58:02.421+0000] {processor.py:208} INFO - Processing /opt/airflow/dags/dag_with_mino_s3_sensor.py took 0.200 seconds
[2024-09-24T23:58:33.292+0000] {processor.py:186} INFO - Started process (PID=2194) to work on /opt/airflow/dags/dag_with_mino_s3_sensor.py
[2024-09-24T23:58:33.303+0000] {processor.py:914} INFO - Processing file /opt/airflow/dags/dag_with_mino_s3_sensor.py for tasks to queue
[2024-09-24T23:58:33.312+0000] {logging_mixin.py:190} INFO - [2024-09-24T23:58:33.312+0000] {dagbag.py:587} INFO - Filling up the DagBag from /opt/airflow/dags/dag_with_mino_s3_sensor.py
[2024-09-24T23:58:34.329+0000] {logging_mixin.py:190} INFO - [2024-09-24T23:58:33.711+0000] {dagbag.py:386} ERROR - Failed to import: /opt/airflow/dags/dag_with_mino_s3_sensor.py
Traceback (most recent call last):
  File "/home/airflow/.local/lib/python3.12/site-packages/airflow/models/dagbag.py", line 382, in parse
    loader.exec_module(new_module)
  File "<frozen importlib._bootstrap_external>", line 995, in exec_module
  File "<frozen importlib._bootstrap>", line 488, in _call_with_frames_removed
  File "/opt/airflow/dags/dag_with_mino_s3_sensor.py", line 13, in <module>
    from airfow import DAG
ModuleNotFoundError: No module named 'airfow'
[2024-09-24T23:58:34.725+0000] {processor.py:927} WARNING - No viable dags retrieved from /opt/airflow/dags/dag_with_mino_s3_sensor.py
[2024-09-24T23:58:34.862+0000] {processor.py:208} INFO - Processing /opt/airflow/dags/dag_with_mino_s3_sensor.py took 1.588 seconds
[2024-09-24T23:58:41.178+0000] {processor.py:186} INFO - Started process (PID=2214) to work on /opt/airflow/dags/dag_with_mino_s3_sensor.py
[2024-09-24T23:58:41.227+0000] {processor.py:914} INFO - Processing file /opt/airflow/dags/dag_with_mino_s3_sensor.py for tasks to queue
[2024-09-24T23:58:41.233+0000] {logging_mixin.py:190} INFO - [2024-09-24T23:58:41.232+0000] {dagbag.py:587} INFO - Filling up the DagBag from /opt/airflow/dags/dag_with_mino_s3_sensor.py
[2024-09-24T23:58:41.458+0000] {logging_mixin.py:190} INFO - [2024-09-24T23:58:41.455+0000] {dagbag.py:386} ERROR - Failed to import: /opt/airflow/dags/dag_with_mino_s3_sensor.py
Traceback (most recent call last):
  File "/home/airflow/.local/lib/python3.12/site-packages/airflow/models/dagbag.py", line 382, in parse
    loader.exec_module(new_module)
  File "<frozen importlib._bootstrap_external>", line 991, in exec_module
  File "<frozen importlib._bootstrap_external>", line 1129, in get_code
  File "<frozen importlib._bootstrap_external>", line 1059, in source_to_code
  File "<frozen importlib._bootstrap>", line 488, in _call_with_frames_removed
  File "/opt/airflow/dags/dag_with_mino_s3_sensor.py", line 27
    )
    ^
SyntaxError: positional argument follows keyword argument
[2024-09-24T23:58:41.469+0000] {processor.py:927} WARNING - No viable dags retrieved from /opt/airflow/dags/dag_with_mino_s3_sensor.py
[2024-09-24T23:58:41.507+0000] {processor.py:208} INFO - Processing /opt/airflow/dags/dag_with_mino_s3_sensor.py took 0.340 seconds
[2024-09-24T23:58:43.395+0000] {processor.py:186} INFO - Started process (PID=2219) to work on /opt/airflow/dags/dag_with_mino_s3_sensor.py
[2024-09-24T23:58:43.396+0000] {processor.py:914} INFO - Processing file /opt/airflow/dags/dag_with_mino_s3_sensor.py for tasks to queue
[2024-09-24T23:58:43.403+0000] {logging_mixin.py:190} INFO - [2024-09-24T23:58:43.402+0000] {dagbag.py:587} INFO - Filling up the DagBag from /opt/airflow/dags/dag_with_mino_s3_sensor.py
[2024-09-24T23:58:43.532+0000] {logging_mixin.py:190} INFO - [2024-09-24T23:58:43.530+0000] {dagbag.py:386} ERROR - Failed to import: /opt/airflow/dags/dag_with_mino_s3_sensor.py
Traceback (most recent call last):
  File "/home/airflow/.local/lib/python3.12/site-packages/airflow/models/dagbag.py", line 382, in parse
    loader.exec_module(new_module)
  File "<frozen importlib._bootstrap_external>", line 991, in exec_module
  File "<frozen importlib._bootstrap_external>", line 1129, in get_code
  File "<frozen importlib._bootstrap_external>", line 1059, in source_to_code
  File "<frozen importlib._bootstrap>", line 488, in _call_with_frames_removed
  File "/opt/airflow/dags/dag_with_mino_s3_sensor.py", line 26
    aws_conn_id=
    ^^^^^^^^^^^^
SyntaxError: expected argument value expression
[2024-09-24T23:58:43.535+0000] {processor.py:927} WARNING - No viable dags retrieved from /opt/airflow/dags/dag_with_mino_s3_sensor.py
[2024-09-24T23:58:43.598+0000] {processor.py:208} INFO - Processing /opt/airflow/dags/dag_with_mino_s3_sensor.py took 0.215 seconds
[2024-09-24T23:59:14.966+0000] {processor.py:186} INFO - Started process (PID=2257) to work on /opt/airflow/dags/dag_with_mino_s3_sensor.py
[2024-09-24T23:59:14.973+0000] {processor.py:914} INFO - Processing file /opt/airflow/dags/dag_with_mino_s3_sensor.py for tasks to queue
[2024-09-24T23:59:14.979+0000] {logging_mixin.py:190} INFO - [2024-09-24T23:59:14.978+0000] {dagbag.py:587} INFO - Filling up the DagBag from /opt/airflow/dags/dag_with_mino_s3_sensor.py
[2024-09-24T23:59:15.520+0000] {logging_mixin.py:190} INFO - [2024-09-24T23:59:15.518+0000] {dagbag.py:386} ERROR - Failed to import: /opt/airflow/dags/dag_with_mino_s3_sensor.py
Traceback (most recent call last):
  File "/home/airflow/.local/lib/python3.12/site-packages/airflow/models/dagbag.py", line 382, in parse
    loader.exec_module(new_module)
  File "<frozen importlib._bootstrap_external>", line 991, in exec_module
  File "<frozen importlib._bootstrap_external>", line 1129, in get_code
  File "<frozen importlib._bootstrap_external>", line 1059, in source_to_code
  File "<frozen importlib._bootstrap>", line 488, in _call_with_frames_removed
  File "/opt/airflow/dags/dag_with_mino_s3_sensor.py", line 26
    aws_conn_id=
    ^^^^^^^^^^^^
SyntaxError: expected argument value expression
[2024-09-24T23:59:15.549+0000] {processor.py:927} WARNING - No viable dags retrieved from /opt/airflow/dags/dag_with_mino_s3_sensor.py
[2024-09-24T23:59:15.622+0000] {processor.py:208} INFO - Processing /opt/airflow/dags/dag_with_mino_s3_sensor.py took 0.666 seconds
[2024-09-24T23:59:53.413+0000] {processor.py:186} INFO - Started process (PID=2293) to work on /opt/airflow/dags/dag_with_mino_s3_sensor.py
[2024-09-24T23:59:53.597+0000] {processor.py:914} INFO - Processing file /opt/airflow/dags/dag_with_mino_s3_sensor.py for tasks to queue
[2024-09-24T23:59:53.921+0000] {logging_mixin.py:190} INFO - [2024-09-24T23:59:53.920+0000] {dagbag.py:587} INFO - Filling up the DagBag from /opt/airflow/dags/dag_with_mino_s3_sensor.py
[2024-09-24T23:59:56.407+0000] {logging_mixin.py:190} INFO - [2024-09-24T23:59:56.403+0000] {dagbag.py:386} ERROR - Failed to import: /opt/airflow/dags/dag_with_mino_s3_sensor.py
Traceback (most recent call last):
  File "/home/airflow/.local/lib/python3.12/site-packages/airflow/models/dagbag.py", line 382, in parse
    loader.exec_module(new_module)
  File "<frozen importlib._bootstrap_external>", line 991, in exec_module
  File "<frozen importlib._bootstrap_external>", line 1129, in get_code
  File "<frozen importlib._bootstrap_external>", line 1059, in source_to_code
  File "<frozen importlib._bootstrap>", line 488, in _call_with_frames_removed
  File "/opt/airflow/dags/dag_with_mino_s3_sensor.py", line 26
    aws_conn_id=
    ^^^^^^^^^^^^
SyntaxError: expected argument value expression
[2024-09-24T23:59:56.410+0000] {processor.py:927} WARNING - No viable dags retrieved from /opt/airflow/dags/dag_with_mino_s3_sensor.py
[2024-09-24T23:59:56.511+0000] {processor.py:208} INFO - Processing /opt/airflow/dags/dag_with_mino_s3_sensor.py took 3.127 seconds
