[2024-09-25T21:28:03.936+0000] {local_task_job_runner.py:123} INFO - ::group::Pre task execution logs
[2024-09-25T21:28:04.069+0000] {taskinstance.py:2612} INFO - Dependencies all met for dep_context=non-requeueable deps ti=<TaskInstance: dag_with_postgres_hook_s3_v04.postgres_to_s3 scheduled__2022-05-22T00:00:00+00:00 [queued]>
[2024-09-25T21:28:04.159+0000] {taskinstance.py:2612} INFO - Dependencies all met for dep_context=requeueable deps ti=<TaskInstance: dag_with_postgres_hook_s3_v04.postgres_to_s3 scheduled__2022-05-22T00:00:00+00:00 [queued]>
[2024-09-25T21:28:04.179+0000] {taskinstance.py:2865} INFO - Starting attempt 1 of 1
[2024-09-25T21:28:04.574+0000] {taskinstance.py:2888} INFO - Executing <Task(PythonOperator): postgres_to_s3> on 2022-05-22 00:00:00+00:00
[2024-09-25T21:28:04.677+0000] {logging_mixin.py:190} WARNING - /home/***/.local/lib/python3.12/site-packages/***/task/task_runner/standard_task_runner.py:70 DeprecationWarning: This process (pid=110767) is multi-threaded, use of fork() may lead to deadlocks in the child.
[2024-09-25T21:28:04.699+0000] {standard_task_runner.py:72} INFO - Started process 110787 to run task
[2024-09-25T21:28:04.705+0000] {standard_task_runner.py:104} INFO - Running: ['***', 'tasks', 'run', 'dag_with_postgres_hook_s3_v04', 'postgres_to_s3', 'scheduled__2022-05-22T00:00:00+00:00', '--job-id', '127', '--raw', '--subdir', 'DAGS_FOLDER/dag_with_postgres_hooks_s3.py', '--cfg-path', '/tmp/tmpyoxntiox']
[2024-09-25T21:28:04.746+0000] {standard_task_runner.py:105} INFO - Job 127: Subtask postgres_to_s3
[2024-09-25T21:28:05.769+0000] {task_command.py:467} INFO - Running <TaskInstance: dag_with_postgres_hook_s3_v04.postgres_to_s3 scheduled__2022-05-22T00:00:00+00:00 [running]> on host 1e186c4a8a03
[2024-09-25T21:28:06.851+0000] {taskinstance.py:3131} INFO - Exporting env vars: AIRFLOW_CTX_DAG_OWNER='chin' AIRFLOW_CTX_DAG_ID='dag_with_postgres_hook_s3_v04' AIRFLOW_CTX_TASK_ID='postgres_to_s3' AIRFLOW_CTX_EXECUTION_DATE='2022-05-22T00:00:00+00:00' AIRFLOW_CTX_TRY_NUMBER='1' AIRFLOW_CTX_DAG_RUN_ID='scheduled__2022-05-22T00:00:00+00:00'
[2024-09-25T21:28:06.904+0000] {taskinstance.py:731} INFO - ::endgroup::
[2024-09-25T21:28:07.069+0000] {logging_mixin.py:190} WARNING - /home/***/.local/lib/python3.12/site-packages/***/utils/operator_helpers.py:175 AirflowContextDeprecationWarning: Accessing 'next_ds_nodash' from the template is deprecated and will be removed in a future version. Please use '{{ data_interval_end | ds_nodash }}' instead.
[2024-09-25T21:28:07.314+0000] {base.py:84} INFO - Retrieving connection 'postgres_local'
[2024-09-25T21:28:07.443+0000] {dag_with_postgres_hooks_s3.py:36} INFO - query b"select * from orders where date >='20220522' and date <= '20220523'":
[2024-09-25T21:28:07.515+0000] {dag_with_postgres_hooks_s3.py:37} INFO - cursor 19:
[2024-09-25T21:28:08.191+0000] {dag_with_postgres_hooks_s3.py:42} INFO - <cursor object at 0x7fc8836ec6d0; closed: 0>
[2024-09-25T21:28:08.546+0000] {dag_with_postgres_hooks_s3.py:46} INFO - Saved orders data in text file: dags/get_orders_20220522.txt
[2024-09-25T21:28:08.646+0000] {base.py:84} INFO - Retrieving connection 'minio_conn'
[2024-09-25T21:28:08.666+0000] {connection_wrapper.py:388} INFO - AWS Connection (conn_id='minio_conn', conn_type='aws') credentials retrieved from login and password.
[2024-09-25T21:28:17.104+0000] {python.py:240} INFO - Done. Returned value was: None
[2024-09-25T21:28:17.151+0000] {taskinstance.py:340} INFO - ::group::Post task execution logs
[2024-09-25T21:28:17.168+0000] {taskinstance.py:352} INFO - Marking task as SUCCESS. dag_id=dag_with_postgres_hook_s3_v04, task_id=postgres_to_s3, run_id=scheduled__2022-05-22T00:00:00+00:00, execution_date=20220522T000000, start_date=20240925T212804, end_date=20240925T212817
[2024-09-25T21:28:17.270+0000] {local_task_job_runner.py:266} INFO - Task exited with return code 0
[2024-09-25T21:28:17.356+0000] {taskinstance.py:3900} INFO - 0 downstream tasks scheduled from follow-on schedule check
[2024-09-25T21:28:17.394+0000] {local_task_job_runner.py:245} INFO - ::endgroup::
