[2024-09-25T22:36:45.347+0000] {local_task_job_runner.py:123} INFO - ::group::Pre task execution logs
[2024-09-25T22:36:45.408+0000] {taskinstance.py:2612} INFO - Dependencies all met for dep_context=non-requeueable deps ti=<TaskInstance: dag_with_postgres_hook_s3_v06.postgres_to_s3 scheduled__2023-08-22T00:00:00+00:00 [queued]>
[2024-09-25T22:36:45.452+0000] {taskinstance.py:2612} INFO - Dependencies all met for dep_context=requeueable deps ti=<TaskInstance: dag_with_postgres_hook_s3_v06.postgres_to_s3 scheduled__2023-08-22T00:00:00+00:00 [queued]>
[2024-09-25T22:36:45.454+0000] {taskinstance.py:2865} INFO - Starting attempt 1 of 1
[2024-09-25T22:36:45.556+0000] {taskinstance.py:2888} INFO - Executing <Task(PythonOperator): postgres_to_s3> on 2023-08-22 00:00:00+00:00
[2024-09-25T22:36:45.614+0000] {logging_mixin.py:190} WARNING - /home/***/.local/lib/python3.12/site-packages/***/task/task_runner/standard_task_runner.py:70 DeprecationWarning: This process (pid=121213) is multi-threaded, use of fork() may lead to deadlocks in the child.
[2024-09-25T22:36:45.618+0000] {standard_task_runner.py:72} INFO - Started process 121224 to run task
[2024-09-25T22:36:45.615+0000] {standard_task_runner.py:104} INFO - Running: ['***', 'tasks', 'run', 'dag_with_postgres_hook_s3_v06', 'postgres_to_s3', 'scheduled__2023-08-22T00:00:00+00:00', '--job-id', '1091', '--raw', '--subdir', 'DAGS_FOLDER/dag_with_postgres_hooks_s3.py', '--cfg-path', '/tmp/tmpcs9pztlc']
[2024-09-25T22:36:45.638+0000] {standard_task_runner.py:105} INFO - Job 1091: Subtask postgres_to_s3
[2024-09-25T22:36:45.955+0000] {task_command.py:467} INFO - Running <TaskInstance: dag_with_postgres_hook_s3_v06.postgres_to_s3 scheduled__2023-08-22T00:00:00+00:00 [running]> on host 1e186c4a8a03
[2024-09-25T22:36:46.467+0000] {taskinstance.py:3131} INFO - Exporting env vars: AIRFLOW_CTX_DAG_OWNER='chin' AIRFLOW_CTX_DAG_ID='dag_with_postgres_hook_s3_v06' AIRFLOW_CTX_TASK_ID='postgres_to_s3' AIRFLOW_CTX_EXECUTION_DATE='2023-08-22T00:00:00+00:00' AIRFLOW_CTX_TRY_NUMBER='1' AIRFLOW_CTX_DAG_RUN_ID='scheduled__2023-08-22T00:00:00+00:00'
[2024-09-25T22:36:46.568+0000] {taskinstance.py:731} INFO - ::endgroup::
[2024-09-25T22:36:46.662+0000] {logging_mixin.py:190} WARNING - /home/***/.local/lib/python3.12/site-packages/***/utils/operator_helpers.py:175 AirflowContextDeprecationWarning: Accessing 'next_ds_nodash' from the template is deprecated and will be removed in a future version. Please use '{{ data_interval_end | ds_nodash }}' instead.
[2024-09-25T22:36:46.752+0000] {base.py:84} INFO - Retrieving connection 'postgres_local'
[2024-09-25T22:36:46.851+0000] {dag_with_postgres_hooks_s3.py:37} INFO - query b"select * from orders where date >='20230822' and date <= '20230823'":
[2024-09-25T22:36:46.865+0000] {dag_with_postgres_hooks_s3.py:38} INFO - cursor 0:
[2024-09-25T22:36:46.897+0000] {dag_with_postgres_hooks_s3.py:44} INFO - <cursor object at 0x7fc8837eae30; closed: 0>
[2024-09-25T22:36:46.910+0000] {dag_with_postgres_hooks_s3.py:50} INFO - Saved orders data in text file: dags/get_orders_20230822.txt
[2024-09-25T22:36:47.007+0000] {base.py:84} INFO - Retrieving connection 'minio_conn'
[2024-09-25T22:36:47.033+0000] {connection_wrapper.py:388} INFO - AWS Connection (conn_id='minio_conn', conn_type='aws') credentials retrieved from login and password.
[2024-09-25T22:36:48.209+0000] {dag_with_postgres_hooks_s3.py:62} INFO - Order file %s has been pushed to S3!, f.name
[2024-09-25T22:36:48.279+0000] {python.py:240} INFO - Done. Returned value was: None
[2024-09-25T22:36:48.386+0000] {taskinstance.py:340} INFO - ::group::Post task execution logs
[2024-09-25T22:36:48.403+0000] {taskinstance.py:352} INFO - Marking task as SUCCESS. dag_id=dag_with_postgres_hook_s3_v06, task_id=postgres_to_s3, run_id=scheduled__2023-08-22T00:00:00+00:00, execution_date=20230822T000000, start_date=20240925T223645, end_date=20240925T223648
[2024-09-25T22:36:48.518+0000] {local_task_job_runner.py:266} INFO - Task exited with return code 0
[2024-09-25T22:36:48.611+0000] {local_task_job_runner.py:245} INFO - ::endgroup::
