[2024-09-20T21:32:28.156+0000] {local_task_job_runner.py:123} INFO - ::group::Pre task execution logs
[2024-09-20T21:32:28.209+0000] {taskinstance.py:2612} INFO - Dependencies all met for dep_context=non-requeueable deps ti=<TaskInstance: first_dag_v3.third_task manual__2024-09-20T21:16:52.190624+00:00 [queued]>
[2024-09-20T21:32:28.389+0000] {taskinstance.py:2612} INFO - Dependencies all met for dep_context=requeueable deps ti=<TaskInstance: first_dag_v3.third_task manual__2024-09-20T21:16:52.190624+00:00 [queued]>
[2024-09-20T21:32:28.514+0000] {taskinstance.py:2865} INFO - Starting attempt 1 of 6
[2024-09-20T21:32:28.618+0000] {taskinstance.py:2888} INFO - Executing <Task(BashOperator): third_task> on 2024-09-20 21:16:52.190624+00:00
[2024-09-20T21:32:28.703+0000] {logging_mixin.py:190} WARNING - /home/***/.local/lib/python3.12/site-packages/***/task/task_runner/standard_task_runner.py:70 DeprecationWarning: This process (pid=864) is multi-threaded, use of fork() may lead to deadlocks in the child.
[2024-09-20T21:32:28.701+0000] {standard_task_runner.py:104} INFO - Running: ['***', 'tasks', 'run', 'first_dag_v3', 'third_task', 'manual__2024-09-20T21:16:52.190624+00:00', '--job-id', '7', '--raw', '--subdir', 'DAGS_FOLDER/first_dag.py', '--cfg-path', '/tmp/tmp1jon4sqc']
[2024-09-20T21:32:28.811+0000] {standard_task_runner.py:72} INFO - Started process 867 to run task
[2024-09-20T21:32:28.895+0000] {standard_task_runner.py:105} INFO - Job 7: Subtask third_task
[2024-09-20T21:32:29.408+0000] {task_command.py:467} INFO - Running <TaskInstance: first_dag_v3.third_task manual__2024-09-20T21:16:52.190624+00:00 [running]> on host a6a086fd5bbf
[2024-09-20T21:32:29.782+0000] {taskinstance.py:3131} INFO - Exporting env vars: AIRFLOW_CTX_DAG_OWNER='Chin' AIRFLOW_CTX_DAG_ID='first_dag_v3' AIRFLOW_CTX_TASK_ID='third_task' AIRFLOW_CTX_EXECUTION_DATE='2024-09-20T21:16:52.190624+00:00' AIRFLOW_CTX_TRY_NUMBER='1' AIRFLOW_CTX_DAG_RUN_ID='manual__2024-09-20T21:16:52.190624+00:00'
[2024-09-20T21:32:29.831+0000] {taskinstance.py:731} INFO - ::endgroup::
[2024-09-20T21:32:29.906+0000] {subprocess.py:63} INFO - Tmp dir root location: /tmp
[2024-09-20T21:32:29.945+0000] {subprocess.py:75} INFO - Running command: ['/usr/bin/bash', '-c', 'echo hey, I am task3 and will be running after task1']
[2024-09-20T21:32:30.045+0000] {subprocess.py:86} INFO - Output:
[2024-09-20T21:32:30.081+0000] {subprocess.py:93} INFO - hey, I am task3 and will be running after task1
[2024-09-20T21:32:30.110+0000] {subprocess.py:97} INFO - Command exited with return code 0
[2024-09-20T21:32:30.230+0000] {taskinstance.py:340} INFO - ::group::Post task execution logs
[2024-09-20T21:32:30.311+0000] {taskinstance.py:352} INFO - Marking task as SUCCESS. dag_id=first_dag_v3, task_id=third_task, run_id=manual__2024-09-20T21:16:52.190624+00:00, execution_date=20240920T211652, start_date=20240920T213228, end_date=20240920T213230
[2024-09-20T21:32:30.732+0000] {local_task_job_runner.py:266} INFO - Task exited with return code 0
[2024-09-20T21:32:30.955+0000] {taskinstance.py:3900} INFO - 0 downstream tasks scheduled from follow-on schedule check
[2024-09-20T21:32:31.032+0000] {local_task_job_runner.py:245} INFO - ::endgroup::
