[2024-09-25T22:30:00.027+0000] {local_task_job_runner.py:123} INFO - ::group::Pre task execution logs
[2024-09-25T22:30:00.120+0000] {taskinstance.py:2612} INFO - Dependencies all met for dep_context=non-requeueable deps ti=<TaskInstance: dag_with_postgres_hook_s3_v06.postgres_to_s3 scheduled__2022-05-06T00:00:00+00:00 [queued]>
[2024-09-25T22:30:00.160+0000] {taskinstance.py:2612} INFO - Dependencies all met for dep_context=requeueable deps ti=<TaskInstance: dag_with_postgres_hook_s3_v06.postgres_to_s3 scheduled__2022-05-06T00:00:00+00:00 [queued]>
[2024-09-25T22:30:00.162+0000] {taskinstance.py:2865} INFO - Starting attempt 1 of 1
[2024-09-25T22:30:00.344+0000] {taskinstance.py:2888} INFO - Executing <Task(PythonOperator): postgres_to_s3> on 2022-05-06 00:00:00+00:00
[2024-09-25T22:30:00.583+0000] {logging_mixin.py:190} WARNING - /home/***/.local/lib/python3.12/site-packages/***/task/task_runner/standard_task_runner.py:70 DeprecationWarning: This process (pid=118264) is multi-threaded, use of fork() may lead to deadlocks in the child.
[2024-09-25T22:30:00.588+0000] {standard_task_runner.py:72} INFO - Started process 118323 to run task
[2024-09-25T22:30:00.594+0000] {standard_task_runner.py:104} INFO - Running: ['***', 'tasks', 'run', 'dag_with_postgres_hook_s3_v06', 'postgres_to_s3', 'scheduled__2022-05-06T00:00:00+00:00', '--job-id', '623', '--raw', '--subdir', 'DAGS_FOLDER/dag_with_postgres_hooks_s3.py', '--cfg-path', '/tmp/tmpg8d00mrg']
[2024-09-25T22:30:00.609+0000] {standard_task_runner.py:105} INFO - Job 623: Subtask postgres_to_s3
[2024-09-25T22:30:01.418+0000] {task_command.py:467} INFO - Running <TaskInstance: dag_with_postgres_hook_s3_v06.postgres_to_s3 scheduled__2022-05-06T00:00:00+00:00 [running]> on host 1e186c4a8a03
[2024-09-25T22:30:02.736+0000] {taskinstance.py:3131} INFO - Exporting env vars: AIRFLOW_CTX_DAG_OWNER='chin' AIRFLOW_CTX_DAG_ID='dag_with_postgres_hook_s3_v06' AIRFLOW_CTX_TASK_ID='postgres_to_s3' AIRFLOW_CTX_EXECUTION_DATE='2022-05-06T00:00:00+00:00' AIRFLOW_CTX_TRY_NUMBER='1' AIRFLOW_CTX_DAG_RUN_ID='scheduled__2022-05-06T00:00:00+00:00'
[2024-09-25T22:30:02.774+0000] {taskinstance.py:731} INFO - ::endgroup::
[2024-09-25T22:30:03.056+0000] {logging_mixin.py:190} WARNING - /home/***/.local/lib/python3.12/site-packages/***/utils/operator_helpers.py:175 AirflowContextDeprecationWarning: Accessing 'next_ds_nodash' from the template is deprecated and will be removed in a future version. Please use '{{ data_interval_end | ds_nodash }}' instead.
[2024-09-25T22:30:03.274+0000] {base.py:84} INFO - Retrieving connection 'postgres_local'
[2024-09-25T22:30:03.473+0000] {dag_with_postgres_hooks_s3.py:37} INFO - query b"select * from orders where date >='20220506' and date <= '20220507'":
[2024-09-25T22:30:03.479+0000] {dag_with_postgres_hooks_s3.py:38} INFO - cursor 16:
[2024-09-25T22:30:03.492+0000] {dag_with_postgres_hooks_s3.py:44} INFO - <cursor object at 0x7fc8837e7010; closed: 0>
[2024-09-25T22:30:03.502+0000] {dag_with_postgres_hooks_s3.py:50} INFO - Saved orders data in text file: dags/get_orders_20220506.txt
[2024-09-25T22:30:03.924+0000] {base.py:84} INFO - Retrieving connection 'minio_conn'
[2024-09-25T22:30:03.937+0000] {connection_wrapper.py:388} INFO - AWS Connection (conn_id='minio_conn', conn_type='aws') credentials retrieved from login and password.
[2024-09-25T22:30:08.921+0000] {dag_with_postgres_hooks_s3.py:62} INFO - Order file %s has been pushed to S3!, f.name
[2024-09-25T22:30:08.977+0000] {python.py:240} INFO - Done. Returned value was: None
[2024-09-25T22:30:09.531+0000] {taskinstance.py:340} INFO - ::group::Post task execution logs
[2024-09-25T22:30:09.558+0000] {taskinstance.py:352} INFO - Marking task as SUCCESS. dag_id=dag_with_postgres_hook_s3_v06, task_id=postgres_to_s3, run_id=scheduled__2022-05-06T00:00:00+00:00, execution_date=20220506T000000, start_date=20240925T223000, end_date=20240925T223009
[2024-09-25T22:30:09.723+0000] {local_task_job_runner.py:266} INFO - Task exited with return code 0
[2024-09-25T22:30:09.800+0000] {taskinstance.py:3900} INFO - 0 downstream tasks scheduled from follow-on schedule check
[2024-09-25T22:30:09.872+0000] {local_task_job_runner.py:245} INFO - ::endgroup::
