[2024-09-25T22:03:15.616+0000] {local_task_job_runner.py:123} INFO - ::group::Pre task execution logs
[2024-09-25T22:03:15.722+0000] {taskinstance.py:2612} INFO - Dependencies all met for dep_context=non-requeueable deps ti=<TaskInstance: dag_with_postgres_hook_s3_v05.postgres_to_s3 scheduled__2023-05-07T00:00:00+00:00 [queued]>
[2024-09-25T22:03:15.778+0000] {taskinstance.py:2612} INFO - Dependencies all met for dep_context=requeueable deps ti=<TaskInstance: dag_with_postgres_hook_s3_v05.postgres_to_s3 scheduled__2023-05-07T00:00:00+00:00 [queued]>
[2024-09-25T22:03:15.801+0000] {taskinstance.py:2865} INFO - Starting attempt 1 of 1
[2024-09-25T22:03:18.503+0000] {taskinstance.py:2888} INFO - Executing <Task(PythonOperator): postgres_to_s3> on 2023-05-07 00:00:00+00:00
[2024-09-25T22:03:18.570+0000] {standard_task_runner.py:104} INFO - Running: ['***', 'tasks', 'run', 'dag_with_postgres_hook_s3_v05', 'postgres_to_s3', 'scheduled__2023-05-07T00:00:00+00:00', '--job-id', '526', '--raw', '--subdir', 'DAGS_FOLDER/dag_with_postgres_hooks_s3.py', '--cfg-path', '/tmp/tmpxi4d6pr7']
[2024-09-25T22:03:18.573+0000] {logging_mixin.py:190} WARNING - /home/***/.local/lib/python3.12/site-packages/***/task/task_runner/standard_task_runner.py:70 DeprecationWarning: This process (pid=115606) is multi-threaded, use of fork() may lead to deadlocks in the child.
[2024-09-25T22:03:18.582+0000] {standard_task_runner.py:105} INFO - Job 526: Subtask postgres_to_s3
[2024-09-25T22:03:18.583+0000] {standard_task_runner.py:72} INFO - Started process 115624 to run task
[2024-09-25T22:03:18.974+0000] {task_command.py:467} INFO - Running <TaskInstance: dag_with_postgres_hook_s3_v05.postgres_to_s3 scheduled__2023-05-07T00:00:00+00:00 [running]> on host 1e186c4a8a03
[2024-09-25T22:03:20.045+0000] {taskinstance.py:3131} INFO - Exporting env vars: AIRFLOW_CTX_DAG_OWNER='chin' AIRFLOW_CTX_DAG_ID='dag_with_postgres_hook_s3_v05' AIRFLOW_CTX_TASK_ID='postgres_to_s3' AIRFLOW_CTX_EXECUTION_DATE='2023-05-07T00:00:00+00:00' AIRFLOW_CTX_TRY_NUMBER='1' AIRFLOW_CTX_DAG_RUN_ID='scheduled__2023-05-07T00:00:00+00:00'
[2024-09-25T22:03:20.053+0000] {taskinstance.py:731} INFO - ::endgroup::
[2024-09-25T22:03:20.226+0000] {logging_mixin.py:190} WARNING - /home/***/.local/lib/python3.12/site-packages/***/utils/operator_helpers.py:175 AirflowContextDeprecationWarning: Accessing 'next_ds_nodash' from the template is deprecated and will be removed in a future version. Please use '{{ data_interval_end | ds_nodash }}' instead.
[2024-09-25T22:03:20.325+0000] {base.py:84} INFO - Retrieving connection 'postgres_local'
[2024-09-25T22:03:20.465+0000] {dag_with_postgres_hooks_s3.py:37} INFO - query b"select * from orders where date >='20230507' and date <= '20230508'":
[2024-09-25T22:03:20.479+0000] {dag_with_postgres_hooks_s3.py:38} INFO - cursor 0:
[2024-09-25T22:03:20.500+0000] {dag_with_postgres_hooks_s3.py:44} INFO - <cursor object at 0x7fc8837faf20; closed: 0>
[2024-09-25T22:03:20.516+0000] {dag_with_postgres_hooks_s3.py:50} INFO - Saved orders data in text file: dags/get_orders_20230507.txt
[2024-09-25T22:03:20.616+0000] {base.py:84} INFO - Retrieving connection 'minio_conn'
[2024-09-25T22:03:20.620+0000] {connection_wrapper.py:388} INFO - AWS Connection (conn_id='minio_conn', conn_type='aws') credentials retrieved from login and password.
[2024-09-25T22:03:22.827+0000] {dag_with_postgres_hooks_s3.py:62} INFO - Order file %s has been pushed to S3!, f.name
[2024-09-25T22:03:22.831+0000] {python.py:240} INFO - Done. Returned value was: None
[2024-09-25T22:03:22.883+0000] {taskinstance.py:340} INFO - ::group::Post task execution logs
[2024-09-25T22:03:22.909+0000] {taskinstance.py:352} INFO - Marking task as SUCCESS. dag_id=dag_with_postgres_hook_s3_v05, task_id=postgres_to_s3, run_id=scheduled__2023-05-07T00:00:00+00:00, execution_date=20230507T000000, start_date=20240925T220315, end_date=20240925T220322
[2024-09-25T22:03:23.161+0000] {local_task_job_runner.py:266} INFO - Task exited with return code 0
[2024-09-25T22:03:23.219+0000] {taskinstance.py:3900} INFO - 0 downstream tasks scheduled from follow-on schedule check
[2024-09-25T22:03:23.236+0000] {local_task_job_runner.py:245} INFO - ::endgroup::
