[2024-09-23T21:40:40.343+0000] {local_task_job_runner.py:123} INFO - ::group::Pre task execution logs
[2024-09-23T21:40:40.383+0000] {taskinstance.py:2612} INFO - Dependencies all met for dep_context=non-requeueable deps ti=<TaskInstance: dag_with_postgres_operator_v04.delete_data_from_table manual__2024-09-23T21:40:35.838297+00:00 [queued]>
[2024-09-23T21:40:40.408+0000] {taskinstance.py:2612} INFO - Dependencies all met for dep_context=requeueable deps ti=<TaskInstance: dag_with_postgres_operator_v04.delete_data_from_table manual__2024-09-23T21:40:35.838297+00:00 [queued]>
[2024-09-23T21:40:40.410+0000] {taskinstance.py:2865} INFO - Starting attempt 1 of 1
[2024-09-23T21:40:40.444+0000] {taskinstance.py:2888} INFO - Executing <Task(PostgresOperator): delete_data_from_table> on 2024-09-23 21:40:35.838297+00:00
[2024-09-23T21:40:40.464+0000] {standard_task_runner.py:104} INFO - Running: ['***', 'tasks', 'run', 'dag_with_postgres_operator_v04', 'delete_data_from_table', 'manual__2024-09-23T21:40:35.838297+00:00', '--job-id', '23', '--raw', '--subdir', 'DAGS_FOLDER/dag_with_postgres_operator.py', '--cfg-path', '/tmp/tmpk7dbeszv']
[2024-09-23T21:40:40.470+0000] {standard_task_runner.py:105} INFO - Job 23: Subtask delete_data_from_table
[2024-09-23T21:40:40.474+0000] {logging_mixin.py:190} WARNING - /home/***/.local/lib/python3.12/site-packages/***/task/task_runner/standard_task_runner.py:70 DeprecationWarning: This process (pid=9413) is multi-threaded, use of fork() may lead to deadlocks in the child.
[2024-09-23T21:40:40.475+0000] {standard_task_runner.py:72} INFO - Started process 9414 to run task
[2024-09-23T21:40:40.594+0000] {task_command.py:467} INFO - Running <TaskInstance: dag_with_postgres_operator_v04.delete_data_from_table manual__2024-09-23T21:40:35.838297+00:00 [running]> on host 1e186c4a8a03
[2024-09-23T21:40:40.802+0000] {taskinstance.py:3131} INFO - Exporting env vars: AIRFLOW_CTX_DAG_OWNER='chin' AIRFLOW_CTX_DAG_ID='dag_with_postgres_operator_v04' AIRFLOW_CTX_TASK_ID='delete_data_from_table' AIRFLOW_CTX_EXECUTION_DATE='2024-09-23T21:40:35.838297+00:00' AIRFLOW_CTX_TRY_NUMBER='1' AIRFLOW_CTX_DAG_RUN_ID='manual__2024-09-23T21:40:35.838297+00:00'
[2024-09-23T21:40:40.808+0000] {taskinstance.py:731} INFO - ::endgroup::
[2024-09-23T21:40:40.860+0000] {sql.py:266} INFO - Executing: 
            delete from dag_runs where dt = '2024-09-23' and dag_id = 'dag_with_postgres_operator_v04'
        
[2024-09-23T21:40:40.880+0000] {base.py:84} INFO - Retrieving connection 'postgres_local'
[2024-09-23T21:40:40.906+0000] {base.py:84} INFO - Retrieving connection 'postgres_local'
[2024-09-23T21:40:40.920+0000] {sql.py:509} INFO - Running statement: 
            delete from dag_runs where dt = '2024-09-23' and dag_id = 'dag_with_postgres_operator_v04'
        , parameters: None
[2024-09-23T21:40:40.926+0000] {sql.py:518} INFO - Rows affected: 0
[2024-09-23T21:40:40.945+0000] {taskinstance.py:340} INFO - ::group::Post task execution logs
[2024-09-23T21:40:40.947+0000] {taskinstance.py:352} INFO - Marking task as SUCCESS. dag_id=dag_with_postgres_operator_v04, task_id=delete_data_from_table, run_id=manual__2024-09-23T21:40:35.838297+00:00, execution_date=20240923T214035, start_date=20240923T214040, end_date=20240923T214040
[2024-09-23T21:40:40.978+0000] {local_task_job_runner.py:266} INFO - Task exited with return code 0
[2024-09-23T21:40:40.996+0000] {logging_mixin.py:190} WARNING - /home/***/.local/lib/python3.12/site-packages/***/models/baseoperator.py:1378 AirflowProviderDeprecationWarning: Call to deprecated class PostgresOperator. (Please use `***.providers.common.sql.operators.sql.SQLExecuteQueryOperator`.Also, you can provide `hook_params={'schema': <database>}`.)
[2024-09-23T21:40:41.016+0000] {taskinstance.py:3900} INFO - 1 downstream tasks scheduled from follow-on schedule check
[2024-09-23T21:40:41.022+0000] {local_task_job_runner.py:245} INFO - ::endgroup::
