[2024-09-23T02:10:48.381+0000] {local_task_job_runner.py:123} INFO - ::group::Pre task execution logs
[2024-09-23T02:10:48.428+0000] {taskinstance.py:2612} INFO - Dependencies all met for dep_context=non-requeueable deps ti=<TaskInstance: dag_with_catchup_backfill_v01.1.task1 scheduled__2024-09-13T00:00:00+00:00 [queued]>
[2024-09-23T02:10:48.473+0000] {taskinstance.py:2612} INFO - Dependencies all met for dep_context=requeueable deps ti=<TaskInstance: dag_with_catchup_backfill_v01.1.task1 scheduled__2024-09-13T00:00:00+00:00 [queued]>
[2024-09-23T02:10:48.487+0000] {taskinstance.py:2865} INFO - Starting attempt 1 of 6
[2024-09-23T02:10:48.534+0000] {taskinstance.py:2888} INFO - Executing <Task(BashOperator): task1> on 2024-09-13 00:00:00+00:00
[2024-09-23T02:10:48.556+0000] {logging_mixin.py:190} WARNING - /home/***/.local/lib/python3.12/site-packages/***/task/task_runner/standard_task_runner.py:70 DeprecationWarning: This process (pid=5625) is multi-threaded, use of fork() may lead to deadlocks in the child.
[2024-09-23T02:10:48.556+0000] {standard_task_runner.py:104} INFO - Running: ['***', 'tasks', 'run', 'dag_with_catchup_backfill_v01.1', 'task1', 'scheduled__2024-09-13T00:00:00+00:00', '--job-id', '50', '--raw', '--subdir', 'DAGS_FOLDER/dag_with_catchup_and_backfill.py', '--cfg-path', '/tmp/tmphncng3c1']
[2024-09-23T02:10:48.573+0000] {standard_task_runner.py:105} INFO - Job 50: Subtask task1
[2024-09-23T02:10:48.566+0000] {standard_task_runner.py:72} INFO - Started process 5630 to run task
[2024-09-23T02:10:48.812+0000] {task_command.py:467} INFO - Running <TaskInstance: dag_with_catchup_backfill_v01.1.task1 scheduled__2024-09-13T00:00:00+00:00 [running]> on host a6a086fd5bbf
[2024-09-23T02:10:49.101+0000] {taskinstance.py:3131} INFO - Exporting env vars: AIRFLOW_CTX_DAG_OWNER='chin' AIRFLOW_CTX_DAG_ID='dag_with_catchup_backfill_v01.1' AIRFLOW_CTX_TASK_ID='task1' AIRFLOW_CTX_EXECUTION_DATE='2024-09-13T00:00:00+00:00' AIRFLOW_CTX_TRY_NUMBER='1' AIRFLOW_CTX_DAG_RUN_ID='scheduled__2024-09-13T00:00:00+00:00'
[2024-09-23T02:10:49.106+0000] {taskinstance.py:731} INFO - ::endgroup::
[2024-09-23T02:10:49.165+0000] {subprocess.py:63} INFO - Tmp dir root location: /tmp
[2024-09-23T02:10:49.379+0000] {subprocess.py:75} INFO - Running command: ['/usr/bin/bash', '-c', 'echo this is a simple batch command!']
[2024-09-23T02:10:49.493+0000] {subprocess.py:86} INFO - Output:
[2024-09-23T02:10:49.517+0000] {subprocess.py:93} INFO - this is a simple batch command!
[2024-09-23T02:10:49.553+0000] {subprocess.py:97} INFO - Command exited with return code 0
[2024-09-23T02:10:49.645+0000] {taskinstance.py:340} INFO - ::group::Post task execution logs
[2024-09-23T02:10:49.649+0000] {taskinstance.py:352} INFO - Marking task as SUCCESS. dag_id=dag_with_catchup_backfill_v01.1, task_id=task1, run_id=scheduled__2024-09-13T00:00:00+00:00, execution_date=20240913T000000, start_date=20240923T021048, end_date=20240923T021049
[2024-09-23T02:10:49.958+0000] {local_task_job_runner.py:266} INFO - Task exited with return code 0
[2024-09-23T02:10:50.021+0000] {taskinstance.py:3900} INFO - 0 downstream tasks scheduled from follow-on schedule check
[2024-09-23T02:10:50.033+0000] {local_task_job_runner.py:245} INFO - ::endgroup::
