[2024-09-25T21:27:02.466+0000] {local_task_job_runner.py:123} INFO - ::group::Pre task execution logs
[2024-09-25T21:27:03.617+0000] {taskinstance.py:2612} INFO - Dependencies all met for dep_context=non-requeueable deps ti=<TaskInstance: dag_with_postgres_hook_s3_v04.postgres_to_s3 scheduled__2022-05-08T00:00:00+00:00 [queued]>
[2024-09-25T21:27:04.253+0000] {taskinstance.py:2612} INFO - Dependencies all met for dep_context=requeueable deps ti=<TaskInstance: dag_with_postgres_hook_s3_v04.postgres_to_s3 scheduled__2022-05-08T00:00:00+00:00 [queued]>
[2024-09-25T21:27:04.317+0000] {taskinstance.py:2865} INFO - Starting attempt 1 of 1
[2024-09-25T21:27:04.645+0000] {taskinstance.py:2888} INFO - Executing <Task(PythonOperator): postgres_to_s3> on 2022-05-08 00:00:00+00:00
[2024-09-25T21:27:05.141+0000] {logging_mixin.py:190} WARNING - /home/***/.local/lib/python3.12/site-packages/***/task/task_runner/standard_task_runner.py:70 DeprecationWarning: This process (pid=110588) is multi-threaded, use of fork() may lead to deadlocks in the child.
[2024-09-25T21:27:05.189+0000] {standard_task_runner.py:72} INFO - Started process 110657 to run task
[2024-09-25T21:27:05.601+0000] {standard_task_runner.py:104} INFO - Running: ['***', 'tasks', 'run', 'dag_with_postgres_hook_s3_v04', 'postgres_to_s3', 'scheduled__2022-05-08T00:00:00+00:00', '--job-id', '112', '--raw', '--subdir', 'DAGS_FOLDER/dag_with_postgres_hooks_s3.py', '--cfg-path', '/tmp/tmpncmjx49o']
[2024-09-25T21:27:05.636+0000] {standard_task_runner.py:105} INFO - Job 112: Subtask postgres_to_s3
[2024-09-25T21:27:14.044+0000] {job.py:229} INFO - Heartbeat recovered after 13.01 seconds
[2024-09-25T21:27:14.378+0000] {task_command.py:467} INFO - Running <TaskInstance: dag_with_postgres_hook_s3_v04.postgres_to_s3 scheduled__2022-05-08T00:00:00+00:00 [running]> on host 1e186c4a8a03
[2024-09-25T21:27:16.950+0000] {taskinstance.py:3131} INFO - Exporting env vars: AIRFLOW_CTX_DAG_OWNER='chin' AIRFLOW_CTX_DAG_ID='dag_with_postgres_hook_s3_v04' AIRFLOW_CTX_TASK_ID='postgres_to_s3' AIRFLOW_CTX_EXECUTION_DATE='2022-05-08T00:00:00+00:00' AIRFLOW_CTX_TRY_NUMBER='1' AIRFLOW_CTX_DAG_RUN_ID='scheduled__2022-05-08T00:00:00+00:00'
[2024-09-25T21:27:16.997+0000] {taskinstance.py:731} INFO - ::endgroup::
[2024-09-25T21:27:17.392+0000] {logging_mixin.py:190} WARNING - /home/***/.local/lib/python3.12/site-packages/***/utils/operator_helpers.py:175 AirflowContextDeprecationWarning: Accessing 'tomorrow_ds_nodash' from the template is deprecated and will be removed in a future version.
[2024-09-25T21:27:17.691+0000] {base.py:84} INFO - Retrieving connection 'postgres_local'
[2024-09-25T21:27:18.319+0000] {dag_with_postgres_hooks_s3.py:36} INFO - query b"select * from orders where date >='20220508' and date <= '20220509'":
[2024-09-25T21:27:18.330+0000] {dag_with_postgres_hooks_s3.py:37} INFO - cursor 24:
[2024-09-25T21:27:18.405+0000] {dag_with_postgres_hooks_s3.py:42} INFO - <cursor object at 0x7fc8836e47c0; closed: 0>
[2024-09-25T21:27:18.419+0000] {dag_with_postgres_hooks_s3.py:46} INFO - Saved orders data in text file: dags/get_orders_20220508.txt
[2024-09-25T21:27:18.651+0000] {base.py:84} INFO - Retrieving connection 'minio_conn'
[2024-09-25T21:27:18.656+0000] {connection_wrapper.py:388} INFO - AWS Connection (conn_id='minio_conn', conn_type='aws') credentials retrieved from login and password.
[2024-09-25T21:27:37.387+0000] {python.py:240} INFO - Done. Returned value was: None
[2024-09-25T21:27:37.457+0000] {taskinstance.py:340} INFO - ::group::Post task execution logs
[2024-09-25T21:27:37.470+0000] {taskinstance.py:352} INFO - Marking task as SUCCESS. dag_id=dag_with_postgres_hook_s3_v04, task_id=postgres_to_s3, run_id=scheduled__2022-05-08T00:00:00+00:00, execution_date=20220508T000000, start_date=20240925T212704, end_date=20240925T212737
[2024-09-25T21:27:37.645+0000] {local_task_job_runner.py:266} INFO - Task exited with return code 0
[2024-09-25T21:27:37.724+0000] {local_task_job_runner.py:245} INFO - ::endgroup::
