[2024-09-23T02:13:24.293+0000] {local_task_job_runner.py:123} INFO - ::group::Pre task execution logs
[2024-09-23T02:13:24.340+0000] {taskinstance.py:2612} INFO - Dependencies all met for dep_context=non-requeueable deps ti=<TaskInstance: dag_with_catchup_backfill_v01.2.task1 scheduled__2024-09-13T00:00:00+00:00 [queued]>
[2024-09-23T02:13:24.362+0000] {taskinstance.py:2612} INFO - Dependencies all met for dep_context=requeueable deps ti=<TaskInstance: dag_with_catchup_backfill_v01.2.task1 scheduled__2024-09-13T00:00:00+00:00 [queued]>
[2024-09-23T02:13:24.369+0000] {taskinstance.py:2865} INFO - Starting attempt 1 of 6
[2024-09-23T02:13:24.438+0000] {taskinstance.py:2888} INFO - Executing <Task(BashOperator): task1> on 2024-09-13 00:00:00+00:00
[2024-09-23T02:13:24.458+0000] {standard_task_runner.py:104} INFO - Running: ['***', 'tasks', 'run', 'dag_with_catchup_backfill_v01.2', 'task1', 'scheduled__2024-09-13T00:00:00+00:00', '--job-id', '60', '--raw', '--subdir', 'DAGS_FOLDER/dag_with_catchup_and_backfill.py', '--cfg-path', '/tmp/tmpvlmiofar']
[2024-09-23T02:13:24.471+0000] {logging_mixin.py:190} WARNING - /home/***/.local/lib/python3.12/site-packages/***/task/task_runner/standard_task_runner.py:70 DeprecationWarning: This process (pid=5799) is multi-threaded, use of fork() may lead to deadlocks in the child.
[2024-09-23T02:13:24.478+0000] {standard_task_runner.py:72} INFO - Started process 5804 to run task
[2024-09-23T02:13:24.474+0000] {standard_task_runner.py:105} INFO - Job 60: Subtask task1
[2024-09-23T02:13:24.745+0000] {task_command.py:467} INFO - Running <TaskInstance: dag_with_catchup_backfill_v01.2.task1 scheduled__2024-09-13T00:00:00+00:00 [running]> on host a6a086fd5bbf
[2024-09-23T02:13:25.047+0000] {taskinstance.py:3131} INFO - Exporting env vars: AIRFLOW_CTX_DAG_OWNER='chin' AIRFLOW_CTX_DAG_ID='dag_with_catchup_backfill_v01.2' AIRFLOW_CTX_TASK_ID='task1' AIRFLOW_CTX_EXECUTION_DATE='2024-09-13T00:00:00+00:00' AIRFLOW_CTX_TRY_NUMBER='1' AIRFLOW_CTX_DAG_RUN_ID='scheduled__2024-09-13T00:00:00+00:00'
[2024-09-23T02:13:25.057+0000] {taskinstance.py:731} INFO - ::endgroup::
[2024-09-23T02:13:25.093+0000] {subprocess.py:63} INFO - Tmp dir root location: /tmp
[2024-09-23T02:13:25.098+0000] {subprocess.py:75} INFO - Running command: ['/usr/bin/bash', '-c', 'echo this is a simple batch command!']
[2024-09-23T02:13:25.119+0000] {subprocess.py:86} INFO - Output:
[2024-09-23T02:13:25.151+0000] {subprocess.py:93} INFO - this is a simple batch command!
[2024-09-23T02:13:25.206+0000] {subprocess.py:97} INFO - Command exited with return code 0
[2024-09-23T02:13:25.367+0000] {taskinstance.py:340} INFO - ::group::Post task execution logs
[2024-09-23T02:13:25.403+0000] {taskinstance.py:352} INFO - Marking task as SUCCESS. dag_id=dag_with_catchup_backfill_v01.2, task_id=task1, run_id=scheduled__2024-09-13T00:00:00+00:00, execution_date=20240913T000000, start_date=20240923T021324, end_date=20240923T021325
[2024-09-23T02:13:25.522+0000] {local_task_job_runner.py:266} INFO - Task exited with return code 0
[2024-09-23T02:13:25.588+0000] {taskinstance.py:3900} INFO - 0 downstream tasks scheduled from follow-on schedule check
[2024-09-23T02:13:25.601+0000] {local_task_job_runner.py:245} INFO - ::endgroup::
