[2024-09-24T00:00:04.987+0000] {local_task_job_runner.py:123} INFO - ::group::Pre task execution logs
[2024-09-24T00:00:05.007+0000] {taskinstance.py:2612} INFO - Dependencies all met for dep_context=non-requeueable deps ti=<TaskInstance: dag_with_postgres_operator_v04.insert_into_table scheduled__2024-09-23T00:00:00+00:00 [queued]>
[2024-09-24T00:00:05.018+0000] {taskinstance.py:2612} INFO - Dependencies all met for dep_context=requeueable deps ti=<TaskInstance: dag_with_postgres_operator_v04.insert_into_table scheduled__2024-09-23T00:00:00+00:00 [queued]>
[2024-09-24T00:00:05.019+0000] {taskinstance.py:2865} INFO - Starting attempt 1 of 1
[2024-09-24T00:00:05.037+0000] {taskinstance.py:2888} INFO - Executing <Task(PostgresOperator): insert_into_table> on 2024-09-23 00:00:00+00:00
[2024-09-24T00:00:05.045+0000] {standard_task_runner.py:104} INFO - Running: ['***', 'tasks', 'run', 'dag_with_postgres_operator_v04', 'insert_into_table', 'scheduled__2024-09-23T00:00:00+00:00', '--job-id', '30', '--raw', '--subdir', 'DAGS_FOLDER/dag_with_postgres_operator.py', '--cfg-path', '/tmp/tmp30f34k29']
[2024-09-24T00:00:05.048+0000] {standard_task_runner.py:105} INFO - Job 30: Subtask insert_into_table
[2024-09-24T00:00:05.048+0000] {logging_mixin.py:190} WARNING - /home/***/.local/lib/python3.12/site-packages/***/task/task_runner/standard_task_runner.py:70 DeprecationWarning: This process (pid=18392) is multi-threaded, use of fork() may lead to deadlocks in the child.
[2024-09-24T00:00:05.050+0000] {standard_task_runner.py:72} INFO - Started process 18393 to run task
[2024-09-24T00:00:05.109+0000] {task_command.py:467} INFO - Running <TaskInstance: dag_with_postgres_operator_v04.insert_into_table scheduled__2024-09-23T00:00:00+00:00 [running]> on host 1e186c4a8a03
[2024-09-24T00:00:05.252+0000] {taskinstance.py:3131} INFO - Exporting env vars: AIRFLOW_CTX_DAG_OWNER='chin' AIRFLOW_CTX_DAG_ID='dag_with_postgres_operator_v04' AIRFLOW_CTX_TASK_ID='insert_into_table' AIRFLOW_CTX_EXECUTION_DATE='2024-09-23T00:00:00+00:00' AIRFLOW_CTX_TRY_NUMBER='1' AIRFLOW_CTX_DAG_RUN_ID='scheduled__2024-09-23T00:00:00+00:00'
[2024-09-24T00:00:05.253+0000] {taskinstance.py:731} INFO - ::endgroup::
[2024-09-24T00:00:05.269+0000] {sql.py:266} INFO - Executing: 
            insert into dag_runs (dt, dag_id) values ('2024-09-23','dag_with_postgres_operator_v04')
        
[2024-09-24T00:00:05.278+0000] {base.py:84} INFO - Retrieving connection 'postgres_local'
[2024-09-24T00:00:05.288+0000] {base.py:84} INFO - Retrieving connection 'postgres_local'
[2024-09-24T00:00:05.298+0000] {sql.py:509} INFO - Running statement: 
            insert into dag_runs (dt, dag_id) values ('2024-09-23','dag_with_postgres_operator_v04')
        , parameters: None
[2024-09-24T00:00:05.301+0000] {sql.py:518} INFO - Rows affected: 1
[2024-09-24T00:00:05.317+0000] {taskinstance.py:340} INFO - ::group::Post task execution logs
[2024-09-24T00:00:05.318+0000] {taskinstance.py:352} INFO - Marking task as SUCCESS. dag_id=dag_with_postgres_operator_v04, task_id=insert_into_table, run_id=scheduled__2024-09-23T00:00:00+00:00, execution_date=20240923T000000, start_date=20240924T000005, end_date=20240924T000005
[2024-09-24T00:00:05.346+0000] {local_task_job_runner.py:266} INFO - Task exited with return code 0
[2024-09-24T00:00:05.366+0000] {taskinstance.py:3900} INFO - 0 downstream tasks scheduled from follow-on schedule check
[2024-09-24T00:00:05.375+0000] {local_task_job_runner.py:245} INFO - ::endgroup::
