[2024-09-23T18:19:47.197+0000] {processor.py:186} INFO - Started process (PID=26732) to work on /opt/airflow/dags/dag_connect_with_postgre.py
[2024-09-23T18:19:47.200+0000] {processor.py:914} INFO - Processing file /opt/airflow/dags/dag_connect_with_postgre.py for tasks to queue
[2024-09-23T18:19:47.202+0000] {logging_mixin.py:190} INFO - [2024-09-23T18:19:47.202+0000] {dagbag.py:587} INFO - Filling up the DagBag from /opt/airflow/dags/dag_connect_with_postgre.py
[2024-09-23T18:19:47.435+0000] {logging_mixin.py:190} INFO - [2024-09-23T18:19:47.420+0000] {dagbag.py:386} ERROR - Failed to import: /opt/airflow/dags/dag_connect_with_postgre.py
Traceback (most recent call last):
  File "/home/airflow/.local/lib/python3.12/site-packages/airflow/models/dagbag.py", line 382, in parse
    loader.exec_module(new_module)
  File "<frozen importlib._bootstrap_external>", line 991, in exec_module
  File "<frozen importlib._bootstrap_external>", line 1129, in get_code
  File "<frozen importlib._bootstrap_external>", line 1059, in source_to_code
  File "<frozen importlib._bootstrap>", line 488, in _call_with_frames_removed
  File "/opt/airflow/dags/dag_connect_with_postgre.py", line 13
    open DAG(
         ^^^
SyntaxError: invalid syntax
[2024-09-23T18:19:47.452+0000] {processor.py:927} WARNING - No viable dags retrieved from /opt/airflow/dags/dag_connect_with_postgre.py
[2024-09-23T18:19:47.545+0000] {processor.py:208} INFO - Processing /opt/airflow/dags/dag_connect_with_postgre.py took 0.359 seconds
[2024-09-23T18:19:50.358+0000] {processor.py:186} INFO - Started process (PID=26747) to work on /opt/airflow/dags/dag_connect_with_postgre.py
[2024-09-23T18:19:50.361+0000] {processor.py:914} INFO - Processing file /opt/airflow/dags/dag_connect_with_postgre.py for tasks to queue
[2024-09-23T18:19:50.366+0000] {logging_mixin.py:190} INFO - [2024-09-23T18:19:50.365+0000] {dagbag.py:587} INFO - Filling up the DagBag from /opt/airflow/dags/dag_connect_with_postgre.py
[2024-09-23T18:19:50.520+0000] {logging_mixin.py:190} INFO - [2024-09-23T18:19:50.517+0000] {dagbag.py:386} ERROR - Failed to import: /opt/airflow/dags/dag_connect_with_postgre.py
Traceback (most recent call last):
  File "/home/airflow/.local/lib/python3.12/site-packages/airflow/models/dagbag.py", line 382, in parse
    loader.exec_module(new_module)
  File "<frozen importlib._bootstrap_external>", line 991, in exec_module
  File "<frozen importlib._bootstrap_external>", line 1129, in get_code
  File "<frozen importlib._bootstrap_external>", line 1059, in source_to_code
  File "<frozen importlib._bootstrap>", line 488, in _call_with_frames_removed
  File "/opt/airflow/dags/dag_connect_with_postgre.py", line 13
    open DAG(
         ^^^
SyntaxError: invalid syntax
[2024-09-23T18:19:50.524+0000] {processor.py:927} WARNING - No viable dags retrieved from /opt/airflow/dags/dag_connect_with_postgre.py
[2024-09-23T18:19:50.592+0000] {processor.py:208} INFO - Processing /opt/airflow/dags/dag_connect_with_postgre.py took 0.247 seconds
[2024-09-23T18:19:54.434+0000] {processor.py:186} INFO - Started process (PID=26754) to work on /opt/airflow/dags/dag_connect_with_postgre.py
[2024-09-23T18:19:54.439+0000] {processor.py:914} INFO - Processing file /opt/airflow/dags/dag_connect_with_postgre.py for tasks to queue
[2024-09-23T18:19:54.449+0000] {logging_mixin.py:190} INFO - [2024-09-23T18:19:54.448+0000] {dagbag.py:587} INFO - Filling up the DagBag from /opt/airflow/dags/dag_connect_with_postgre.py
[2024-09-23T18:19:54.723+0000] {logging_mixin.py:190} INFO - [2024-09-23T18:19:54.719+0000] {dagbag.py:386} ERROR - Failed to import: /opt/airflow/dags/dag_connect_with_postgre.py
Traceback (most recent call last):
  File "/home/airflow/.local/lib/python3.12/site-packages/airflow/models/dagbag.py", line 382, in parse
    loader.exec_module(new_module)
  File "<frozen importlib._bootstrap_external>", line 991, in exec_module
  File "<frozen importlib._bootstrap_external>", line 1129, in get_code
  File "<frozen importlib._bootstrap_external>", line 1059, in source_to_code
  File "<frozen importlib._bootstrap>", line 488, in _call_with_frames_removed
  File "/opt/airflow/dags/dag_connect_with_postgre.py", line 13
    open DAG(
         ^^^
SyntaxError: invalid syntax
[2024-09-23T18:19:54.747+0000] {processor.py:927} WARNING - No viable dags retrieved from /opt/airflow/dags/dag_connect_with_postgre.py
[2024-09-23T18:19:54.809+0000] {processor.py:208} INFO - Processing /opt/airflow/dags/dag_connect_with_postgre.py took 0.385 seconds
[2024-09-23T18:19:58.268+0000] {processor.py:186} INFO - Started process (PID=26774) to work on /opt/airflow/dags/dag_connect_with_postgre.py
[2024-09-23T18:19:58.270+0000] {processor.py:914} INFO - Processing file /opt/airflow/dags/dag_connect_with_postgre.py for tasks to queue
[2024-09-23T18:19:58.274+0000] {logging_mixin.py:190} INFO - [2024-09-23T18:19:58.273+0000] {dagbag.py:587} INFO - Filling up the DagBag from /opt/airflow/dags/dag_connect_with_postgre.py
[2024-09-23T18:19:58.448+0000] {logging_mixin.py:190} INFO - [2024-09-23T18:19:58.446+0000] {dagbag.py:386} ERROR - Failed to import: /opt/airflow/dags/dag_connect_with_postgre.py
Traceback (most recent call last):
  File "/home/airflow/.local/lib/python3.12/site-packages/airflow/models/dagbag.py", line 382, in parse
    loader.exec_module(new_module)
  File "<frozen importlib._bootstrap_external>", line 991, in exec_module
  File "<frozen importlib._bootstrap_external>", line 1129, in get_code
  File "<frozen importlib._bootstrap_external>", line 1059, in source_to_code
  File "<frozen importlib._bootstrap>", line 488, in _call_with_frames_removed
  File "/opt/airflow/dags/dag_connect_with_postgre.py", line 13
    open DAG(
         ^^^
SyntaxError: invalid syntax
[2024-09-23T18:19:58.450+0000] {processor.py:927} WARNING - No viable dags retrieved from /opt/airflow/dags/dag_connect_with_postgre.py
[2024-09-23T18:19:58.477+0000] {processor.py:208} INFO - Processing /opt/airflow/dags/dag_connect_with_postgre.py took 0.219 seconds
[2024-09-23T18:20:00.323+0000] {processor.py:186} INFO - Started process (PID=26780) to work on /opt/airflow/dags/dag_connect_with_postgre.py
[2024-09-23T18:20:00.325+0000] {processor.py:914} INFO - Processing file /opt/airflow/dags/dag_connect_with_postgre.py for tasks to queue
[2024-09-23T18:20:00.330+0000] {logging_mixin.py:190} INFO - [2024-09-23T18:20:00.329+0000] {dagbag.py:587} INFO - Filling up the DagBag from /opt/airflow/dags/dag_connect_with_postgre.py
[2024-09-23T18:20:00.454+0000] {logging_mixin.py:190} INFO - [2024-09-23T18:20:00.452+0000] {dagbag.py:386} ERROR - Failed to import: /opt/airflow/dags/dag_connect_with_postgre.py
Traceback (most recent call last):
  File "/home/airflow/.local/lib/python3.12/site-packages/airflow/models/dagbag.py", line 382, in parse
    loader.exec_module(new_module)
  File "<frozen importlib._bootstrap_external>", line 991, in exec_module
  File "<frozen importlib._bootstrap_external>", line 1129, in get_code
  File "<frozen importlib._bootstrap_external>", line 1059, in source_to_code
  File "<frozen importlib._bootstrap>", line 488, in _call_with_frames_removed
  File "/opt/airflow/dags/dag_connect_with_postgre.py", line 13
    open DAG(
         ^^^
SyntaxError: invalid syntax
[2024-09-23T18:20:00.456+0000] {processor.py:927} WARNING - No viable dags retrieved from /opt/airflow/dags/dag_connect_with_postgre.py
[2024-09-23T18:20:00.490+0000] {processor.py:208} INFO - Processing /opt/airflow/dags/dag_connect_with_postgre.py took 0.183 seconds
[2024-09-23T18:20:04.693+0000] {processor.py:186} INFO - Started process (PID=26788) to work on /opt/airflow/dags/dag_connect_with_postgre.py
[2024-09-23T18:20:04.695+0000] {processor.py:914} INFO - Processing file /opt/airflow/dags/dag_connect_with_postgre.py for tasks to queue
[2024-09-23T18:20:04.698+0000] {logging_mixin.py:190} INFO - [2024-09-23T18:20:04.697+0000] {dagbag.py:587} INFO - Filling up the DagBag from /opt/airflow/dags/dag_connect_with_postgre.py
[2024-09-23T18:20:04.830+0000] {logging_mixin.py:190} INFO - [2024-09-23T18:20:04.826+0000] {dagbag.py:386} ERROR - Failed to import: /opt/airflow/dags/dag_connect_with_postgre.py
Traceback (most recent call last):
  File "/home/airflow/.local/lib/python3.12/site-packages/airflow/models/dagbag.py", line 382, in parse
    loader.exec_module(new_module)
  File "<frozen importlib._bootstrap_external>", line 991, in exec_module
  File "<frozen importlib._bootstrap_external>", line 1129, in get_code
  File "<frozen importlib._bootstrap_external>", line 1059, in source_to_code
  File "<frozen importlib._bootstrap>", line 488, in _call_with_frames_removed
  File "/opt/airflow/dags/dag_connect_with_postgre.py", line 13
    open DAG(
         ^^^
SyntaxError: invalid syntax
[2024-09-23T18:20:04.833+0000] {processor.py:927} WARNING - No viable dags retrieved from /opt/airflow/dags/dag_connect_with_postgre.py
[2024-09-23T18:20:04.889+0000] {processor.py:208} INFO - Processing /opt/airflow/dags/dag_connect_with_postgre.py took 0.204 seconds
[2024-09-23T18:20:17.012+0000] {processor.py:186} INFO - Started process (PID=26806) to work on /opt/airflow/dags/dag_connect_with_postgre.py
[2024-09-23T18:20:17.014+0000] {processor.py:914} INFO - Processing file /opt/airflow/dags/dag_connect_with_postgre.py for tasks to queue
[2024-09-23T18:20:17.017+0000] {logging_mixin.py:190} INFO - [2024-09-23T18:20:17.016+0000] {dagbag.py:587} INFO - Filling up the DagBag from /opt/airflow/dags/dag_connect_with_postgre.py
[2024-09-23T18:20:17.093+0000] {logging_mixin.py:190} INFO - [2024-09-23T18:20:17.091+0000] {dagbag.py:386} ERROR - Failed to import: /opt/airflow/dags/dag_connect_with_postgre.py
Traceback (most recent call last):
  File "/home/airflow/.local/lib/python3.12/site-packages/airflow/models/dagbag.py", line 382, in parse
    loader.exec_module(new_module)
  File "<frozen importlib._bootstrap_external>", line 991, in exec_module
  File "<frozen importlib._bootstrap_external>", line 1129, in get_code
  File "<frozen importlib._bootstrap_external>", line 1059, in source_to_code
  File "<frozen importlib._bootstrap>", line 488, in _call_with_frames_removed
  File "/opt/airflow/dags/dag_connect_with_postgre.py", line 13
    open DAG(
         ^^^
SyntaxError: invalid syntax
[2024-09-23T18:20:17.095+0000] {processor.py:927} WARNING - No viable dags retrieved from /opt/airflow/dags/dag_connect_with_postgre.py
[2024-09-23T18:20:17.125+0000] {processor.py:208} INFO - Processing /opt/airflow/dags/dag_connect_with_postgre.py took 0.122 seconds
[2024-09-23T18:20:39.174+0000] {processor.py:186} INFO - Started process (PID=26826) to work on /opt/airflow/dags/dag_connect_with_postgre.py
[2024-09-23T18:20:39.176+0000] {processor.py:914} INFO - Processing file /opt/airflow/dags/dag_connect_with_postgre.py for tasks to queue
[2024-09-23T18:20:39.179+0000] {logging_mixin.py:190} INFO - [2024-09-23T18:20:39.178+0000] {dagbag.py:587} INFO - Filling up the DagBag from /opt/airflow/dags/dag_connect_with_postgre.py
[2024-09-23T18:20:39.314+0000] {processor.py:925} INFO - DAG(s) 'dag_connect_with_postgre' retrieved from /opt/airflow/dags/dag_connect_with_postgre.py
[2024-09-23T18:20:39.439+0000] {logging_mixin.py:190} INFO - [2024-09-23T18:20:39.438+0000] {override.py:1900} INFO - Created Permission View: can read on DAG:dag_connect_with_postgre
[2024-09-23T18:20:39.455+0000] {logging_mixin.py:190} INFO - [2024-09-23T18:20:39.454+0000] {override.py:1900} INFO - Created Permission View: can edit on DAG:dag_connect_with_postgre
[2024-09-23T18:20:39.468+0000] {logging_mixin.py:190} INFO - [2024-09-23T18:20:39.467+0000] {override.py:1900} INFO - Created Permission View: can delete on DAG:dag_connect_with_postgre
[2024-09-23T18:20:39.485+0000] {logging_mixin.py:190} INFO - [2024-09-23T18:20:39.485+0000] {override.py:1900} INFO - Created Permission View: can read on DAG Run:dag_connect_with_postgre
[2024-09-23T18:20:39.502+0000] {logging_mixin.py:190} INFO - [2024-09-23T18:20:39.501+0000] {override.py:1900} INFO - Created Permission View: can delete on DAG Run:dag_connect_with_postgre
[2024-09-23T18:20:39.514+0000] {logging_mixin.py:190} INFO - [2024-09-23T18:20:39.514+0000] {override.py:1900} INFO - Created Permission View: menu access on DAG Run:dag_connect_with_postgre
[2024-09-23T18:20:39.525+0000] {logging_mixin.py:190} INFO - [2024-09-23T18:20:39.525+0000] {override.py:1900} INFO - Created Permission View: can create on DAG Run:dag_connect_with_postgre
[2024-09-23T18:20:39.526+0000] {logging_mixin.py:190} INFO - [2024-09-23T18:20:39.526+0000] {dag.py:3229} INFO - Sync 1 DAGs
[2024-09-23T18:20:39.544+0000] {logging_mixin.py:190} INFO - [2024-09-23T18:20:39.544+0000] {dag.py:3252} INFO - Creating ORM DAG for dag_connect_with_postgre
[2024-09-23T18:20:39.559+0000] {logging_mixin.py:190} INFO - [2024-09-23T18:20:39.559+0000] {dag.py:4156} INFO - Setting next_dagrun for dag_connect_with_postgre to 2024-09-23 00:00:00+00:00, run_after=2024-09-24 00:00:00+00:00
[2024-09-23T18:20:39.608+0000] {processor.py:208} INFO - Processing /opt/airflow/dags/dag_connect_with_postgre.py took 0.440 seconds
[2024-09-23T18:21:10.145+0000] {processor.py:186} INFO - Started process (PID=26867) to work on /opt/airflow/dags/dag_connect_with_postgre.py
[2024-09-23T18:21:10.147+0000] {processor.py:914} INFO - Processing file /opt/airflow/dags/dag_connect_with_postgre.py for tasks to queue
[2024-09-23T18:21:10.152+0000] {logging_mixin.py:190} INFO - [2024-09-23T18:21:10.150+0000] {dagbag.py:587} INFO - Filling up the DagBag from /opt/airflow/dags/dag_connect_with_postgre.py
[2024-09-23T18:21:10.255+0000] {processor.py:925} INFO - DAG(s) 'dag_connect_with_postgre' retrieved from /opt/airflow/dags/dag_connect_with_postgre.py
[2024-09-23T18:21:10.278+0000] {logging_mixin.py:190} INFO - [2024-09-23T18:21:10.278+0000] {dag.py:3229} INFO - Sync 1 DAGs
[2024-09-23T18:21:10.303+0000] {logging_mixin.py:190} INFO - [2024-09-23T18:21:10.303+0000] {dag.py:4156} INFO - Setting next_dagrun for dag_connect_with_postgre to 2024-09-23 00:00:00+00:00, run_after=2024-09-24 00:00:00+00:00
[2024-09-23T18:21:10.329+0000] {processor.py:208} INFO - Processing /opt/airflow/dags/dag_connect_with_postgre.py took 0.191 seconds
[2024-09-23T18:21:41.125+0000] {processor.py:186} INFO - Started process (PID=26908) to work on /opt/airflow/dags/dag_connect_with_postgre.py
[2024-09-23T18:21:41.128+0000] {processor.py:914} INFO - Processing file /opt/airflow/dags/dag_connect_with_postgre.py for tasks to queue
[2024-09-23T18:21:41.133+0000] {logging_mixin.py:190} INFO - [2024-09-23T18:21:41.132+0000] {dagbag.py:587} INFO - Filling up the DagBag from /opt/airflow/dags/dag_connect_with_postgre.py
[2024-09-23T18:21:41.233+0000] {processor.py:925} INFO - DAG(s) 'dag_connect_with_postgre' retrieved from /opt/airflow/dags/dag_connect_with_postgre.py
[2024-09-23T18:21:41.254+0000] {logging_mixin.py:190} INFO - [2024-09-23T18:21:41.253+0000] {dag.py:3229} INFO - Sync 1 DAGs
[2024-09-23T18:21:41.281+0000] {logging_mixin.py:190} INFO - [2024-09-23T18:21:41.281+0000] {dag.py:4156} INFO - Setting next_dagrun for dag_connect_with_postgre to 2024-09-23 00:00:00+00:00, run_after=2024-09-24 00:00:00+00:00
[2024-09-23T18:21:41.306+0000] {processor.py:208} INFO - Processing /opt/airflow/dags/dag_connect_with_postgre.py took 0.191 seconds
[2024-09-23T18:22:12.309+0000] {processor.py:186} INFO - Started process (PID=26957) to work on /opt/airflow/dags/dag_connect_with_postgre.py
[2024-09-23T18:22:12.312+0000] {processor.py:914} INFO - Processing file /opt/airflow/dags/dag_connect_with_postgre.py for tasks to queue
[2024-09-23T18:22:12.315+0000] {logging_mixin.py:190} INFO - [2024-09-23T18:22:12.315+0000] {dagbag.py:587} INFO - Filling up the DagBag from /opt/airflow/dags/dag_connect_with_postgre.py
[2024-09-23T18:22:12.426+0000] {processor.py:925} INFO - DAG(s) 'dag_connect_with_postgre' retrieved from /opt/airflow/dags/dag_connect_with_postgre.py
[2024-09-23T18:22:12.452+0000] {logging_mixin.py:190} INFO - [2024-09-23T18:22:12.452+0000] {dag.py:3229} INFO - Sync 1 DAGs
[2024-09-23T18:22:12.483+0000] {logging_mixin.py:190} INFO - [2024-09-23T18:22:12.483+0000] {dag.py:4156} INFO - Setting next_dagrun for dag_connect_with_postgre to 2024-09-23 00:00:00+00:00, run_after=2024-09-24 00:00:00+00:00
[2024-09-23T18:22:12.514+0000] {processor.py:208} INFO - Processing /opt/airflow/dags/dag_connect_with_postgre.py took 0.219 seconds
[2024-09-23T18:22:42.969+0000] {processor.py:186} INFO - Started process (PID=26990) to work on /opt/airflow/dags/dag_connect_with_postgre.py
[2024-09-23T18:22:42.971+0000] {processor.py:914} INFO - Processing file /opt/airflow/dags/dag_connect_with_postgre.py for tasks to queue
[2024-09-23T18:22:42.974+0000] {logging_mixin.py:190} INFO - [2024-09-23T18:22:42.973+0000] {dagbag.py:587} INFO - Filling up the DagBag from /opt/airflow/dags/dag_connect_with_postgre.py
[2024-09-23T18:22:43.076+0000] {processor.py:925} INFO - DAG(s) 'dag_connect_with_postgre' retrieved from /opt/airflow/dags/dag_connect_with_postgre.py
[2024-09-23T18:22:43.096+0000] {logging_mixin.py:190} INFO - [2024-09-23T18:22:43.095+0000] {dag.py:3229} INFO - Sync 1 DAGs
[2024-09-23T18:22:43.119+0000] {logging_mixin.py:190} INFO - [2024-09-23T18:22:43.119+0000] {dag.py:4156} INFO - Setting next_dagrun for dag_connect_with_postgre to 2024-09-23 00:00:00+00:00, run_after=2024-09-24 00:00:00+00:00
[2024-09-23T18:22:43.148+0000] {processor.py:208} INFO - Processing /opt/airflow/dags/dag_connect_with_postgre.py took 0.191 seconds
[2024-09-23T18:23:13.407+0000] {processor.py:186} INFO - Started process (PID=27031) to work on /opt/airflow/dags/dag_connect_with_postgre.py
[2024-09-23T18:23:13.409+0000] {processor.py:914} INFO - Processing file /opt/airflow/dags/dag_connect_with_postgre.py for tasks to queue
[2024-09-23T18:23:13.411+0000] {logging_mixin.py:190} INFO - [2024-09-23T18:23:13.411+0000] {dagbag.py:587} INFO - Filling up the DagBag from /opt/airflow/dags/dag_connect_with_postgre.py
[2024-09-23T18:23:13.481+0000] {processor.py:925} INFO - DAG(s) 'dag_connect_with_postgre' retrieved from /opt/airflow/dags/dag_connect_with_postgre.py
[2024-09-23T18:23:13.505+0000] {logging_mixin.py:190} INFO - [2024-09-23T18:23:13.504+0000] {dag.py:3229} INFO - Sync 1 DAGs
[2024-09-23T18:23:13.538+0000] {logging_mixin.py:190} INFO - [2024-09-23T18:23:13.537+0000] {dag.py:4156} INFO - Setting next_dagrun for dag_connect_with_postgre to 2024-09-23 00:00:00+00:00, run_after=2024-09-24 00:00:00+00:00
[2024-09-23T18:23:13.569+0000] {processor.py:208} INFO - Processing /opt/airflow/dags/dag_connect_with_postgre.py took 0.167 seconds
[2024-09-23T18:23:43.699+0000] {processor.py:186} INFO - Started process (PID=27072) to work on /opt/airflow/dags/dag_connect_with_postgre.py
[2024-09-23T18:23:43.700+0000] {processor.py:914} INFO - Processing file /opt/airflow/dags/dag_connect_with_postgre.py for tasks to queue
[2024-09-23T18:23:43.703+0000] {logging_mixin.py:190} INFO - [2024-09-23T18:23:43.702+0000] {dagbag.py:587} INFO - Filling up the DagBag from /opt/airflow/dags/dag_connect_with_postgre.py
[2024-09-23T18:23:43.760+0000] {processor.py:925} INFO - DAG(s) 'dag_connect_with_postgre' retrieved from /opt/airflow/dags/dag_connect_with_postgre.py
[2024-09-23T18:23:43.778+0000] {logging_mixin.py:190} INFO - [2024-09-23T18:23:43.778+0000] {dag.py:3229} INFO - Sync 1 DAGs
[2024-09-23T18:23:43.804+0000] {logging_mixin.py:190} INFO - [2024-09-23T18:23:43.804+0000] {dag.py:4156} INFO - Setting next_dagrun for dag_connect_with_postgre to 2024-09-23 00:00:00+00:00, run_after=2024-09-24 00:00:00+00:00
[2024-09-23T18:23:43.838+0000] {processor.py:208} INFO - Processing /opt/airflow/dags/dag_connect_with_postgre.py took 0.144 seconds
[2024-09-23T18:24:14.354+0000] {processor.py:186} INFO - Started process (PID=27121) to work on /opt/airflow/dags/dag_connect_with_postgre.py
[2024-09-23T18:24:14.356+0000] {processor.py:914} INFO - Processing file /opt/airflow/dags/dag_connect_with_postgre.py for tasks to queue
[2024-09-23T18:24:14.359+0000] {logging_mixin.py:190} INFO - [2024-09-23T18:24:14.358+0000] {dagbag.py:587} INFO - Filling up the DagBag from /opt/airflow/dags/dag_connect_with_postgre.py
[2024-09-23T18:24:14.437+0000] {processor.py:925} INFO - DAG(s) 'dag_connect_with_postgre' retrieved from /opt/airflow/dags/dag_connect_with_postgre.py
[2024-09-23T18:24:14.458+0000] {logging_mixin.py:190} INFO - [2024-09-23T18:24:14.457+0000] {dag.py:3229} INFO - Sync 1 DAGs
[2024-09-23T18:24:14.500+0000] {logging_mixin.py:190} INFO - [2024-09-23T18:24:14.499+0000] {dag.py:4156} INFO - Setting next_dagrun for dag_connect_with_postgre to 2024-09-23 00:00:00+00:00, run_after=2024-09-24 00:00:00+00:00
[2024-09-23T18:24:14.532+0000] {processor.py:208} INFO - Processing /opt/airflow/dags/dag_connect_with_postgre.py took 0.188 seconds
[2024-09-23T18:24:45.051+0000] {processor.py:186} INFO - Started process (PID=27154) to work on /opt/airflow/dags/dag_connect_with_postgre.py
[2024-09-23T18:24:45.054+0000] {processor.py:914} INFO - Processing file /opt/airflow/dags/dag_connect_with_postgre.py for tasks to queue
[2024-09-23T18:24:45.059+0000] {logging_mixin.py:190} INFO - [2024-09-23T18:24:45.058+0000] {dagbag.py:587} INFO - Filling up the DagBag from /opt/airflow/dags/dag_connect_with_postgre.py
[2024-09-23T18:24:45.185+0000] {processor.py:925} INFO - DAG(s) 'dag_connect_with_postgre' retrieved from /opt/airflow/dags/dag_connect_with_postgre.py
[2024-09-23T18:24:45.236+0000] {logging_mixin.py:190} INFO - [2024-09-23T18:24:45.236+0000] {dag.py:3229} INFO - Sync 1 DAGs
[2024-09-23T18:24:45.274+0000] {logging_mixin.py:190} INFO - [2024-09-23T18:24:45.274+0000] {dag.py:4156} INFO - Setting next_dagrun for dag_connect_with_postgre to 2024-09-23 00:00:00+00:00, run_after=2024-09-24 00:00:00+00:00
[2024-09-23T18:24:45.311+0000] {processor.py:208} INFO - Processing /opt/airflow/dags/dag_connect_with_postgre.py took 0.276 seconds
[2024-09-23T18:25:15.652+0000] {processor.py:186} INFO - Started process (PID=27195) to work on /opt/airflow/dags/dag_connect_with_postgre.py
[2024-09-23T18:25:15.655+0000] {processor.py:914} INFO - Processing file /opt/airflow/dags/dag_connect_with_postgre.py for tasks to queue
[2024-09-23T18:25:15.657+0000] {logging_mixin.py:190} INFO - [2024-09-23T18:25:15.656+0000] {dagbag.py:587} INFO - Filling up the DagBag from /opt/airflow/dags/dag_connect_with_postgre.py
[2024-09-23T18:25:15.727+0000] {processor.py:925} INFO - DAG(s) 'dag_connect_with_postgre' retrieved from /opt/airflow/dags/dag_connect_with_postgre.py
[2024-09-23T18:25:15.745+0000] {logging_mixin.py:190} INFO - [2024-09-23T18:25:15.744+0000] {dag.py:3229} INFO - Sync 1 DAGs
[2024-09-23T18:25:15.766+0000] {logging_mixin.py:190} INFO - [2024-09-23T18:25:15.766+0000] {dag.py:4156} INFO - Setting next_dagrun for dag_connect_with_postgre to 2024-09-23 00:00:00+00:00, run_after=2024-09-24 00:00:00+00:00
[2024-09-23T18:25:15.793+0000] {processor.py:208} INFO - Processing /opt/airflow/dags/dag_connect_with_postgre.py took 0.149 seconds
[2024-09-23T18:25:46.287+0000] {processor.py:186} INFO - Started process (PID=27236) to work on /opt/airflow/dags/dag_connect_with_postgre.py
[2024-09-23T18:25:46.288+0000] {processor.py:914} INFO - Processing file /opt/airflow/dags/dag_connect_with_postgre.py for tasks to queue
[2024-09-23T18:25:46.290+0000] {logging_mixin.py:190} INFO - [2024-09-23T18:25:46.290+0000] {dagbag.py:587} INFO - Filling up the DagBag from /opt/airflow/dags/dag_connect_with_postgre.py
[2024-09-23T18:25:46.371+0000] {processor.py:925} INFO - DAG(s) 'dag_connect_with_postgre' retrieved from /opt/airflow/dags/dag_connect_with_postgre.py
[2024-09-23T18:25:46.391+0000] {logging_mixin.py:190} INFO - [2024-09-23T18:25:46.390+0000] {dag.py:3229} INFO - Sync 1 DAGs
[2024-09-23T18:25:46.415+0000] {logging_mixin.py:190} INFO - [2024-09-23T18:25:46.415+0000] {dag.py:4156} INFO - Setting next_dagrun for dag_connect_with_postgre to 2024-09-23 00:00:00+00:00, run_after=2024-09-24 00:00:00+00:00
[2024-09-23T18:25:46.439+0000] {processor.py:208} INFO - Processing /opt/airflow/dags/dag_connect_with_postgre.py took 0.159 seconds
[2024-09-23T18:26:17.056+0000] {processor.py:186} INFO - Started process (PID=27285) to work on /opt/airflow/dags/dag_connect_with_postgre.py
[2024-09-23T18:26:17.058+0000] {processor.py:914} INFO - Processing file /opt/airflow/dags/dag_connect_with_postgre.py for tasks to queue
[2024-09-23T18:26:17.059+0000] {logging_mixin.py:190} INFO - [2024-09-23T18:26:17.059+0000] {dagbag.py:587} INFO - Filling up the DagBag from /opt/airflow/dags/dag_connect_with_postgre.py
[2024-09-23T18:26:17.128+0000] {processor.py:925} INFO - DAG(s) 'dag_connect_with_postgre' retrieved from /opt/airflow/dags/dag_connect_with_postgre.py
[2024-09-23T18:26:17.146+0000] {logging_mixin.py:190} INFO - [2024-09-23T18:26:17.146+0000] {dag.py:3229} INFO - Sync 1 DAGs
[2024-09-23T18:26:17.171+0000] {logging_mixin.py:190} INFO - [2024-09-23T18:26:17.171+0000] {dag.py:4156} INFO - Setting next_dagrun for dag_connect_with_postgre to 2024-09-23 00:00:00+00:00, run_after=2024-09-24 00:00:00+00:00
[2024-09-23T18:26:17.200+0000] {processor.py:208} INFO - Processing /opt/airflow/dags/dag_connect_with_postgre.py took 0.152 seconds
[2024-09-23T18:26:47.928+0000] {processor.py:186} INFO - Started process (PID=27318) to work on /opt/airflow/dags/dag_connect_with_postgre.py
[2024-09-23T18:26:47.931+0000] {processor.py:914} INFO - Processing file /opt/airflow/dags/dag_connect_with_postgre.py for tasks to queue
[2024-09-23T18:26:47.937+0000] {logging_mixin.py:190} INFO - [2024-09-23T18:26:47.937+0000] {dagbag.py:587} INFO - Filling up the DagBag from /opt/airflow/dags/dag_connect_with_postgre.py
[2024-09-23T18:26:48.052+0000] {processor.py:925} INFO - DAG(s) 'dag_connect_with_postgre' retrieved from /opt/airflow/dags/dag_connect_with_postgre.py
[2024-09-23T18:26:48.081+0000] {logging_mixin.py:190} INFO - [2024-09-23T18:26:48.080+0000] {dag.py:3229} INFO - Sync 1 DAGs
[2024-09-23T18:26:48.108+0000] {logging_mixin.py:190} INFO - [2024-09-23T18:26:48.107+0000] {dag.py:4156} INFO - Setting next_dagrun for dag_connect_with_postgre to 2024-09-23 00:00:00+00:00, run_after=2024-09-24 00:00:00+00:00
[2024-09-23T18:26:48.134+0000] {processor.py:208} INFO - Processing /opt/airflow/dags/dag_connect_with_postgre.py took 0.219 seconds
[2024-09-23T18:27:18.702+0000] {processor.py:186} INFO - Started process (PID=27359) to work on /opt/airflow/dags/dag_connect_with_postgre.py
[2024-09-23T18:27:18.703+0000] {processor.py:914} INFO - Processing file /opt/airflow/dags/dag_connect_with_postgre.py for tasks to queue
[2024-09-23T18:27:18.705+0000] {logging_mixin.py:190} INFO - [2024-09-23T18:27:18.704+0000] {dagbag.py:587} INFO - Filling up the DagBag from /opt/airflow/dags/dag_connect_with_postgre.py
[2024-09-23T18:27:18.773+0000] {processor.py:925} INFO - DAG(s) 'dag_connect_with_postgre' retrieved from /opt/airflow/dags/dag_connect_with_postgre.py
[2024-09-23T18:27:18.806+0000] {logging_mixin.py:190} INFO - [2024-09-23T18:27:18.805+0000] {dag.py:3229} INFO - Sync 1 DAGs
[2024-09-23T18:27:18.835+0000] {logging_mixin.py:190} INFO - [2024-09-23T18:27:18.834+0000] {dag.py:4156} INFO - Setting next_dagrun for dag_connect_with_postgre to 2024-09-23 00:00:00+00:00, run_after=2024-09-24 00:00:00+00:00
[2024-09-23T18:27:18.860+0000] {processor.py:208} INFO - Processing /opt/airflow/dags/dag_connect_with_postgre.py took 0.164 seconds
[2024-09-23T18:27:49.666+0000] {processor.py:186} INFO - Started process (PID=27392) to work on /opt/airflow/dags/dag_connect_with_postgre.py
[2024-09-23T18:27:49.669+0000] {processor.py:914} INFO - Processing file /opt/airflow/dags/dag_connect_with_postgre.py for tasks to queue
[2024-09-23T18:27:49.671+0000] {logging_mixin.py:190} INFO - [2024-09-23T18:27:49.671+0000] {dagbag.py:587} INFO - Filling up the DagBag from /opt/airflow/dags/dag_connect_with_postgre.py
[2024-09-23T18:27:49.792+0000] {processor.py:925} INFO - DAG(s) 'dag_connect_with_postgre' retrieved from /opt/airflow/dags/dag_connect_with_postgre.py
[2024-09-23T18:27:49.809+0000] {logging_mixin.py:190} INFO - [2024-09-23T18:27:49.809+0000] {dag.py:3229} INFO - Sync 1 DAGs
[2024-09-23T18:27:49.830+0000] {logging_mixin.py:190} INFO - [2024-09-23T18:27:49.830+0000] {dag.py:4156} INFO - Setting next_dagrun for dag_connect_with_postgre to 2024-09-23 00:00:00+00:00, run_after=2024-09-24 00:00:00+00:00
[2024-09-23T18:27:49.858+0000] {processor.py:208} INFO - Processing /opt/airflow/dags/dag_connect_with_postgre.py took 0.204 seconds
[2024-09-23T18:28:20.462+0000] {processor.py:186} INFO - Started process (PID=27425) to work on /opt/airflow/dags/dag_connect_with_postgre.py
[2024-09-23T18:28:20.464+0000] {processor.py:914} INFO - Processing file /opt/airflow/dags/dag_connect_with_postgre.py for tasks to queue
[2024-09-23T18:28:20.467+0000] {logging_mixin.py:190} INFO - [2024-09-23T18:28:20.466+0000] {dagbag.py:587} INFO - Filling up the DagBag from /opt/airflow/dags/dag_connect_with_postgre.py
[2024-09-23T18:28:20.561+0000] {processor.py:925} INFO - DAG(s) 'dag_connect_with_postgre' retrieved from /opt/airflow/dags/dag_connect_with_postgre.py
[2024-09-23T18:28:20.588+0000] {logging_mixin.py:190} INFO - [2024-09-23T18:28:20.587+0000] {dag.py:3229} INFO - Sync 1 DAGs
[2024-09-23T18:28:20.613+0000] {logging_mixin.py:190} INFO - [2024-09-23T18:28:20.613+0000] {dag.py:4156} INFO - Setting next_dagrun for dag_connect_with_postgre to 2024-09-23 00:00:00+00:00, run_after=2024-09-24 00:00:00+00:00
[2024-09-23T18:28:20.638+0000] {processor.py:208} INFO - Processing /opt/airflow/dags/dag_connect_with_postgre.py took 0.183 seconds
[2024-09-23T18:28:50.919+0000] {processor.py:186} INFO - Started process (PID=27458) to work on /opt/airflow/dags/dag_connect_with_postgre.py
[2024-09-23T18:28:50.921+0000] {processor.py:914} INFO - Processing file /opt/airflow/dags/dag_connect_with_postgre.py for tasks to queue
[2024-09-23T18:28:50.925+0000] {logging_mixin.py:190} INFO - [2024-09-23T18:28:50.924+0000] {dagbag.py:587} INFO - Filling up the DagBag from /opt/airflow/dags/dag_connect_with_postgre.py
[2024-09-23T18:28:51.046+0000] {processor.py:925} INFO - DAG(s) 'dag_connect_with_postgre' retrieved from /opt/airflow/dags/dag_connect_with_postgre.py
[2024-09-23T18:28:51.067+0000] {logging_mixin.py:190} INFO - [2024-09-23T18:28:51.067+0000] {dag.py:3229} INFO - Sync 1 DAGs
[2024-09-23T18:28:51.087+0000] {logging_mixin.py:190} INFO - [2024-09-23T18:28:51.086+0000] {dag.py:4156} INFO - Setting next_dagrun for dag_connect_with_postgre to 2024-09-23 00:00:00+00:00, run_after=2024-09-24 00:00:00+00:00
[2024-09-23T18:28:51.121+0000] {processor.py:208} INFO - Processing /opt/airflow/dags/dag_connect_with_postgre.py took 0.212 seconds
[2024-09-23T18:29:21.424+0000] {processor.py:186} INFO - Started process (PID=27491) to work on /opt/airflow/dags/dag_connect_with_postgre.py
[2024-09-23T18:29:21.425+0000] {processor.py:914} INFO - Processing file /opt/airflow/dags/dag_connect_with_postgre.py for tasks to queue
[2024-09-23T18:29:21.429+0000] {logging_mixin.py:190} INFO - [2024-09-23T18:29:21.428+0000] {dagbag.py:587} INFO - Filling up the DagBag from /opt/airflow/dags/dag_connect_with_postgre.py
[2024-09-23T18:29:21.496+0000] {processor.py:925} INFO - DAG(s) 'dag_connect_with_postgre' retrieved from /opt/airflow/dags/dag_connect_with_postgre.py
[2024-09-23T18:29:21.513+0000] {logging_mixin.py:190} INFO - [2024-09-23T18:29:21.513+0000] {dag.py:3229} INFO - Sync 1 DAGs
[2024-09-23T18:29:21.538+0000] {logging_mixin.py:190} INFO - [2024-09-23T18:29:21.538+0000] {dag.py:4156} INFO - Setting next_dagrun for dag_connect_with_postgre to 2024-09-23 00:00:00+00:00, run_after=2024-09-24 00:00:00+00:00
[2024-09-23T18:29:21.564+0000] {processor.py:208} INFO - Processing /opt/airflow/dags/dag_connect_with_postgre.py took 0.148 seconds
[2024-09-23T18:29:52.108+0000] {processor.py:186} INFO - Started process (PID=27524) to work on /opt/airflow/dags/dag_connect_with_postgre.py
[2024-09-23T18:29:52.110+0000] {processor.py:914} INFO - Processing file /opt/airflow/dags/dag_connect_with_postgre.py for tasks to queue
[2024-09-23T18:29:52.113+0000] {logging_mixin.py:190} INFO - [2024-09-23T18:29:52.112+0000] {dagbag.py:587} INFO - Filling up the DagBag from /opt/airflow/dags/dag_connect_with_postgre.py
[2024-09-23T18:29:52.224+0000] {processor.py:925} INFO - DAG(s) 'dag_connect_with_postgre' retrieved from /opt/airflow/dags/dag_connect_with_postgre.py
[2024-09-23T18:29:52.262+0000] {logging_mixin.py:190} INFO - [2024-09-23T18:29:52.261+0000] {dag.py:3229} INFO - Sync 1 DAGs
[2024-09-23T18:29:52.326+0000] {logging_mixin.py:190} INFO - [2024-09-23T18:29:52.325+0000] {dag.py:4156} INFO - Setting next_dagrun for dag_connect_with_postgre to 2024-09-23 00:00:00+00:00, run_after=2024-09-24 00:00:00+00:00
[2024-09-23T18:29:52.394+0000] {processor.py:208} INFO - Processing /opt/airflow/dags/dag_connect_with_postgre.py took 0.296 seconds
[2024-09-23T18:30:23.175+0000] {processor.py:186} INFO - Started process (PID=27557) to work on /opt/airflow/dags/dag_connect_with_postgre.py
[2024-09-23T18:30:23.184+0000] {processor.py:914} INFO - Processing file /opt/airflow/dags/dag_connect_with_postgre.py for tasks to queue
[2024-09-23T18:30:23.191+0000] {logging_mixin.py:190} INFO - [2024-09-23T18:30:23.189+0000] {dagbag.py:587} INFO - Filling up the DagBag from /opt/airflow/dags/dag_connect_with_postgre.py
[2024-09-23T18:30:23.339+0000] {processor.py:925} INFO - DAG(s) 'dag_connect_with_postgre' retrieved from /opt/airflow/dags/dag_connect_with_postgre.py
[2024-09-23T18:30:23.370+0000] {logging_mixin.py:190} INFO - [2024-09-23T18:30:23.370+0000] {dag.py:3229} INFO - Sync 1 DAGs
[2024-09-23T18:30:23.414+0000] {logging_mixin.py:190} INFO - [2024-09-23T18:30:23.413+0000] {dag.py:4156} INFO - Setting next_dagrun for dag_connect_with_postgre to 2024-09-23 00:00:00+00:00, run_after=2024-09-24 00:00:00+00:00
[2024-09-23T18:30:23.454+0000] {processor.py:208} INFO - Processing /opt/airflow/dags/dag_connect_with_postgre.py took 0.305 seconds
[2024-09-23T18:30:53.745+0000] {processor.py:186} INFO - Started process (PID=27590) to work on /opt/airflow/dags/dag_connect_with_postgre.py
[2024-09-23T18:30:53.748+0000] {processor.py:914} INFO - Processing file /opt/airflow/dags/dag_connect_with_postgre.py for tasks to queue
[2024-09-23T18:30:53.751+0000] {logging_mixin.py:190} INFO - [2024-09-23T18:30:53.750+0000] {dagbag.py:587} INFO - Filling up the DagBag from /opt/airflow/dags/dag_connect_with_postgre.py
[2024-09-23T18:30:53.848+0000] {processor.py:925} INFO - DAG(s) 'dag_connect_with_postgre' retrieved from /opt/airflow/dags/dag_connect_with_postgre.py
[2024-09-23T18:30:53.875+0000] {logging_mixin.py:190} INFO - [2024-09-23T18:30:53.875+0000] {dag.py:3229} INFO - Sync 1 DAGs
[2024-09-23T18:30:53.923+0000] {logging_mixin.py:190} INFO - [2024-09-23T18:30:53.922+0000] {dag.py:4156} INFO - Setting next_dagrun for dag_connect_with_postgre to 2024-09-23 00:00:00+00:00, run_after=2024-09-24 00:00:00+00:00
[2024-09-23T18:30:53.972+0000] {processor.py:208} INFO - Processing /opt/airflow/dags/dag_connect_with_postgre.py took 0.235 seconds
[2024-09-23T18:31:24.584+0000] {processor.py:186} INFO - Started process (PID=27623) to work on /opt/airflow/dags/dag_connect_with_postgre.py
[2024-09-23T18:31:24.587+0000] {processor.py:914} INFO - Processing file /opt/airflow/dags/dag_connect_with_postgre.py for tasks to queue
[2024-09-23T18:31:24.591+0000] {logging_mixin.py:190} INFO - [2024-09-23T18:31:24.589+0000] {dagbag.py:587} INFO - Filling up the DagBag from /opt/airflow/dags/dag_connect_with_postgre.py
[2024-09-23T18:31:24.701+0000] {processor.py:925} INFO - DAG(s) 'dag_connect_with_postgre' retrieved from /opt/airflow/dags/dag_connect_with_postgre.py
[2024-09-23T18:31:24.751+0000] {logging_mixin.py:190} INFO - [2024-09-23T18:31:24.750+0000] {dag.py:3229} INFO - Sync 1 DAGs
[2024-09-23T18:31:24.838+0000] {logging_mixin.py:190} INFO - [2024-09-23T18:31:24.838+0000] {dag.py:4156} INFO - Setting next_dagrun for dag_connect_with_postgre to 2024-09-23 00:00:00+00:00, run_after=2024-09-24 00:00:00+00:00
[2024-09-23T18:31:24.901+0000] {processor.py:208} INFO - Processing /opt/airflow/dags/dag_connect_with_postgre.py took 0.336 seconds
[2024-09-23T18:40:35.608+0000] {processor.py:186} INFO - Started process (PID=170) to work on /opt/airflow/dags/dag_connect_with_postgre.py
[2024-09-23T18:40:35.613+0000] {processor.py:914} INFO - Processing file /opt/airflow/dags/dag_connect_with_postgre.py for tasks to queue
[2024-09-23T18:40:35.632+0000] {logging_mixin.py:190} INFO - [2024-09-23T18:40:35.631+0000] {dagbag.py:587} INFO - Filling up the DagBag from /opt/airflow/dags/dag_connect_with_postgre.py
[2024-09-23T18:40:35.888+0000] {processor.py:925} INFO - DAG(s) 'dag_connect_with_postgre' retrieved from /opt/airflow/dags/dag_connect_with_postgre.py
[2024-09-23T18:40:36.859+0000] {logging_mixin.py:190} INFO - [2024-09-23T18:40:36.857+0000] {override.py:1900} INFO - Created Permission View: can read on DAG:dag_connect_with_postgre
[2024-09-23T18:40:36.909+0000] {logging_mixin.py:190} INFO - [2024-09-23T18:40:36.908+0000] {override.py:1900} INFO - Created Permission View: can edit on DAG:dag_connect_with_postgre
[2024-09-23T18:40:36.948+0000] {logging_mixin.py:190} INFO - [2024-09-23T18:40:36.947+0000] {override.py:1900} INFO - Created Permission View: can delete on DAG:dag_connect_with_postgre
[2024-09-23T18:40:37.000+0000] {logging_mixin.py:190} INFO - [2024-09-23T18:40:36.999+0000] {override.py:1900} INFO - Created Permission View: can create on DAG Run:dag_connect_with_postgre
[2024-09-23T18:40:37.032+0000] {logging_mixin.py:190} INFO - [2024-09-23T18:40:37.031+0000] {override.py:1900} INFO - Created Permission View: can read on DAG Run:dag_connect_with_postgre
[2024-09-23T18:40:37.062+0000] {logging_mixin.py:190} INFO - [2024-09-23T18:40:37.062+0000] {override.py:1900} INFO - Created Permission View: menu access on DAG Run:dag_connect_with_postgre
[2024-09-23T18:40:37.100+0000] {logging_mixin.py:190} INFO - [2024-09-23T18:40:37.099+0000] {override.py:1900} INFO - Created Permission View: can delete on DAG Run:dag_connect_with_postgre
[2024-09-23T18:40:37.105+0000] {logging_mixin.py:190} INFO - [2024-09-23T18:40:37.105+0000] {dag.py:3229} INFO - Sync 1 DAGs
[2024-09-23T18:40:37.148+0000] {logging_mixin.py:190} INFO - [2024-09-23T18:40:37.146+0000] {dag.py:3252} INFO - Creating ORM DAG for dag_connect_with_postgre
[2024-09-23T18:40:37.178+0000] {logging_mixin.py:190} INFO - [2024-09-23T18:40:37.178+0000] {dag.py:4156} INFO - Setting next_dagrun for dag_connect_with_postgre to 2024-09-23 00:00:00+00:00, run_after=2024-09-24 00:00:00+00:00
[2024-09-23T18:40:37.287+0000] {processor.py:208} INFO - Processing /opt/airflow/dags/dag_connect_with_postgre.py took 1.714 seconds
[2024-09-23T18:41:07.570+0000] {processor.py:186} INFO - Started process (PID=203) to work on /opt/airflow/dags/dag_connect_with_postgre.py
[2024-09-23T18:41:07.573+0000] {processor.py:914} INFO - Processing file /opt/airflow/dags/dag_connect_with_postgre.py for tasks to queue
[2024-09-23T18:41:07.577+0000] {logging_mixin.py:190} INFO - [2024-09-23T18:41:07.577+0000] {dagbag.py:587} INFO - Filling up the DagBag from /opt/airflow/dags/dag_connect_with_postgre.py
[2024-09-23T18:41:07.702+0000] {processor.py:925} INFO - DAG(s) 'dag_connect_with_postgre' retrieved from /opt/airflow/dags/dag_connect_with_postgre.py
[2024-09-23T18:41:07.722+0000] {logging_mixin.py:190} INFO - [2024-09-23T18:41:07.721+0000] {dag.py:3229} INFO - Sync 1 DAGs
[2024-09-23T18:41:07.744+0000] {logging_mixin.py:190} INFO - [2024-09-23T18:41:07.744+0000] {dag.py:4156} INFO - Setting next_dagrun for dag_connect_with_postgre to 2024-09-23 00:00:00+00:00, run_after=2024-09-24 00:00:00+00:00
[2024-09-23T18:41:07.790+0000] {processor.py:208} INFO - Processing /opt/airflow/dags/dag_connect_with_postgre.py took 0.231 seconds
[2024-09-23T18:41:38.743+0000] {processor.py:186} INFO - Started process (PID=236) to work on /opt/airflow/dags/dag_connect_with_postgre.py
[2024-09-23T18:41:38.745+0000] {processor.py:914} INFO - Processing file /opt/airflow/dags/dag_connect_with_postgre.py for tasks to queue
[2024-09-23T18:41:38.748+0000] {logging_mixin.py:190} INFO - [2024-09-23T18:41:38.747+0000] {dagbag.py:587} INFO - Filling up the DagBag from /opt/airflow/dags/dag_connect_with_postgre.py
[2024-09-23T18:41:38.842+0000] {processor.py:925} INFO - DAG(s) 'dag_connect_with_postgre' retrieved from /opt/airflow/dags/dag_connect_with_postgre.py
[2024-09-23T18:41:38.862+0000] {logging_mixin.py:190} INFO - [2024-09-23T18:41:38.862+0000] {dag.py:3229} INFO - Sync 1 DAGs
[2024-09-23T18:41:38.882+0000] {logging_mixin.py:190} INFO - [2024-09-23T18:41:38.882+0000] {dag.py:4156} INFO - Setting next_dagrun for dag_connect_with_postgre to 2024-09-23 00:00:00+00:00, run_after=2024-09-24 00:00:00+00:00
[2024-09-23T18:41:38.903+0000] {processor.py:208} INFO - Processing /opt/airflow/dags/dag_connect_with_postgre.py took 0.166 seconds
[2024-09-23T18:42:09.500+0000] {processor.py:186} INFO - Started process (PID=269) to work on /opt/airflow/dags/dag_connect_with_postgre.py
[2024-09-23T18:42:09.502+0000] {processor.py:914} INFO - Processing file /opt/airflow/dags/dag_connect_with_postgre.py for tasks to queue
[2024-09-23T18:42:09.506+0000] {logging_mixin.py:190} INFO - [2024-09-23T18:42:09.506+0000] {dagbag.py:587} INFO - Filling up the DagBag from /opt/airflow/dags/dag_connect_with_postgre.py
[2024-09-23T18:42:09.633+0000] {processor.py:925} INFO - DAG(s) 'dag_connect_with_postgre' retrieved from /opt/airflow/dags/dag_connect_with_postgre.py
[2024-09-23T18:42:09.665+0000] {logging_mixin.py:190} INFO - [2024-09-23T18:42:09.664+0000] {dag.py:3229} INFO - Sync 1 DAGs
[2024-09-23T18:42:09.710+0000] {logging_mixin.py:190} INFO - [2024-09-23T18:42:09.710+0000] {dag.py:4156} INFO - Setting next_dagrun for dag_connect_with_postgre to 2024-09-23 00:00:00+00:00, run_after=2024-09-24 00:00:00+00:00
[2024-09-23T18:42:09.736+0000] {processor.py:208} INFO - Processing /opt/airflow/dags/dag_connect_with_postgre.py took 0.245 seconds
[2024-09-23T18:42:40.653+0000] {processor.py:186} INFO - Started process (PID=302) to work on /opt/airflow/dags/dag_connect_with_postgre.py
[2024-09-23T18:42:40.655+0000] {processor.py:914} INFO - Processing file /opt/airflow/dags/dag_connect_with_postgre.py for tasks to queue
[2024-09-23T18:42:40.659+0000] {logging_mixin.py:190} INFO - [2024-09-23T18:42:40.658+0000] {dagbag.py:587} INFO - Filling up the DagBag from /opt/airflow/dags/dag_connect_with_postgre.py
[2024-09-23T18:42:40.755+0000] {processor.py:925} INFO - DAG(s) 'dag_connect_with_postgre' retrieved from /opt/airflow/dags/dag_connect_with_postgre.py
[2024-09-23T18:42:40.782+0000] {logging_mixin.py:190} INFO - [2024-09-23T18:42:40.782+0000] {dag.py:3229} INFO - Sync 1 DAGs
[2024-09-23T18:42:40.815+0000] {logging_mixin.py:190} INFO - [2024-09-23T18:42:40.815+0000] {dag.py:4156} INFO - Setting next_dagrun for dag_connect_with_postgre to 2024-09-23 00:00:00+00:00, run_after=2024-09-24 00:00:00+00:00
[2024-09-23T18:42:40.850+0000] {processor.py:208} INFO - Processing /opt/airflow/dags/dag_connect_with_postgre.py took 0.203 seconds
[2024-09-23T18:43:11.762+0000] {processor.py:186} INFO - Started process (PID=335) to work on /opt/airflow/dags/dag_connect_with_postgre.py
[2024-09-23T18:43:11.764+0000] {processor.py:914} INFO - Processing file /opt/airflow/dags/dag_connect_with_postgre.py for tasks to queue
[2024-09-23T18:43:11.768+0000] {logging_mixin.py:190} INFO - [2024-09-23T18:43:11.767+0000] {dagbag.py:587} INFO - Filling up the DagBag from /opt/airflow/dags/dag_connect_with_postgre.py
[2024-09-23T18:43:11.853+0000] {processor.py:925} INFO - DAG(s) 'dag_connect_with_postgre' retrieved from /opt/airflow/dags/dag_connect_with_postgre.py
[2024-09-23T18:43:11.876+0000] {logging_mixin.py:190} INFO - [2024-09-23T18:43:11.876+0000] {dag.py:3229} INFO - Sync 1 DAGs
[2024-09-23T18:43:11.902+0000] {logging_mixin.py:190} INFO - [2024-09-23T18:43:11.902+0000] {dag.py:4156} INFO - Setting next_dagrun for dag_connect_with_postgre to 2024-09-23 00:00:00+00:00, run_after=2024-09-24 00:00:00+00:00
[2024-09-23T18:43:11.939+0000] {processor.py:208} INFO - Processing /opt/airflow/dags/dag_connect_with_postgre.py took 0.186 seconds
[2024-09-23T18:43:42.341+0000] {processor.py:186} INFO - Started process (PID=368) to work on /opt/airflow/dags/dag_connect_with_postgre.py
[2024-09-23T18:43:42.342+0000] {processor.py:914} INFO - Processing file /opt/airflow/dags/dag_connect_with_postgre.py for tasks to queue
[2024-09-23T18:43:42.345+0000] {logging_mixin.py:190} INFO - [2024-09-23T18:43:42.345+0000] {dagbag.py:587} INFO - Filling up the DagBag from /opt/airflow/dags/dag_connect_with_postgre.py
[2024-09-23T18:43:42.448+0000] {processor.py:925} INFO - DAG(s) 'dag_connect_with_postgre' retrieved from /opt/airflow/dags/dag_connect_with_postgre.py
[2024-09-23T18:43:42.467+0000] {logging_mixin.py:190} INFO - [2024-09-23T18:43:42.466+0000] {dag.py:3229} INFO - Sync 1 DAGs
[2024-09-23T18:43:42.491+0000] {logging_mixin.py:190} INFO - [2024-09-23T18:43:42.490+0000] {dag.py:4156} INFO - Setting next_dagrun for dag_connect_with_postgre to 2024-09-23 00:00:00+00:00, run_after=2024-09-24 00:00:00+00:00
[2024-09-23T18:43:42.522+0000] {processor.py:208} INFO - Processing /opt/airflow/dags/dag_connect_with_postgre.py took 0.187 seconds
[2024-09-23T18:44:13.519+0000] {processor.py:186} INFO - Started process (PID=401) to work on /opt/airflow/dags/dag_connect_with_postgre.py
[2024-09-23T18:44:13.523+0000] {processor.py:914} INFO - Processing file /opt/airflow/dags/dag_connect_with_postgre.py for tasks to queue
[2024-09-23T18:44:13.529+0000] {logging_mixin.py:190} INFO - [2024-09-23T18:44:13.528+0000] {dagbag.py:587} INFO - Filling up the DagBag from /opt/airflow/dags/dag_connect_with_postgre.py
[2024-09-23T18:44:13.629+0000] {processor.py:925} INFO - DAG(s) 'dag_connect_with_postgre' retrieved from /opt/airflow/dags/dag_connect_with_postgre.py
[2024-09-23T18:44:13.671+0000] {logging_mixin.py:190} INFO - [2024-09-23T18:44:13.671+0000] {dag.py:3229} INFO - Sync 1 DAGs
[2024-09-23T18:44:13.722+0000] {logging_mixin.py:190} INFO - [2024-09-23T18:44:13.722+0000] {dag.py:4156} INFO - Setting next_dagrun for dag_connect_with_postgre to 2024-09-23 00:00:00+00:00, run_after=2024-09-24 00:00:00+00:00
[2024-09-23T18:44:13.769+0000] {processor.py:208} INFO - Processing /opt/airflow/dags/dag_connect_with_postgre.py took 0.265 seconds
[2024-09-23T18:44:44.251+0000] {processor.py:186} INFO - Started process (PID=434) to work on /opt/airflow/dags/dag_connect_with_postgre.py
[2024-09-23T18:44:44.254+0000] {processor.py:914} INFO - Processing file /opt/airflow/dags/dag_connect_with_postgre.py for tasks to queue
[2024-09-23T18:44:44.257+0000] {logging_mixin.py:190} INFO - [2024-09-23T18:44:44.257+0000] {dagbag.py:587} INFO - Filling up the DagBag from /opt/airflow/dags/dag_connect_with_postgre.py
[2024-09-23T18:44:44.351+0000] {processor.py:925} INFO - DAG(s) 'dag_connect_with_postgre' retrieved from /opt/airflow/dags/dag_connect_with_postgre.py
[2024-09-23T18:44:44.381+0000] {logging_mixin.py:190} INFO - [2024-09-23T18:44:44.381+0000] {dag.py:3229} INFO - Sync 1 DAGs
[2024-09-23T18:44:44.404+0000] {logging_mixin.py:190} INFO - [2024-09-23T18:44:44.404+0000] {dag.py:4156} INFO - Setting next_dagrun for dag_connect_with_postgre to 2024-09-23 00:00:00+00:00, run_after=2024-09-24 00:00:00+00:00
[2024-09-23T18:44:44.441+0000] {processor.py:208} INFO - Processing /opt/airflow/dags/dag_connect_with_postgre.py took 0.195 seconds
[2024-09-23T18:45:15.123+0000] {processor.py:186} INFO - Started process (PID=467) to work on /opt/airflow/dags/dag_connect_with_postgre.py
[2024-09-23T18:45:15.125+0000] {processor.py:914} INFO - Processing file /opt/airflow/dags/dag_connect_with_postgre.py for tasks to queue
[2024-09-23T18:45:15.129+0000] {logging_mixin.py:190} INFO - [2024-09-23T18:45:15.129+0000] {dagbag.py:587} INFO - Filling up the DagBag from /opt/airflow/dags/dag_connect_with_postgre.py
[2024-09-23T18:45:15.189+0000] {processor.py:925} INFO - DAG(s) 'dag_connect_with_postgre' retrieved from /opt/airflow/dags/dag_connect_with_postgre.py
[2024-09-23T18:45:15.227+0000] {logging_mixin.py:190} INFO - [2024-09-23T18:45:15.226+0000] {dag.py:3229} INFO - Sync 1 DAGs
[2024-09-23T18:45:15.268+0000] {logging_mixin.py:190} INFO - [2024-09-23T18:45:15.267+0000] {dag.py:4156} INFO - Setting next_dagrun for dag_connect_with_postgre to 2024-09-23 00:00:00+00:00, run_after=2024-09-24 00:00:00+00:00
[2024-09-23T18:45:15.309+0000] {processor.py:208} INFO - Processing /opt/airflow/dags/dag_connect_with_postgre.py took 0.194 seconds
[2024-09-23T18:45:45.542+0000] {processor.py:186} INFO - Started process (PID=500) to work on /opt/airflow/dags/dag_connect_with_postgre.py
[2024-09-23T18:45:45.544+0000] {processor.py:914} INFO - Processing file /opt/airflow/dags/dag_connect_with_postgre.py for tasks to queue
[2024-09-23T18:45:45.551+0000] {logging_mixin.py:190} INFO - [2024-09-23T18:45:45.550+0000] {dagbag.py:587} INFO - Filling up the DagBag from /opt/airflow/dags/dag_connect_with_postgre.py
[2024-09-23T18:45:45.644+0000] {processor.py:925} INFO - DAG(s) 'dag_connect_with_postgre' retrieved from /opt/airflow/dags/dag_connect_with_postgre.py
[2024-09-23T18:45:45.677+0000] {logging_mixin.py:190} INFO - [2024-09-23T18:45:45.677+0000] {dag.py:3229} INFO - Sync 1 DAGs
[2024-09-23T18:45:45.723+0000] {logging_mixin.py:190} INFO - [2024-09-23T18:45:45.723+0000] {dag.py:4156} INFO - Setting next_dagrun for dag_connect_with_postgre to 2024-09-23 00:00:00+00:00, run_after=2024-09-24 00:00:00+00:00
[2024-09-23T18:45:45.761+0000] {processor.py:208} INFO - Processing /opt/airflow/dags/dag_connect_with_postgre.py took 0.238 seconds
[2024-09-23T18:46:16.047+0000] {processor.py:186} INFO - Started process (PID=533) to work on /opt/airflow/dags/dag_connect_with_postgre.py
[2024-09-23T18:46:16.049+0000] {processor.py:914} INFO - Processing file /opt/airflow/dags/dag_connect_with_postgre.py for tasks to queue
[2024-09-23T18:46:16.051+0000] {logging_mixin.py:190} INFO - [2024-09-23T18:46:16.051+0000] {dagbag.py:587} INFO - Filling up the DagBag from /opt/airflow/dags/dag_connect_with_postgre.py
[2024-09-23T18:46:16.145+0000] {processor.py:925} INFO - DAG(s) 'dag_connect_with_postgre' retrieved from /opt/airflow/dags/dag_connect_with_postgre.py
[2024-09-23T18:46:16.165+0000] {logging_mixin.py:190} INFO - [2024-09-23T18:46:16.165+0000] {dag.py:3229} INFO - Sync 1 DAGs
[2024-09-23T18:46:16.192+0000] {logging_mixin.py:190} INFO - [2024-09-23T18:46:16.192+0000] {dag.py:4156} INFO - Setting next_dagrun for dag_connect_with_postgre to 2024-09-23 00:00:00+00:00, run_after=2024-09-24 00:00:00+00:00
[2024-09-23T18:46:16.221+0000] {processor.py:208} INFO - Processing /opt/airflow/dags/dag_connect_with_postgre.py took 0.180 seconds
[2024-09-23T18:46:47.319+0000] {processor.py:186} INFO - Started process (PID=566) to work on /opt/airflow/dags/dag_connect_with_postgre.py
[2024-09-23T18:46:47.320+0000] {processor.py:914} INFO - Processing file /opt/airflow/dags/dag_connect_with_postgre.py for tasks to queue
[2024-09-23T18:46:47.323+0000] {logging_mixin.py:190} INFO - [2024-09-23T18:46:47.323+0000] {dagbag.py:587} INFO - Filling up the DagBag from /opt/airflow/dags/dag_connect_with_postgre.py
[2024-09-23T18:46:47.420+0000] {processor.py:925} INFO - DAG(s) 'dag_connect_with_postgre' retrieved from /opt/airflow/dags/dag_connect_with_postgre.py
[2024-09-23T18:46:47.436+0000] {logging_mixin.py:190} INFO - [2024-09-23T18:46:47.435+0000] {dag.py:3229} INFO - Sync 1 DAGs
[2024-09-23T18:46:47.456+0000] {logging_mixin.py:190} INFO - [2024-09-23T18:46:47.456+0000] {dag.py:4156} INFO - Setting next_dagrun for dag_connect_with_postgre to 2024-09-23 00:00:00+00:00, run_after=2024-09-24 00:00:00+00:00
[2024-09-23T18:46:47.483+0000] {processor.py:208} INFO - Processing /opt/airflow/dags/dag_connect_with_postgre.py took 0.172 seconds
[2024-09-23T18:47:18.432+0000] {processor.py:186} INFO - Started process (PID=599) to work on /opt/airflow/dags/dag_connect_with_postgre.py
[2024-09-23T18:47:18.434+0000] {processor.py:914} INFO - Processing file /opt/airflow/dags/dag_connect_with_postgre.py for tasks to queue
[2024-09-23T18:47:18.438+0000] {logging_mixin.py:190} INFO - [2024-09-23T18:47:18.438+0000] {dagbag.py:587} INFO - Filling up the DagBag from /opt/airflow/dags/dag_connect_with_postgre.py
[2024-09-23T18:47:18.531+0000] {processor.py:925} INFO - DAG(s) 'dag_connect_with_postgre' retrieved from /opt/airflow/dags/dag_connect_with_postgre.py
[2024-09-23T18:47:18.566+0000] {logging_mixin.py:190} INFO - [2024-09-23T18:47:18.566+0000] {dag.py:3229} INFO - Sync 1 DAGs
[2024-09-23T18:47:18.587+0000] {logging_mixin.py:190} INFO - [2024-09-23T18:47:18.586+0000] {dag.py:4156} INFO - Setting next_dagrun for dag_connect_with_postgre to 2024-09-23 00:00:00+00:00, run_after=2024-09-24 00:00:00+00:00
[2024-09-23T18:47:18.622+0000] {processor.py:208} INFO - Processing /opt/airflow/dags/dag_connect_with_postgre.py took 0.197 seconds
[2024-09-23T18:47:49.013+0000] {processor.py:186} INFO - Started process (PID=632) to work on /opt/airflow/dags/dag_connect_with_postgre.py
[2024-09-23T18:47:49.015+0000] {processor.py:914} INFO - Processing file /opt/airflow/dags/dag_connect_with_postgre.py for tasks to queue
[2024-09-23T18:47:49.018+0000] {logging_mixin.py:190} INFO - [2024-09-23T18:47:49.017+0000] {dagbag.py:587} INFO - Filling up the DagBag from /opt/airflow/dags/dag_connect_with_postgre.py
[2024-09-23T18:47:49.080+0000] {processor.py:925} INFO - DAG(s) 'dag_connect_with_postgre' retrieved from /opt/airflow/dags/dag_connect_with_postgre.py
[2024-09-23T18:47:49.099+0000] {logging_mixin.py:190} INFO - [2024-09-23T18:47:49.099+0000] {dag.py:3229} INFO - Sync 1 DAGs
[2024-09-23T18:47:49.121+0000] {logging_mixin.py:190} INFO - [2024-09-23T18:47:49.121+0000] {dag.py:4156} INFO - Setting next_dagrun for dag_connect_with_postgre to 2024-09-23 00:00:00+00:00, run_after=2024-09-24 00:00:00+00:00
[2024-09-23T18:47:49.150+0000] {processor.py:208} INFO - Processing /opt/airflow/dags/dag_connect_with_postgre.py took 0.145 seconds
[2024-09-23T18:48:19.835+0000] {processor.py:186} INFO - Started process (PID=665) to work on /opt/airflow/dags/dag_connect_with_postgre.py
[2024-09-23T18:48:19.837+0000] {processor.py:914} INFO - Processing file /opt/airflow/dags/dag_connect_with_postgre.py for tasks to queue
[2024-09-23T18:48:19.840+0000] {logging_mixin.py:190} INFO - [2024-09-23T18:48:19.839+0000] {dagbag.py:587} INFO - Filling up the DagBag from /opt/airflow/dags/dag_connect_with_postgre.py
[2024-09-23T18:48:19.943+0000] {processor.py:925} INFO - DAG(s) 'dag_connect_with_postgre' retrieved from /opt/airflow/dags/dag_connect_with_postgre.py
[2024-09-23T18:48:19.963+0000] {logging_mixin.py:190} INFO - [2024-09-23T18:48:19.963+0000] {dag.py:3229} INFO - Sync 1 DAGs
[2024-09-23T18:48:19.999+0000] {logging_mixin.py:190} INFO - [2024-09-23T18:48:19.998+0000] {dag.py:4156} INFO - Setting next_dagrun for dag_connect_with_postgre to 2024-09-23 00:00:00+00:00, run_after=2024-09-24 00:00:00+00:00
[2024-09-23T18:48:20.030+0000] {processor.py:208} INFO - Processing /opt/airflow/dags/dag_connect_with_postgre.py took 0.201 seconds
[2024-09-23T18:48:50.481+0000] {processor.py:186} INFO - Started process (PID=698) to work on /opt/airflow/dags/dag_connect_with_postgre.py
[2024-09-23T18:48:50.482+0000] {processor.py:914} INFO - Processing file /opt/airflow/dags/dag_connect_with_postgre.py for tasks to queue
[2024-09-23T18:48:50.486+0000] {logging_mixin.py:190} INFO - [2024-09-23T18:48:50.486+0000] {dagbag.py:587} INFO - Filling up the DagBag from /opt/airflow/dags/dag_connect_with_postgre.py
[2024-09-23T18:48:50.557+0000] {processor.py:925} INFO - DAG(s) 'dag_connect_with_postgre' retrieved from /opt/airflow/dags/dag_connect_with_postgre.py
[2024-09-23T18:48:50.579+0000] {logging_mixin.py:190} INFO - [2024-09-23T18:48:50.578+0000] {dag.py:3229} INFO - Sync 1 DAGs
[2024-09-23T18:48:50.607+0000] {logging_mixin.py:190} INFO - [2024-09-23T18:48:50.607+0000] {dag.py:4156} INFO - Setting next_dagrun for dag_connect_with_postgre to 2024-09-23 00:00:00+00:00, run_after=2024-09-24 00:00:00+00:00
[2024-09-23T18:48:50.646+0000] {processor.py:208} INFO - Processing /opt/airflow/dags/dag_connect_with_postgre.py took 0.171 seconds
[2024-09-23T18:49:21.357+0000] {processor.py:186} INFO - Started process (PID=728) to work on /opt/airflow/dags/dag_connect_with_postgre.py
[2024-09-23T18:49:21.359+0000] {processor.py:914} INFO - Processing file /opt/airflow/dags/dag_connect_with_postgre.py for tasks to queue
[2024-09-23T18:49:21.362+0000] {logging_mixin.py:190} INFO - [2024-09-23T18:49:21.361+0000] {dagbag.py:587} INFO - Filling up the DagBag from /opt/airflow/dags/dag_connect_with_postgre.py
[2024-09-23T18:49:21.431+0000] {processor.py:925} INFO - DAG(s) 'dag_connect_with_postgre' retrieved from /opt/airflow/dags/dag_connect_with_postgre.py
[2024-09-23T18:49:21.455+0000] {logging_mixin.py:190} INFO - [2024-09-23T18:49:21.455+0000] {dag.py:3229} INFO - Sync 1 DAGs
[2024-09-23T18:49:21.490+0000] {logging_mixin.py:190} INFO - [2024-09-23T18:49:21.489+0000] {dag.py:4156} INFO - Setting next_dagrun for dag_connect_with_postgre to 2024-09-23 00:00:00+00:00, run_after=2024-09-24 00:00:00+00:00
[2024-09-23T18:49:21.525+0000] {processor.py:208} INFO - Processing /opt/airflow/dags/dag_connect_with_postgre.py took 0.173 seconds
[2024-09-23T18:49:52.568+0000] {processor.py:186} INFO - Started process (PID=764) to work on /opt/airflow/dags/dag_connect_with_postgre.py
[2024-09-23T18:49:52.569+0000] {processor.py:914} INFO - Processing file /opt/airflow/dags/dag_connect_with_postgre.py for tasks to queue
[2024-09-23T18:49:52.572+0000] {logging_mixin.py:190} INFO - [2024-09-23T18:49:52.572+0000] {dagbag.py:587} INFO - Filling up the DagBag from /opt/airflow/dags/dag_connect_with_postgre.py
[2024-09-23T18:49:52.651+0000] {processor.py:925} INFO - DAG(s) 'dag_connect_with_postgre' retrieved from /opt/airflow/dags/dag_connect_with_postgre.py
[2024-09-23T18:49:52.671+0000] {logging_mixin.py:190} INFO - [2024-09-23T18:49:52.671+0000] {dag.py:3229} INFO - Sync 1 DAGs
[2024-09-23T18:49:52.692+0000] {logging_mixin.py:190} INFO - [2024-09-23T18:49:52.691+0000] {dag.py:4156} INFO - Setting next_dagrun for dag_connect_with_postgre to 2024-09-23 00:00:00+00:00, run_after=2024-09-24 00:00:00+00:00
[2024-09-23T18:49:52.720+0000] {processor.py:208} INFO - Processing /opt/airflow/dags/dag_connect_with_postgre.py took 0.160 seconds
[2024-09-23T18:50:23.358+0000] {processor.py:186} INFO - Started process (PID=794) to work on /opt/airflow/dags/dag_connect_with_postgre.py
[2024-09-23T18:50:23.360+0000] {processor.py:914} INFO - Processing file /opt/airflow/dags/dag_connect_with_postgre.py for tasks to queue
[2024-09-23T18:50:23.368+0000] {logging_mixin.py:190} INFO - [2024-09-23T18:50:23.367+0000] {dagbag.py:587} INFO - Filling up the DagBag from /opt/airflow/dags/dag_connect_with_postgre.py
[2024-09-23T18:50:23.464+0000] {processor.py:925} INFO - DAG(s) 'dag_connect_with_postgre' retrieved from /opt/airflow/dags/dag_connect_with_postgre.py
[2024-09-23T18:50:23.501+0000] {logging_mixin.py:190} INFO - [2024-09-23T18:50:23.500+0000] {dag.py:3229} INFO - Sync 1 DAGs
[2024-09-23T18:50:23.544+0000] {logging_mixin.py:190} INFO - [2024-09-23T18:50:23.543+0000] {dag.py:4156} INFO - Setting next_dagrun for dag_connect_with_postgre to 2024-09-23 00:00:00+00:00, run_after=2024-09-24 00:00:00+00:00
[2024-09-23T18:50:23.598+0000] {processor.py:208} INFO - Processing /opt/airflow/dags/dag_connect_with_postgre.py took 0.252 seconds
[2024-09-23T18:50:53.910+0000] {processor.py:186} INFO - Started process (PID=827) to work on /opt/airflow/dags/dag_connect_with_postgre.py
[2024-09-23T18:50:53.911+0000] {processor.py:914} INFO - Processing file /opt/airflow/dags/dag_connect_with_postgre.py for tasks to queue
[2024-09-23T18:50:53.914+0000] {logging_mixin.py:190} INFO - [2024-09-23T18:50:53.914+0000] {dagbag.py:587} INFO - Filling up the DagBag from /opt/airflow/dags/dag_connect_with_postgre.py
[2024-09-23T18:50:54.005+0000] {processor.py:925} INFO - DAG(s) 'dag_connect_with_postgre' retrieved from /opt/airflow/dags/dag_connect_with_postgre.py
[2024-09-23T18:50:54.027+0000] {logging_mixin.py:190} INFO - [2024-09-23T18:50:54.027+0000] {dag.py:3229} INFO - Sync 1 DAGs
[2024-09-23T18:50:54.050+0000] {logging_mixin.py:190} INFO - [2024-09-23T18:50:54.050+0000] {dag.py:4156} INFO - Setting next_dagrun for dag_connect_with_postgre to 2024-09-23 00:00:00+00:00, run_after=2024-09-24 00:00:00+00:00
[2024-09-23T18:50:54.077+0000] {processor.py:208} INFO - Processing /opt/airflow/dags/dag_connect_with_postgre.py took 0.174 seconds
[2024-09-23T18:51:24.350+0000] {processor.py:186} INFO - Started process (PID=860) to work on /opt/airflow/dags/dag_connect_with_postgre.py
[2024-09-23T18:51:24.352+0000] {processor.py:914} INFO - Processing file /opt/airflow/dags/dag_connect_with_postgre.py for tasks to queue
[2024-09-23T18:51:24.357+0000] {logging_mixin.py:190} INFO - [2024-09-23T18:51:24.357+0000] {dagbag.py:587} INFO - Filling up the DagBag from /opt/airflow/dags/dag_connect_with_postgre.py
[2024-09-23T18:51:24.490+0000] {processor.py:925} INFO - DAG(s) 'dag_connect_with_postgre' retrieved from /opt/airflow/dags/dag_connect_with_postgre.py
[2024-09-23T18:51:24.539+0000] {logging_mixin.py:190} INFO - [2024-09-23T18:51:24.539+0000] {dag.py:3229} INFO - Sync 1 DAGs
[2024-09-23T18:51:24.629+0000] {logging_mixin.py:190} INFO - [2024-09-23T18:51:24.629+0000] {dag.py:4156} INFO - Setting next_dagrun for dag_connect_with_postgre to 2024-09-23 00:00:00+00:00, run_after=2024-09-24 00:00:00+00:00
[2024-09-23T18:51:24.672+0000] {processor.py:208} INFO - Processing /opt/airflow/dags/dag_connect_with_postgre.py took 0.330 seconds
[2024-09-23T18:51:55.620+0000] {processor.py:186} INFO - Started process (PID=893) to work on /opt/airflow/dags/dag_connect_with_postgre.py
[2024-09-23T18:51:55.622+0000] {processor.py:914} INFO - Processing file /opt/airflow/dags/dag_connect_with_postgre.py for tasks to queue
[2024-09-23T18:51:55.625+0000] {logging_mixin.py:190} INFO - [2024-09-23T18:51:55.624+0000] {dagbag.py:587} INFO - Filling up the DagBag from /opt/airflow/dags/dag_connect_with_postgre.py
[2024-09-23T18:51:55.705+0000] {processor.py:925} INFO - DAG(s) 'dag_connect_with_postgre' retrieved from /opt/airflow/dags/dag_connect_with_postgre.py
[2024-09-23T18:51:55.728+0000] {logging_mixin.py:190} INFO - [2024-09-23T18:51:55.728+0000] {dag.py:3229} INFO - Sync 1 DAGs
[2024-09-23T18:51:55.754+0000] {logging_mixin.py:190} INFO - [2024-09-23T18:51:55.754+0000] {dag.py:4156} INFO - Setting next_dagrun for dag_connect_with_postgre to 2024-09-23 00:00:00+00:00, run_after=2024-09-24 00:00:00+00:00
[2024-09-23T18:51:55.786+0000] {processor.py:208} INFO - Processing /opt/airflow/dags/dag_connect_with_postgre.py took 0.171 seconds
[2024-09-23T18:52:26.677+0000] {processor.py:186} INFO - Started process (PID=929) to work on /opt/airflow/dags/dag_connect_with_postgre.py
[2024-09-23T18:52:26.678+0000] {processor.py:914} INFO - Processing file /opt/airflow/dags/dag_connect_with_postgre.py for tasks to queue
[2024-09-23T18:52:26.682+0000] {logging_mixin.py:190} INFO - [2024-09-23T18:52:26.681+0000] {dagbag.py:587} INFO - Filling up the DagBag from /opt/airflow/dags/dag_connect_with_postgre.py
[2024-09-23T18:52:26.746+0000] {processor.py:925} INFO - DAG(s) 'dag_connect_with_postgre' retrieved from /opt/airflow/dags/dag_connect_with_postgre.py
[2024-09-23T18:52:26.771+0000] {logging_mixin.py:190} INFO - [2024-09-23T18:52:26.770+0000] {dag.py:3229} INFO - Sync 1 DAGs
[2024-09-23T18:52:26.801+0000] {logging_mixin.py:190} INFO - [2024-09-23T18:52:26.801+0000] {dag.py:4156} INFO - Setting next_dagrun for dag_connect_with_postgre to 2024-09-23 00:00:00+00:00, run_after=2024-09-24 00:00:00+00:00
[2024-09-23T18:52:26.828+0000] {processor.py:208} INFO - Processing /opt/airflow/dags/dag_connect_with_postgre.py took 0.158 seconds
[2024-09-23T18:52:57.722+0000] {processor.py:186} INFO - Started process (PID=962) to work on /opt/airflow/dags/dag_connect_with_postgre.py
[2024-09-23T18:52:57.724+0000] {processor.py:914} INFO - Processing file /opt/airflow/dags/dag_connect_with_postgre.py for tasks to queue
[2024-09-23T18:52:57.729+0000] {logging_mixin.py:190} INFO - [2024-09-23T18:52:57.729+0000] {dagbag.py:587} INFO - Filling up the DagBag from /opt/airflow/dags/dag_connect_with_postgre.py
[2024-09-23T18:52:57.828+0000] {processor.py:925} INFO - DAG(s) 'dag_connect_with_postgre' retrieved from /opt/airflow/dags/dag_connect_with_postgre.py
[2024-09-23T18:52:57.848+0000] {logging_mixin.py:190} INFO - [2024-09-23T18:52:57.848+0000] {dag.py:3229} INFO - Sync 1 DAGs
[2024-09-23T18:52:57.871+0000] {logging_mixin.py:190} INFO - [2024-09-23T18:52:57.871+0000] {dag.py:4156} INFO - Setting next_dagrun for dag_connect_with_postgre to 2024-09-23 00:00:00+00:00, run_after=2024-09-24 00:00:00+00:00
[2024-09-23T18:52:57.897+0000] {processor.py:208} INFO - Processing /opt/airflow/dags/dag_connect_with_postgre.py took 0.186 seconds
[2024-09-23T18:53:28.762+0000] {processor.py:186} INFO - Started process (PID=995) to work on /opt/airflow/dags/dag_connect_with_postgre.py
[2024-09-23T18:53:28.764+0000] {processor.py:914} INFO - Processing file /opt/airflow/dags/dag_connect_with_postgre.py for tasks to queue
[2024-09-23T18:53:28.768+0000] {logging_mixin.py:190} INFO - [2024-09-23T18:53:28.767+0000] {dagbag.py:587} INFO - Filling up the DagBag from /opt/airflow/dags/dag_connect_with_postgre.py
[2024-09-23T18:53:28.879+0000] {processor.py:925} INFO - DAG(s) 'dag_connect_with_postgre' retrieved from /opt/airflow/dags/dag_connect_with_postgre.py
[2024-09-23T18:53:28.910+0000] {logging_mixin.py:190} INFO - [2024-09-23T18:53:28.910+0000] {dag.py:3229} INFO - Sync 1 DAGs
[2024-09-23T18:53:28.933+0000] {logging_mixin.py:190} INFO - [2024-09-23T18:53:28.932+0000] {dag.py:4156} INFO - Setting next_dagrun for dag_connect_with_postgre to 2024-09-23 00:00:00+00:00, run_after=2024-09-24 00:00:00+00:00
[2024-09-23T18:53:28.964+0000] {processor.py:208} INFO - Processing /opt/airflow/dags/dag_connect_with_postgre.py took 0.210 seconds
[2024-09-23T18:53:59.864+0000] {processor.py:186} INFO - Started process (PID=1028) to work on /opt/airflow/dags/dag_connect_with_postgre.py
[2024-09-23T18:53:59.866+0000] {processor.py:914} INFO - Processing file /opt/airflow/dags/dag_connect_with_postgre.py for tasks to queue
[2024-09-23T18:53:59.869+0000] {logging_mixin.py:190} INFO - [2024-09-23T18:53:59.869+0000] {dagbag.py:587} INFO - Filling up the DagBag from /opt/airflow/dags/dag_connect_with_postgre.py
[2024-09-23T18:53:59.955+0000] {processor.py:925} INFO - DAG(s) 'dag_connect_with_postgre' retrieved from /opt/airflow/dags/dag_connect_with_postgre.py
[2024-09-23T18:53:59.972+0000] {logging_mixin.py:190} INFO - [2024-09-23T18:53:59.972+0000] {dag.py:3229} INFO - Sync 1 DAGs
[2024-09-23T18:54:00.001+0000] {logging_mixin.py:190} INFO - [2024-09-23T18:54:00.001+0000] {dag.py:4156} INFO - Setting next_dagrun for dag_connect_with_postgre to 2024-09-23 00:00:00+00:00, run_after=2024-09-24 00:00:00+00:00
[2024-09-23T18:54:00.031+0000] {processor.py:208} INFO - Processing /opt/airflow/dags/dag_connect_with_postgre.py took 0.173 seconds
[2024-09-23T18:54:30.439+0000] {processor.py:186} INFO - Started process (PID=1061) to work on /opt/airflow/dags/dag_connect_with_postgre.py
[2024-09-23T18:54:30.440+0000] {processor.py:914} INFO - Processing file /opt/airflow/dags/dag_connect_with_postgre.py for tasks to queue
[2024-09-23T18:54:30.443+0000] {logging_mixin.py:190} INFO - [2024-09-23T18:54:30.442+0000] {dagbag.py:587} INFO - Filling up the DagBag from /opt/airflow/dags/dag_connect_with_postgre.py
[2024-09-23T18:54:30.530+0000] {processor.py:925} INFO - DAG(s) 'dag_connect_with_postgre' retrieved from /opt/airflow/dags/dag_connect_with_postgre.py
[2024-09-23T18:54:30.547+0000] {logging_mixin.py:190} INFO - [2024-09-23T18:54:30.547+0000] {dag.py:3229} INFO - Sync 1 DAGs
[2024-09-23T18:54:30.570+0000] {logging_mixin.py:190} INFO - [2024-09-23T18:54:30.570+0000] {dag.py:4156} INFO - Setting next_dagrun for dag_connect_with_postgre to 2024-09-23 00:00:00+00:00, run_after=2024-09-24 00:00:00+00:00
[2024-09-23T18:54:30.601+0000] {processor.py:208} INFO - Processing /opt/airflow/dags/dag_connect_with_postgre.py took 0.169 seconds
[2024-09-23T18:55:01.400+0000] {processor.py:186} INFO - Started process (PID=1094) to work on /opt/airflow/dags/dag_connect_with_postgre.py
[2024-09-23T18:55:01.402+0000] {processor.py:914} INFO - Processing file /opt/airflow/dags/dag_connect_with_postgre.py for tasks to queue
[2024-09-23T18:55:01.405+0000] {logging_mixin.py:190} INFO - [2024-09-23T18:55:01.404+0000] {dagbag.py:587} INFO - Filling up the DagBag from /opt/airflow/dags/dag_connect_with_postgre.py
[2024-09-23T18:55:01.528+0000] {processor.py:925} INFO - DAG(s) 'dag_connect_with_postgre' retrieved from /opt/airflow/dags/dag_connect_with_postgre.py
[2024-09-23T18:55:01.572+0000] {logging_mixin.py:190} INFO - [2024-09-23T18:55:01.572+0000] {dag.py:3229} INFO - Sync 1 DAGs
[2024-09-23T18:55:01.594+0000] {logging_mixin.py:190} INFO - [2024-09-23T18:55:01.593+0000] {dag.py:4156} INFO - Setting next_dagrun for dag_connect_with_postgre to 2024-09-23 00:00:00+00:00, run_after=2024-09-24 00:00:00+00:00
[2024-09-23T18:55:01.621+0000] {processor.py:208} INFO - Processing /opt/airflow/dags/dag_connect_with_postgre.py took 0.229 seconds
[2024-09-23T19:21:07.396+0000] {processor.py:186} INFO - Started process (PID=170) to work on /opt/airflow/dags/dag_connect_with_postgre.py
[2024-09-23T19:21:07.399+0000] {processor.py:914} INFO - Processing file /opt/airflow/dags/dag_connect_with_postgre.py for tasks to queue
[2024-09-23T19:21:07.410+0000] {logging_mixin.py:190} INFO - [2024-09-23T19:21:07.409+0000] {dagbag.py:587} INFO - Filling up the DagBag from /opt/airflow/dags/dag_connect_with_postgre.py
[2024-09-23T19:21:07.616+0000] {processor.py:925} INFO - DAG(s) 'dag_connect_with_postgre' retrieved from /opt/airflow/dags/dag_connect_with_postgre.py
[2024-09-23T19:21:08.124+0000] {logging_mixin.py:190} INFO - [2024-09-23T19:21:08.123+0000] {override.py:1900} INFO - Created Permission View: can edit on DAG:dag_connect_with_postgre
[2024-09-23T19:21:08.157+0000] {logging_mixin.py:190} INFO - [2024-09-23T19:21:08.156+0000] {override.py:1900} INFO - Created Permission View: can read on DAG:dag_connect_with_postgre
[2024-09-23T19:21:08.182+0000] {logging_mixin.py:190} INFO - [2024-09-23T19:21:08.181+0000] {override.py:1900} INFO - Created Permission View: can delete on DAG:dag_connect_with_postgre
[2024-09-23T19:21:08.218+0000] {logging_mixin.py:190} INFO - [2024-09-23T19:21:08.218+0000] {override.py:1900} INFO - Created Permission View: menu access on DAG Run:dag_connect_with_postgre
[2024-09-23T19:21:08.252+0000] {logging_mixin.py:190} INFO - [2024-09-23T19:21:08.252+0000] {override.py:1900} INFO - Created Permission View: can read on DAG Run:dag_connect_with_postgre
[2024-09-23T19:21:08.280+0000] {logging_mixin.py:190} INFO - [2024-09-23T19:21:08.279+0000] {override.py:1900} INFO - Created Permission View: can create on DAG Run:dag_connect_with_postgre
[2024-09-23T19:21:08.311+0000] {logging_mixin.py:190} INFO - [2024-09-23T19:21:08.310+0000] {override.py:1900} INFO - Created Permission View: can delete on DAG Run:dag_connect_with_postgre
[2024-09-23T19:21:08.333+0000] {logging_mixin.py:190} INFO - [2024-09-23T19:21:08.333+0000] {dag.py:3229} INFO - Sync 1 DAGs
[2024-09-23T19:21:08.372+0000] {logging_mixin.py:190} INFO - [2024-09-23T19:21:08.370+0000] {dag.py:3252} INFO - Creating ORM DAG for dag_connect_with_postgre
[2024-09-23T19:21:08.407+0000] {logging_mixin.py:190} INFO - [2024-09-23T19:21:08.407+0000] {dag.py:4156} INFO - Setting next_dagrun for dag_connect_with_postgre to 2024-09-23 00:00:00+00:00, run_after=2024-09-24 00:00:00+00:00
[2024-09-23T19:21:08.536+0000] {processor.py:208} INFO - Processing /opt/airflow/dags/dag_connect_with_postgre.py took 1.153 seconds
[2024-09-23T19:21:39.110+0000] {processor.py:186} INFO - Started process (PID=203) to work on /opt/airflow/dags/dag_connect_with_postgre.py
[2024-09-23T19:21:39.115+0000] {processor.py:914} INFO - Processing file /opt/airflow/dags/dag_connect_with_postgre.py for tasks to queue
[2024-09-23T19:21:39.123+0000] {logging_mixin.py:190} INFO - [2024-09-23T19:21:39.122+0000] {dagbag.py:587} INFO - Filling up the DagBag from /opt/airflow/dags/dag_connect_with_postgre.py
[2024-09-23T19:21:39.215+0000] {processor.py:925} INFO - DAG(s) 'dag_connect_with_postgre' retrieved from /opt/airflow/dags/dag_connect_with_postgre.py
[2024-09-23T19:21:39.258+0000] {logging_mixin.py:190} INFO - [2024-09-23T19:21:39.257+0000] {dag.py:3229} INFO - Sync 1 DAGs
[2024-09-23T19:21:39.314+0000] {logging_mixin.py:190} INFO - [2024-09-23T19:21:39.313+0000] {dag.py:4156} INFO - Setting next_dagrun for dag_connect_with_postgre to 2024-09-23 00:00:00+00:00, run_after=2024-09-24 00:00:00+00:00
[2024-09-23T19:21:39.359+0000] {processor.py:208} INFO - Processing /opt/airflow/dags/dag_connect_with_postgre.py took 0.270 seconds
[2024-09-23T19:22:09.577+0000] {processor.py:186} INFO - Started process (PID=236) to work on /opt/airflow/dags/dag_connect_with_postgre.py
[2024-09-23T19:22:09.579+0000] {processor.py:914} INFO - Processing file /opt/airflow/dags/dag_connect_with_postgre.py for tasks to queue
[2024-09-23T19:22:09.617+0000] {logging_mixin.py:190} INFO - [2024-09-23T19:22:09.615+0000] {dagbag.py:587} INFO - Filling up the DagBag from /opt/airflow/dags/dag_connect_with_postgre.py
[2024-09-23T19:22:09.767+0000] {processor.py:925} INFO - DAG(s) 'dag_connect_with_postgre' retrieved from /opt/airflow/dags/dag_connect_with_postgre.py
[2024-09-23T19:22:09.874+0000] {logging_mixin.py:190} INFO - [2024-09-23T19:22:09.873+0000] {dag.py:3229} INFO - Sync 1 DAGs
[2024-09-23T19:22:09.975+0000] {logging_mixin.py:190} INFO - [2024-09-23T19:22:09.975+0000] {dag.py:4156} INFO - Setting next_dagrun for dag_connect_with_postgre to 2024-09-23 00:00:00+00:00, run_after=2024-09-24 00:00:00+00:00
[2024-09-23T19:22:10.036+0000] {processor.py:208} INFO - Processing /opt/airflow/dags/dag_connect_with_postgre.py took 0.532 seconds
[2024-09-23T19:22:41.242+0000] {processor.py:186} INFO - Started process (PID=269) to work on /opt/airflow/dags/dag_connect_with_postgre.py
[2024-09-23T19:22:41.249+0000] {processor.py:914} INFO - Processing file /opt/airflow/dags/dag_connect_with_postgre.py for tasks to queue
[2024-09-23T19:22:41.259+0000] {logging_mixin.py:190} INFO - [2024-09-23T19:22:41.257+0000] {dagbag.py:587} INFO - Filling up the DagBag from /opt/airflow/dags/dag_connect_with_postgre.py
[2024-09-23T19:22:41.456+0000] {processor.py:925} INFO - DAG(s) 'dag_connect_with_postgre' retrieved from /opt/airflow/dags/dag_connect_with_postgre.py
[2024-09-23T19:22:41.509+0000] {logging_mixin.py:190} INFO - [2024-09-23T19:22:41.509+0000] {dag.py:3229} INFO - Sync 1 DAGs
[2024-09-23T19:22:41.564+0000] {logging_mixin.py:190} INFO - [2024-09-23T19:22:41.564+0000] {dag.py:4156} INFO - Setting next_dagrun for dag_connect_with_postgre to 2024-09-23 00:00:00+00:00, run_after=2024-09-24 00:00:00+00:00
[2024-09-23T19:22:41.614+0000] {processor.py:208} INFO - Processing /opt/airflow/dags/dag_connect_with_postgre.py took 0.395 seconds
[2024-09-23T19:23:12.293+0000] {processor.py:186} INFO - Started process (PID=302) to work on /opt/airflow/dags/dag_connect_with_postgre.py
[2024-09-23T19:23:12.294+0000] {processor.py:914} INFO - Processing file /opt/airflow/dags/dag_connect_with_postgre.py for tasks to queue
[2024-09-23T19:23:12.298+0000] {logging_mixin.py:190} INFO - [2024-09-23T19:23:12.297+0000] {dagbag.py:587} INFO - Filling up the DagBag from /opt/airflow/dags/dag_connect_with_postgre.py
[2024-09-23T19:23:12.356+0000] {processor.py:925} INFO - DAG(s) 'dag_connect_with_postgre' retrieved from /opt/airflow/dags/dag_connect_with_postgre.py
[2024-09-23T19:23:12.385+0000] {logging_mixin.py:190} INFO - [2024-09-23T19:23:12.384+0000] {dag.py:3229} INFO - Sync 1 DAGs
[2024-09-23T19:23:12.415+0000] {logging_mixin.py:190} INFO - [2024-09-23T19:23:12.415+0000] {dag.py:4156} INFO - Setting next_dagrun for dag_connect_with_postgre to 2024-09-23 00:00:00+00:00, run_after=2024-09-24 00:00:00+00:00
[2024-09-23T19:23:12.449+0000] {processor.py:208} INFO - Processing /opt/airflow/dags/dag_connect_with_postgre.py took 0.163 seconds
[2024-09-23T19:23:43.463+0000] {processor.py:186} INFO - Started process (PID=335) to work on /opt/airflow/dags/dag_connect_with_postgre.py
[2024-09-23T19:23:43.472+0000] {processor.py:914} INFO - Processing file /opt/airflow/dags/dag_connect_with_postgre.py for tasks to queue
[2024-09-23T19:23:43.478+0000] {logging_mixin.py:190} INFO - [2024-09-23T19:23:43.477+0000] {dagbag.py:587} INFO - Filling up the DagBag from /opt/airflow/dags/dag_connect_with_postgre.py
[2024-09-23T19:23:43.668+0000] {processor.py:925} INFO - DAG(s) 'dag_connect_with_postgre' retrieved from /opt/airflow/dags/dag_connect_with_postgre.py
[2024-09-23T19:23:43.702+0000] {logging_mixin.py:190} INFO - [2024-09-23T19:23:43.701+0000] {dag.py:3229} INFO - Sync 1 DAGs
[2024-09-23T19:23:43.757+0000] {logging_mixin.py:190} INFO - [2024-09-23T19:23:43.756+0000] {dag.py:4156} INFO - Setting next_dagrun for dag_connect_with_postgre to 2024-09-23 00:00:00+00:00, run_after=2024-09-24 00:00:00+00:00
[2024-09-23T19:23:43.831+0000] {processor.py:208} INFO - Processing /opt/airflow/dags/dag_connect_with_postgre.py took 0.380 seconds
[2024-09-23T19:24:14.687+0000] {processor.py:186} INFO - Started process (PID=368) to work on /opt/airflow/dags/dag_connect_with_postgre.py
[2024-09-23T19:24:14.692+0000] {processor.py:914} INFO - Processing file /opt/airflow/dags/dag_connect_with_postgre.py for tasks to queue
[2024-09-23T19:24:14.697+0000] {logging_mixin.py:190} INFO - [2024-09-23T19:24:14.696+0000] {dagbag.py:587} INFO - Filling up the DagBag from /opt/airflow/dags/dag_connect_with_postgre.py
[2024-09-23T19:24:14.907+0000] {processor.py:925} INFO - DAG(s) 'dag_connect_with_postgre' retrieved from /opt/airflow/dags/dag_connect_with_postgre.py
[2024-09-23T19:24:14.950+0000] {logging_mixin.py:190} INFO - [2024-09-23T19:24:14.949+0000] {dag.py:3229} INFO - Sync 1 DAGs
[2024-09-23T19:24:15.000+0000] {logging_mixin.py:190} INFO - [2024-09-23T19:24:15.000+0000] {dag.py:4156} INFO - Setting next_dagrun for dag_connect_with_postgre to 2024-09-23 00:00:00+00:00, run_after=2024-09-24 00:00:00+00:00
[2024-09-23T19:24:15.090+0000] {processor.py:208} INFO - Processing /opt/airflow/dags/dag_connect_with_postgre.py took 0.413 seconds
[2024-09-23T19:24:45.864+0000] {processor.py:186} INFO - Started process (PID=401) to work on /opt/airflow/dags/dag_connect_with_postgre.py
[2024-09-23T19:24:45.878+0000] {processor.py:914} INFO - Processing file /opt/airflow/dags/dag_connect_with_postgre.py for tasks to queue
[2024-09-23T19:24:45.886+0000] {logging_mixin.py:190} INFO - [2024-09-23T19:24:45.885+0000] {dagbag.py:587} INFO - Filling up the DagBag from /opt/airflow/dags/dag_connect_with_postgre.py
[2024-09-23T19:24:45.971+0000] {processor.py:925} INFO - DAG(s) 'dag_connect_with_postgre' retrieved from /opt/airflow/dags/dag_connect_with_postgre.py
[2024-09-23T19:24:45.992+0000] {logging_mixin.py:190} INFO - [2024-09-23T19:24:45.992+0000] {dag.py:3229} INFO - Sync 1 DAGs
[2024-09-23T19:24:46.019+0000] {logging_mixin.py:190} INFO - [2024-09-23T19:24:46.018+0000] {dag.py:4156} INFO - Setting next_dagrun for dag_connect_with_postgre to 2024-09-23 00:00:00+00:00, run_after=2024-09-24 00:00:00+00:00
[2024-09-23T19:24:46.050+0000] {processor.py:208} INFO - Processing /opt/airflow/dags/dag_connect_with_postgre.py took 0.191 seconds
[2024-09-23T19:25:16.715+0000] {processor.py:186} INFO - Started process (PID=434) to work on /opt/airflow/dags/dag_connect_with_postgre.py
[2024-09-23T19:25:16.719+0000] {processor.py:914} INFO - Processing file /opt/airflow/dags/dag_connect_with_postgre.py for tasks to queue
[2024-09-23T19:25:16.725+0000] {logging_mixin.py:190} INFO - [2024-09-23T19:25:16.725+0000] {dagbag.py:587} INFO - Filling up the DagBag from /opt/airflow/dags/dag_connect_with_postgre.py
[2024-09-23T19:25:16.844+0000] {processor.py:925} INFO - DAG(s) 'dag_connect_with_postgre' retrieved from /opt/airflow/dags/dag_connect_with_postgre.py
[2024-09-23T19:25:16.883+0000] {logging_mixin.py:190} INFO - [2024-09-23T19:25:16.882+0000] {dag.py:3229} INFO - Sync 1 DAGs
[2024-09-23T19:25:16.921+0000] {logging_mixin.py:190} INFO - [2024-09-23T19:25:16.921+0000] {dag.py:4156} INFO - Setting next_dagrun for dag_connect_with_postgre to 2024-09-23 00:00:00+00:00, run_after=2024-09-24 00:00:00+00:00
[2024-09-23T19:25:16.957+0000] {processor.py:208} INFO - Processing /opt/airflow/dags/dag_connect_with_postgre.py took 0.263 seconds
[2024-09-23T19:25:47.506+0000] {processor.py:186} INFO - Started process (PID=467) to work on /opt/airflow/dags/dag_connect_with_postgre.py
[2024-09-23T19:25:47.510+0000] {processor.py:914} INFO - Processing file /opt/airflow/dags/dag_connect_with_postgre.py for tasks to queue
[2024-09-23T19:25:47.518+0000] {logging_mixin.py:190} INFO - [2024-09-23T19:25:47.516+0000] {dagbag.py:587} INFO - Filling up the DagBag from /opt/airflow/dags/dag_connect_with_postgre.py
[2024-09-23T19:25:47.630+0000] {processor.py:925} INFO - DAG(s) 'dag_connect_with_postgre' retrieved from /opt/airflow/dags/dag_connect_with_postgre.py
[2024-09-23T19:25:47.671+0000] {logging_mixin.py:190} INFO - [2024-09-23T19:25:47.671+0000] {dag.py:3229} INFO - Sync 1 DAGs
[2024-09-23T19:25:47.711+0000] {logging_mixin.py:190} INFO - [2024-09-23T19:25:47.711+0000] {dag.py:4156} INFO - Setting next_dagrun for dag_connect_with_postgre to 2024-09-23 00:00:00+00:00, run_after=2024-09-24 00:00:00+00:00
[2024-09-23T19:25:47.758+0000] {processor.py:208} INFO - Processing /opt/airflow/dags/dag_connect_with_postgre.py took 0.272 seconds
[2024-09-23T19:26:18.388+0000] {processor.py:186} INFO - Started process (PID=500) to work on /opt/airflow/dags/dag_connect_with_postgre.py
[2024-09-23T19:26:18.392+0000] {processor.py:914} INFO - Processing file /opt/airflow/dags/dag_connect_with_postgre.py for tasks to queue
[2024-09-23T19:26:18.397+0000] {logging_mixin.py:190} INFO - [2024-09-23T19:26:18.396+0000] {dagbag.py:587} INFO - Filling up the DagBag from /opt/airflow/dags/dag_connect_with_postgre.py
[2024-09-23T19:26:18.489+0000] {processor.py:925} INFO - DAG(s) 'dag_connect_with_postgre' retrieved from /opt/airflow/dags/dag_connect_with_postgre.py
[2024-09-23T19:26:18.528+0000] {logging_mixin.py:190} INFO - [2024-09-23T19:26:18.527+0000] {dag.py:3229} INFO - Sync 1 DAGs
[2024-09-23T19:26:18.582+0000] {logging_mixin.py:190} INFO - [2024-09-23T19:26:18.581+0000] {dag.py:4156} INFO - Setting next_dagrun for dag_connect_with_postgre to 2024-09-23 00:00:00+00:00, run_after=2024-09-24 00:00:00+00:00
[2024-09-23T19:26:18.640+0000] {processor.py:208} INFO - Processing /opt/airflow/dags/dag_connect_with_postgre.py took 0.276 seconds
[2024-09-23T19:26:49.977+0000] {processor.py:186} INFO - Started process (PID=533) to work on /opt/airflow/dags/dag_connect_with_postgre.py
[2024-09-23T19:26:49.981+0000] {processor.py:914} INFO - Processing file /opt/airflow/dags/dag_connect_with_postgre.py for tasks to queue
[2024-09-23T19:26:49.996+0000] {logging_mixin.py:190} INFO - [2024-09-23T19:26:49.994+0000] {dagbag.py:587} INFO - Filling up the DagBag from /opt/airflow/dags/dag_connect_with_postgre.py
[2024-09-23T19:26:50.256+0000] {processor.py:925} INFO - DAG(s) 'dag_connect_with_postgre' retrieved from /opt/airflow/dags/dag_connect_with_postgre.py
[2024-09-23T19:26:50.326+0000] {logging_mixin.py:190} INFO - [2024-09-23T19:26:50.324+0000] {dag.py:3229} INFO - Sync 1 DAGs
[2024-09-23T19:26:50.436+0000] {logging_mixin.py:190} INFO - [2024-09-23T19:26:50.436+0000] {dag.py:4156} INFO - Setting next_dagrun for dag_connect_with_postgre to 2024-09-23 00:00:00+00:00, run_after=2024-09-24 00:00:00+00:00
[2024-09-23T19:26:50.605+0000] {processor.py:208} INFO - Processing /opt/airflow/dags/dag_connect_with_postgre.py took 0.639 seconds
[2024-09-23T19:27:21.139+0000] {processor.py:186} INFO - Started process (PID=566) to work on /opt/airflow/dags/dag_connect_with_postgre.py
[2024-09-23T19:27:21.140+0000] {processor.py:914} INFO - Processing file /opt/airflow/dags/dag_connect_with_postgre.py for tasks to queue
[2024-09-23T19:27:21.145+0000] {logging_mixin.py:190} INFO - [2024-09-23T19:27:21.145+0000] {dagbag.py:587} INFO - Filling up the DagBag from /opt/airflow/dags/dag_connect_with_postgre.py
[2024-09-23T19:27:21.203+0000] {processor.py:925} INFO - DAG(s) 'dag_connect_with_postgre' retrieved from /opt/airflow/dags/dag_connect_with_postgre.py
[2024-09-23T19:27:21.239+0000] {logging_mixin.py:190} INFO - [2024-09-23T19:27:21.239+0000] {dag.py:3229} INFO - Sync 1 DAGs
[2024-09-23T19:27:21.266+0000] {logging_mixin.py:190} INFO - [2024-09-23T19:27:21.266+0000] {dag.py:4156} INFO - Setting next_dagrun for dag_connect_with_postgre to 2024-09-23 00:00:00+00:00, run_after=2024-09-24 00:00:00+00:00
[2024-09-23T19:27:21.296+0000] {processor.py:208} INFO - Processing /opt/airflow/dags/dag_connect_with_postgre.py took 0.163 seconds
[2024-09-23T19:27:51.562+0000] {processor.py:186} INFO - Started process (PID=599) to work on /opt/airflow/dags/dag_connect_with_postgre.py
[2024-09-23T19:27:51.564+0000] {processor.py:914} INFO - Processing file /opt/airflow/dags/dag_connect_with_postgre.py for tasks to queue
[2024-09-23T19:27:51.570+0000] {logging_mixin.py:190} INFO - [2024-09-23T19:27:51.570+0000] {dagbag.py:587} INFO - Filling up the DagBag from /opt/airflow/dags/dag_connect_with_postgre.py
[2024-09-23T19:27:51.686+0000] {processor.py:925} INFO - DAG(s) 'dag_connect_with_postgre' retrieved from /opt/airflow/dags/dag_connect_with_postgre.py
[2024-09-23T19:27:51.708+0000] {logging_mixin.py:190} INFO - [2024-09-23T19:27:51.708+0000] {dag.py:3229} INFO - Sync 1 DAGs
[2024-09-23T19:27:51.736+0000] {logging_mixin.py:190} INFO - [2024-09-23T19:27:51.736+0000] {dag.py:4156} INFO - Setting next_dagrun for dag_connect_with_postgre to 2024-09-23 00:00:00+00:00, run_after=2024-09-24 00:00:00+00:00
[2024-09-23T19:27:51.774+0000] {processor.py:208} INFO - Processing /opt/airflow/dags/dag_connect_with_postgre.py took 0.230 seconds
[2024-09-23T19:28:22.402+0000] {processor.py:186} INFO - Started process (PID=632) to work on /opt/airflow/dags/dag_connect_with_postgre.py
[2024-09-23T19:28:22.403+0000] {processor.py:914} INFO - Processing file /opt/airflow/dags/dag_connect_with_postgre.py for tasks to queue
[2024-09-23T19:28:22.407+0000] {logging_mixin.py:190} INFO - [2024-09-23T19:28:22.406+0000] {dagbag.py:587} INFO - Filling up the DagBag from /opt/airflow/dags/dag_connect_with_postgre.py
[2024-09-23T19:28:22.476+0000] {processor.py:925} INFO - DAG(s) 'dag_connect_with_postgre' retrieved from /opt/airflow/dags/dag_connect_with_postgre.py
[2024-09-23T19:28:22.516+0000] {logging_mixin.py:190} INFO - [2024-09-23T19:28:22.515+0000] {dag.py:3229} INFO - Sync 1 DAGs
[2024-09-23T19:28:22.554+0000] {logging_mixin.py:190} INFO - [2024-09-23T19:28:22.553+0000] {dag.py:4156} INFO - Setting next_dagrun for dag_connect_with_postgre to 2024-09-23 00:00:00+00:00, run_after=2024-09-24 00:00:00+00:00
[2024-09-23T19:28:22.591+0000] {processor.py:208} INFO - Processing /opt/airflow/dags/dag_connect_with_postgre.py took 0.197 seconds
[2024-09-23T19:28:53.755+0000] {processor.py:186} INFO - Started process (PID=668) to work on /opt/airflow/dags/dag_connect_with_postgre.py
[2024-09-23T19:28:53.756+0000] {processor.py:914} INFO - Processing file /opt/airflow/dags/dag_connect_with_postgre.py for tasks to queue
[2024-09-23T19:28:53.760+0000] {logging_mixin.py:190} INFO - [2024-09-23T19:28:53.760+0000] {dagbag.py:587} INFO - Filling up the DagBag from /opt/airflow/dags/dag_connect_with_postgre.py
[2024-09-23T19:28:53.838+0000] {processor.py:925} INFO - DAG(s) 'dag_connect_with_postgre' retrieved from /opt/airflow/dags/dag_connect_with_postgre.py
[2024-09-23T19:28:53.854+0000] {logging_mixin.py:190} INFO - [2024-09-23T19:28:53.854+0000] {dag.py:3229} INFO - Sync 1 DAGs
[2024-09-23T19:28:53.876+0000] {logging_mixin.py:190} INFO - [2024-09-23T19:28:53.875+0000] {dag.py:4156} INFO - Setting next_dagrun for dag_connect_with_postgre to 2024-09-23 00:00:00+00:00, run_after=2024-09-24 00:00:00+00:00
[2024-09-23T19:28:53.908+0000] {processor.py:208} INFO - Processing /opt/airflow/dags/dag_connect_with_postgre.py took 0.158 seconds
[2024-09-23T19:29:24.519+0000] {processor.py:186} INFO - Started process (PID=698) to work on /opt/airflow/dags/dag_connect_with_postgre.py
[2024-09-23T19:29:24.524+0000] {processor.py:914} INFO - Processing file /opt/airflow/dags/dag_connect_with_postgre.py for tasks to queue
[2024-09-23T19:29:24.541+0000] {logging_mixin.py:190} INFO - [2024-09-23T19:29:24.540+0000] {dagbag.py:587} INFO - Filling up the DagBag from /opt/airflow/dags/dag_connect_with_postgre.py
[2024-09-23T19:29:24.632+0000] {processor.py:925} INFO - DAG(s) 'dag_connect_with_postgre' retrieved from /opt/airflow/dags/dag_connect_with_postgre.py
[2024-09-23T19:29:24.658+0000] {logging_mixin.py:190} INFO - [2024-09-23T19:29:24.658+0000] {dag.py:3229} INFO - Sync 1 DAGs
[2024-09-23T19:29:24.714+0000] {logging_mixin.py:190} INFO - [2024-09-23T19:29:24.714+0000] {dag.py:4156} INFO - Setting next_dagrun for dag_connect_with_postgre to 2024-09-23 00:00:00+00:00, run_after=2024-09-24 00:00:00+00:00
[2024-09-23T19:29:24.753+0000] {processor.py:208} INFO - Processing /opt/airflow/dags/dag_connect_with_postgre.py took 0.259 seconds
[2024-09-23T19:29:55.599+0000] {processor.py:186} INFO - Started process (PID=734) to work on /opt/airflow/dags/dag_connect_with_postgre.py
[2024-09-23T19:29:55.602+0000] {processor.py:914} INFO - Processing file /opt/airflow/dags/dag_connect_with_postgre.py for tasks to queue
[2024-09-23T19:29:55.606+0000] {logging_mixin.py:190} INFO - [2024-09-23T19:29:55.605+0000] {dagbag.py:587} INFO - Filling up the DagBag from /opt/airflow/dags/dag_connect_with_postgre.py
[2024-09-23T19:29:55.730+0000] {processor.py:925} INFO - DAG(s) 'dag_connect_with_postgre' retrieved from /opt/airflow/dags/dag_connect_with_postgre.py
[2024-09-23T19:29:55.768+0000] {logging_mixin.py:190} INFO - [2024-09-23T19:29:55.767+0000] {dag.py:3229} INFO - Sync 1 DAGs
[2024-09-23T19:29:55.819+0000] {logging_mixin.py:190} INFO - [2024-09-23T19:29:55.819+0000] {dag.py:4156} INFO - Setting next_dagrun for dag_connect_with_postgre to 2024-09-23 00:00:00+00:00, run_after=2024-09-24 00:00:00+00:00
[2024-09-23T19:29:55.859+0000] {processor.py:208} INFO - Processing /opt/airflow/dags/dag_connect_with_postgre.py took 0.272 seconds
[2024-09-23T19:30:26.879+0000] {processor.py:186} INFO - Started process (PID=767) to work on /opt/airflow/dags/dag_connect_with_postgre.py
[2024-09-23T19:30:26.881+0000] {processor.py:914} INFO - Processing file /opt/airflow/dags/dag_connect_with_postgre.py for tasks to queue
[2024-09-23T19:30:26.885+0000] {logging_mixin.py:190} INFO - [2024-09-23T19:30:26.884+0000] {dagbag.py:587} INFO - Filling up the DagBag from /opt/airflow/dags/dag_connect_with_postgre.py
[2024-09-23T19:30:26.979+0000] {processor.py:925} INFO - DAG(s) 'dag_connect_with_postgre' retrieved from /opt/airflow/dags/dag_connect_with_postgre.py
[2024-09-23T19:30:27.012+0000] {logging_mixin.py:190} INFO - [2024-09-23T19:30:27.011+0000] {dag.py:3229} INFO - Sync 1 DAGs
[2024-09-23T19:30:27.036+0000] {logging_mixin.py:190} INFO - [2024-09-23T19:30:27.036+0000] {dag.py:4156} INFO - Setting next_dagrun for dag_connect_with_postgre to 2024-09-23 00:00:00+00:00, run_after=2024-09-24 00:00:00+00:00
[2024-09-23T19:30:27.061+0000] {processor.py:208} INFO - Processing /opt/airflow/dags/dag_connect_with_postgre.py took 0.188 seconds
