[2024-09-23T02:48:45.453+0000] {processor.py:186} INFO - Started process (PID=7764) to work on /opt/airflow/dags/schedule_with_cron_expression.py
[2024-09-23T02:48:45.455+0000] {processor.py:914} INFO - Processing file /opt/airflow/dags/schedule_with_cron_expression.py for tasks to queue
[2024-09-23T02:48:45.458+0000] {logging_mixin.py:190} INFO - [2024-09-23T02:48:45.457+0000] {dagbag.py:587} INFO - Filling up the DagBag from /opt/airflow/dags/schedule_with_cron_expression.py
[2024-09-23T02:48:45.572+0000] {logging_mixin.py:190} INFO - [2024-09-23T02:48:45.564+0000] {dagbag.py:386} ERROR - Failed to import: /opt/airflow/dags/schedule_with_cron_expression.py
Traceback (most recent call last):
  File "/home/airflow/.local/lib/python3.12/site-packages/airflow/models/dagbag.py", line 382, in parse
    loader.exec_module(new_module)
  File "<frozen importlib._bootstrap_external>", line 991, in exec_module
  File "<frozen importlib._bootstrap_external>", line 1129, in get_code
  File "<frozen importlib._bootstrap_external>", line 1059, in source_to_code
  File "<frozen importlib._bootstrap>", line 488, in _call_with_frames_removed
  File "/opt/airflow/dags/schedule_with_cron_expression.py", line 15
    start_date=) as dag:
    ^^^^^^^^^^^
SyntaxError: expected argument value expression
[2024-09-23T02:48:45.573+0000] {processor.py:927} WARNING - No viable dags retrieved from /opt/airflow/dags/schedule_with_cron_expression.py
[2024-09-23T02:48:45.616+0000] {processor.py:208} INFO - Processing /opt/airflow/dags/schedule_with_cron_expression.py took 0.169 seconds
[2024-09-23T02:48:47.011+0000] {processor.py:186} INFO - Started process (PID=7769) to work on /opt/airflow/dags/schedule_with_cron_expression.py
[2024-09-23T02:48:47.013+0000] {processor.py:914} INFO - Processing file /opt/airflow/dags/schedule_with_cron_expression.py for tasks to queue
[2024-09-23T02:48:47.018+0000] {logging_mixin.py:190} INFO - [2024-09-23T02:48:47.017+0000] {dagbag.py:587} INFO - Filling up the DagBag from /opt/airflow/dags/schedule_with_cron_expression.py
[2024-09-23T02:48:47.321+0000] {logging_mixin.py:190} INFO - [2024-09-23T02:48:47.319+0000] {dagbag.py:386} ERROR - Failed to import: /opt/airflow/dags/schedule_with_cron_expression.py
Traceback (most recent call last):
  File "/home/airflow/.local/lib/python3.12/site-packages/airflow/models/dagbag.py", line 382, in parse
    loader.exec_module(new_module)
  File "<frozen importlib._bootstrap_external>", line 991, in exec_module
  File "<frozen importlib._bootstrap_external>", line 1129, in get_code
  File "<frozen importlib._bootstrap_external>", line 1059, in source_to_code
  File "<frozen importlib._bootstrap>", line 488, in _call_with_frames_removed
  File "/opt/airflow/dags/schedule_with_cron_expression.py", line 16
    
    ^
IndentationError: expected an indented block after 'with' statement on line 13
[2024-09-23T02:48:47.334+0000] {processor.py:927} WARNING - No viable dags retrieved from /opt/airflow/dags/schedule_with_cron_expression.py
[2024-09-23T02:48:47.376+0000] {processor.py:208} INFO - Processing /opt/airflow/dags/schedule_with_cron_expression.py took 0.390 seconds
[2024-09-23T02:48:54.876+0000] {processor.py:186} INFO - Started process (PID=7774) to work on /opt/airflow/dags/schedule_with_cron_expression.py
[2024-09-23T02:48:54.879+0000] {processor.py:914} INFO - Processing file /opt/airflow/dags/schedule_with_cron_expression.py for tasks to queue
[2024-09-23T02:48:54.885+0000] {logging_mixin.py:190} INFO - [2024-09-23T02:48:54.884+0000] {dagbag.py:587} INFO - Filling up the DagBag from /opt/airflow/dags/schedule_with_cron_expression.py
[2024-09-23T02:48:55.016+0000] {logging_mixin.py:190} INFO - [2024-09-23T02:48:55.012+0000] {dagbag.py:386} ERROR - Failed to import: /opt/airflow/dags/schedule_with_cron_expression.py
Traceback (most recent call last):
  File "/home/airflow/.local/lib/python3.12/site-packages/airflow/models/dagbag.py", line 382, in parse
    loader.exec_module(new_module)
  File "<frozen importlib._bootstrap_external>", line 991, in exec_module
  File "<frozen importlib._bootstrap_external>", line 1129, in get_code
  File "<frozen importlib._bootstrap_external>", line 1059, in source_to_code
  File "<frozen importlib._bootstrap>", line 488, in _call_with_frames_removed
  File "/opt/airflow/dags/schedule_with_cron_expression.py", line 16
    
    ^
IndentationError: expected an indented block after 'with' statement on line 13
[2024-09-23T02:48:55.018+0000] {processor.py:927} WARNING - No viable dags retrieved from /opt/airflow/dags/schedule_with_cron_expression.py
[2024-09-23T02:48:55.069+0000] {processor.py:208} INFO - Processing /opt/airflow/dags/schedule_with_cron_expression.py took 0.208 seconds
[2024-09-23T02:48:56.652+0000] {processor.py:186} INFO - Started process (PID=7779) to work on /opt/airflow/dags/schedule_with_cron_expression.py
[2024-09-23T02:48:56.658+0000] {processor.py:914} INFO - Processing file /opt/airflow/dags/schedule_with_cron_expression.py for tasks to queue
[2024-09-23T02:48:56.675+0000] {logging_mixin.py:190} INFO - [2024-09-23T02:48:56.674+0000] {dagbag.py:587} INFO - Filling up the DagBag from /opt/airflow/dags/schedule_with_cron_expression.py
[2024-09-23T02:48:57.347+0000] {logging_mixin.py:190} INFO - [2024-09-23T02:48:57.345+0000] {dagbag.py:386} ERROR - Failed to import: /opt/airflow/dags/schedule_with_cron_expression.py
Traceback (most recent call last):
  File "/home/airflow/.local/lib/python3.12/site-packages/airflow/models/dagbag.py", line 382, in parse
    loader.exec_module(new_module)
  File "<frozen importlib._bootstrap_external>", line 991, in exec_module
  File "<frozen importlib._bootstrap_external>", line 1129, in get_code
  File "<frozen importlib._bootstrap_external>", line 1059, in source_to_code
  File "<frozen importlib._bootstrap>", line 488, in _call_with_frames_removed
  File "/opt/airflow/dags/schedule_with_cron_expression.py", line 17
    
    ^
IndentationError: expected an indented block after 'with' statement on line 13
[2024-09-23T02:48:57.350+0000] {processor.py:927} WARNING - No viable dags retrieved from /opt/airflow/dags/schedule_with_cron_expression.py
[2024-09-23T02:48:57.413+0000] {processor.py:208} INFO - Processing /opt/airflow/dags/schedule_with_cron_expression.py took 0.772 seconds
[2024-09-23T02:48:58.129+0000] {processor.py:186} INFO - Started process (PID=7792) to work on /opt/airflow/dags/schedule_with_cron_expression.py
[2024-09-23T02:48:58.136+0000] {processor.py:914} INFO - Processing file /opt/airflow/dags/schedule_with_cron_expression.py for tasks to queue
[2024-09-23T02:48:58.140+0000] {logging_mixin.py:190} INFO - [2024-09-23T02:48:58.140+0000] {dagbag.py:587} INFO - Filling up the DagBag from /opt/airflow/dags/schedule_with_cron_expression.py
[2024-09-23T02:48:58.374+0000] {logging_mixin.py:190} INFO - [2024-09-23T02:48:58.371+0000] {dagbag.py:386} ERROR - Failed to import: /opt/airflow/dags/schedule_with_cron_expression.py
Traceback (most recent call last):
  File "/home/airflow/.local/lib/python3.12/site-packages/airflow/models/dagbag.py", line 382, in parse
    loader.exec_module(new_module)
  File "<frozen importlib._bootstrap_external>", line 991, in exec_module
  File "<frozen importlib._bootstrap_external>", line 1129, in get_code
  File "<frozen importlib._bootstrap_external>", line 1059, in source_to_code
  File "<frozen importlib._bootstrap>", line 488, in _call_with_frames_removed
  File "/opt/airflow/dags/schedule_with_cron_expression.py", line 16
    s) as dag:
     ^
SyntaxError: positional argument follows keyword argument
[2024-09-23T02:48:58.377+0000] {processor.py:927} WARNING - No viable dags retrieved from /opt/airflow/dags/schedule_with_cron_expression.py
[2024-09-23T02:48:58.449+0000] {processor.py:208} INFO - Processing /opt/airflow/dags/schedule_with_cron_expression.py took 0.329 seconds
[2024-09-23T02:49:00.177+0000] {processor.py:186} INFO - Started process (PID=7804) to work on /opt/airflow/dags/schedule_with_cron_expression.py
[2024-09-23T02:49:00.181+0000] {processor.py:914} INFO - Processing file /opt/airflow/dags/schedule_with_cron_expression.py for tasks to queue
[2024-09-23T02:49:00.187+0000] {logging_mixin.py:190} INFO - [2024-09-23T02:49:00.186+0000] {dagbag.py:587} INFO - Filling up the DagBag from /opt/airflow/dags/schedule_with_cron_expression.py
[2024-09-23T02:49:00.312+0000] {logging_mixin.py:190} INFO - [2024-09-23T02:49:00.308+0000] {dagbag.py:386} ERROR - Failed to import: /opt/airflow/dags/schedule_with_cron_expression.py
Traceback (most recent call last):
  File "/home/airflow/.local/lib/python3.12/site-packages/airflow/models/dagbag.py", line 382, in parse
    loader.exec_module(new_module)
  File "<frozen importlib._bootstrap_external>", line 991, in exec_module
  File "<frozen importlib._bootstrap_external>", line 1129, in get_code
  File "<frozen importlib._bootstrap_external>", line 1059, in source_to_code
  File "<frozen importlib._bootstrap>", line 488, in _call_with_frames_removed
  File "/opt/airflow/dags/schedule_with_cron_expression.py", line 16
    schedule_interval=) as dag:
    ^^^^^^^^^^^^^^^^^^
SyntaxError: expected argument value expression
[2024-09-23T02:49:00.313+0000] {processor.py:927} WARNING - No viable dags retrieved from /opt/airflow/dags/schedule_with_cron_expression.py
[2024-09-23T02:49:00.355+0000] {processor.py:208} INFO - Processing /opt/airflow/dags/schedule_with_cron_expression.py took 0.204 seconds
[2024-09-23T02:49:03.401+0000] {processor.py:186} INFO - Started process (PID=7812) to work on /opt/airflow/dags/schedule_with_cron_expression.py
[2024-09-23T02:49:03.404+0000] {processor.py:914} INFO - Processing file /opt/airflow/dags/schedule_with_cron_expression.py for tasks to queue
[2024-09-23T02:49:03.408+0000] {logging_mixin.py:190} INFO - [2024-09-23T02:49:03.407+0000] {dagbag.py:587} INFO - Filling up the DagBag from /opt/airflow/dags/schedule_with_cron_expression.py
[2024-09-23T02:49:03.543+0000] {logging_mixin.py:190} INFO - [2024-09-23T02:49:03.540+0000] {dagbag.py:386} ERROR - Failed to import: /opt/airflow/dags/schedule_with_cron_expression.py
Traceback (most recent call last):
  File "/home/airflow/.local/lib/python3.12/site-packages/airflow/models/dagbag.py", line 382, in parse
    loader.exec_module(new_module)
  File "<frozen importlib._bootstrap_external>", line 991, in exec_module
  File "<frozen importlib._bootstrap_external>", line 1129, in get_code
  File "<frozen importlib._bootstrap_external>", line 1059, in source_to_code
  File "<frozen importlib._bootstrap>", line 488, in _call_with_frames_removed
  File "/opt/airflow/dags/schedule_with_cron_expression.py", line 17
    
    ^
IndentationError: expected an indented block after 'with' statement on line 13
[2024-09-23T02:49:03.546+0000] {processor.py:927} WARNING - No viable dags retrieved from /opt/airflow/dags/schedule_with_cron_expression.py
[2024-09-23T02:49:03.592+0000] {processor.py:208} INFO - Processing /opt/airflow/dags/schedule_with_cron_expression.py took 0.199 seconds
[2024-09-23T02:49:07.348+0000] {processor.py:186} INFO - Started process (PID=7822) to work on /opt/airflow/dags/schedule_with_cron_expression.py
[2024-09-23T02:49:07.354+0000] {processor.py:914} INFO - Processing file /opt/airflow/dags/schedule_with_cron_expression.py for tasks to queue
[2024-09-23T02:49:07.359+0000] {logging_mixin.py:190} INFO - [2024-09-23T02:49:07.358+0000] {dagbag.py:587} INFO - Filling up the DagBag from /opt/airflow/dags/schedule_with_cron_expression.py
[2024-09-23T02:49:07.539+0000] {logging_mixin.py:190} INFO - [2024-09-23T02:49:07.536+0000] {dagbag.py:386} ERROR - Failed to import: /opt/airflow/dags/schedule_with_cron_expression.py
Traceback (most recent call last):
  File "/home/airflow/.local/lib/python3.12/site-packages/airflow/models/dagbag.py", line 382, in parse
    loader.exec_module(new_module)
  File "<frozen importlib._bootstrap_external>", line 991, in exec_module
  File "<frozen importlib._bootstrap_external>", line 1129, in get_code
  File "<frozen importlib._bootstrap_external>", line 1059, in source_to_code
  File "<frozen importlib._bootstrap>", line 488, in _call_with_frames_removed
  File "/opt/airflow/dags/schedule_with_cron_expression.py", line 18
    
    ^
IndentationError: expected an indented block after 'with' statement on line 13
[2024-09-23T02:49:07.543+0000] {processor.py:927} WARNING - No viable dags retrieved from /opt/airflow/dags/schedule_with_cron_expression.py
[2024-09-23T02:49:07.614+0000] {processor.py:208} INFO - Processing /opt/airflow/dags/schedule_with_cron_expression.py took 0.285 seconds
[2024-09-23T02:49:08.900+0000] {processor.py:186} INFO - Started process (PID=7827) to work on /opt/airflow/dags/schedule_with_cron_expression.py
[2024-09-23T02:49:08.904+0000] {processor.py:914} INFO - Processing file /opt/airflow/dags/schedule_with_cron_expression.py for tasks to queue
[2024-09-23T02:49:08.911+0000] {logging_mixin.py:190} INFO - [2024-09-23T02:49:08.911+0000] {dagbag.py:587} INFO - Filling up the DagBag from /opt/airflow/dags/schedule_with_cron_expression.py
[2024-09-23T02:49:09.100+0000] {logging_mixin.py:190} INFO - [2024-09-23T02:49:09.098+0000] {dagbag.py:386} ERROR - Failed to import: /opt/airflow/dags/schedule_with_cron_expression.py
Traceback (most recent call last):
  File "/home/airflow/.local/lib/python3.12/site-packages/airflow/models/dagbag.py", line 382, in parse
    loader.exec_module(new_module)
  File "<frozen importlib._bootstrap_external>", line 991, in exec_module
  File "<frozen importlib._bootstrap_external>", line 1129, in get_code
  File "<frozen importlib._bootstrap_external>", line 1059, in source_to_code
  File "<frozen importlib._bootstrap>", line 488, in _call_with_frames_removed
  File "/opt/airflow/dags/schedule_with_cron_expression.py", line 19
    
    ^
IndentationError: expected an indented block after 'with' statement on line 13
[2024-09-23T02:49:09.103+0000] {processor.py:927} WARNING - No viable dags retrieved from /opt/airflow/dags/schedule_with_cron_expression.py
[2024-09-23T02:49:09.128+0000] {processor.py:208} INFO - Processing /opt/airflow/dags/schedule_with_cron_expression.py took 0.237 seconds
[2024-09-23T02:49:11.180+0000] {processor.py:186} INFO - Started process (PID=7832) to work on /opt/airflow/dags/schedule_with_cron_expression.py
[2024-09-23T02:49:11.186+0000] {processor.py:914} INFO - Processing file /opt/airflow/dags/schedule_with_cron_expression.py for tasks to queue
[2024-09-23T02:49:11.191+0000] {logging_mixin.py:190} INFO - [2024-09-23T02:49:11.190+0000] {dagbag.py:587} INFO - Filling up the DagBag from /opt/airflow/dags/schedule_with_cron_expression.py
[2024-09-23T02:49:11.444+0000] {logging_mixin.py:190} INFO - [2024-09-23T02:49:11.353+0000] {dagbag.py:386} ERROR - Failed to import: /opt/airflow/dags/schedule_with_cron_expression.py
Traceback (most recent call last):
  File "/home/airflow/.local/lib/python3.12/site-packages/airflow/models/dagbag.py", line 382, in parse
    loader.exec_module(new_module)
  File "<frozen importlib._bootstrap_external>", line 995, in exec_module
  File "<frozen importlib._bootstrap>", line 488, in _call_with_frames_removed
  File "/opt/airflow/dags/schedule_with_cron_expression.py", line 11, in <module>
    default_args = {"owner": "chin", "retries": 5, "retry_delay": timedelta(mintues=2)}
                                                                  ^^^^^^^^^^^^^^^^^^^^
TypeError: 'mintues' is an invalid keyword argument for __new__()
[2024-09-23T02:49:11.455+0000] {processor.py:927} WARNING - No viable dags retrieved from /opt/airflow/dags/schedule_with_cron_expression.py
[2024-09-23T02:49:11.494+0000] {processor.py:208} INFO - Processing /opt/airflow/dags/schedule_with_cron_expression.py took 0.328 seconds
[2024-09-23T02:49:41.680+0000] {processor.py:186} INFO - Started process (PID=7860) to work on /opt/airflow/dags/schedule_with_cron_expression.py
[2024-09-23T02:49:41.683+0000] {processor.py:914} INFO - Processing file /opt/airflow/dags/schedule_with_cron_expression.py for tasks to queue
[2024-09-23T02:49:41.685+0000] {logging_mixin.py:190} INFO - [2024-09-23T02:49:41.684+0000] {dagbag.py:587} INFO - Filling up the DagBag from /opt/airflow/dags/schedule_with_cron_expression.py
[2024-09-23T02:49:41.781+0000] {logging_mixin.py:190} INFO - [2024-09-23T02:49:41.760+0000] {dagbag.py:386} ERROR - Failed to import: /opt/airflow/dags/schedule_with_cron_expression.py
Traceback (most recent call last):
  File "/home/airflow/.local/lib/python3.12/site-packages/airflow/models/dagbag.py", line 382, in parse
    loader.exec_module(new_module)
  File "<frozen importlib._bootstrap_external>", line 995, in exec_module
  File "<frozen importlib._bootstrap>", line 488, in _call_with_frames_removed
  File "/opt/airflow/dags/schedule_with_cron_expression.py", line 11, in <module>
    default_args = {"owner": "chin", "retries": 5, "retry_delay": timedelta(mintues=2)}
                                                                  ^^^^^^^^^^^^^^^^^^^^
TypeError: 'mintues' is an invalid keyword argument for __new__()
[2024-09-23T02:49:41.786+0000] {processor.py:927} WARNING - No viable dags retrieved from /opt/airflow/dags/schedule_with_cron_expression.py
[2024-09-23T02:49:41.815+0000] {processor.py:208} INFO - Processing /opt/airflow/dags/schedule_with_cron_expression.py took 0.142 seconds
[2024-09-23T02:49:53.555+0000] {processor.py:186} INFO - Started process (PID=7865) to work on /opt/airflow/dags/schedule_with_cron_expression.py
[2024-09-23T02:49:53.559+0000] {processor.py:914} INFO - Processing file /opt/airflow/dags/schedule_with_cron_expression.py for tasks to queue
[2024-09-23T02:49:53.562+0000] {logging_mixin.py:190} INFO - [2024-09-23T02:49:53.562+0000] {dagbag.py:587} INFO - Filling up the DagBag from /opt/airflow/dags/schedule_with_cron_expression.py
[2024-09-23T02:49:53.907+0000] {logging_mixin.py:190} INFO - [2024-09-23T02:49:53.878+0000] {dagbag.py:386} ERROR - Failed to import: /opt/airflow/dags/schedule_with_cron_expression.py
Traceback (most recent call last):
  File "/home/airflow/.local/lib/python3.12/site-packages/airflow/models/dagbag.py", line 382, in parse
    loader.exec_module(new_module)
  File "<frozen importlib._bootstrap_external>", line 995, in exec_module
  File "<frozen importlib._bootstrap>", line 488, in _call_with_frames_removed
  File "/opt/airflow/dags/schedule_with_cron_expression.py", line 12, in <module>
    default_args = {"owner": "chin", "retries": 5, "retry_delay": timedelta(mintues=2)}
                                                                  ^^^^^^^^^^^^^^^^^^^^
TypeError: 'mintues' is an invalid keyword argument for __new__()
[2024-09-23T02:49:53.916+0000] {processor.py:927} WARNING - No viable dags retrieved from /opt/airflow/dags/schedule_with_cron_expression.py
[2024-09-23T02:49:53.956+0000] {processor.py:208} INFO - Processing /opt/airflow/dags/schedule_with_cron_expression.py took 0.411 seconds
[2024-09-23T02:49:54.894+0000] {processor.py:186} INFO - Started process (PID=7870) to work on /opt/airflow/dags/schedule_with_cron_expression.py
[2024-09-23T02:49:54.901+0000] {processor.py:914} INFO - Processing file /opt/airflow/dags/schedule_with_cron_expression.py for tasks to queue
[2024-09-23T02:49:54.904+0000] {logging_mixin.py:190} INFO - [2024-09-23T02:49:54.904+0000] {dagbag.py:587} INFO - Filling up the DagBag from /opt/airflow/dags/schedule_with_cron_expression.py
[2024-09-23T02:49:55.710+0000] {logging_mixin.py:190} INFO - [2024-09-23T02:49:55.581+0000] {dagbag.py:386} ERROR - Failed to import: /opt/airflow/dags/schedule_with_cron_expression.py
Traceback (most recent call last):
  File "/home/airflow/.local/lib/python3.12/site-packages/airflow/models/dagbag.py", line 382, in parse
    loader.exec_module(new_module)
  File "<frozen importlib._bootstrap_external>", line 995, in exec_module
  File "<frozen importlib._bootstrap>", line 488, in _call_with_frames_removed
  File "/opt/airflow/dags/schedule_with_cron_expression.py", line 12, in <module>
    default_args = {"owner": "chin", "retries": 5, "retry_delay": timedelta(mintues=2)}
                                                                  ^^^^^^^^^^^^^^^^^^^^
TypeError: 'mintues' is an invalid keyword argument for __new__()
[2024-09-23T02:49:55.725+0000] {processor.py:927} WARNING - No viable dags retrieved from /opt/airflow/dags/schedule_with_cron_expression.py
[2024-09-23T02:49:55.756+0000] {processor.py:208} INFO - Processing /opt/airflow/dags/schedule_with_cron_expression.py took 0.878 seconds
[2024-09-23T02:50:10.111+0000] {processor.py:186} INFO - Started process (PID=7898) to work on /opt/airflow/dags/schedule_with_cron_expression.py
[2024-09-23T02:50:10.115+0000] {processor.py:914} INFO - Processing file /opt/airflow/dags/schedule_with_cron_expression.py for tasks to queue
[2024-09-23T02:50:10.121+0000] {logging_mixin.py:190} INFO - [2024-09-23T02:50:10.120+0000] {dagbag.py:587} INFO - Filling up the DagBag from /opt/airflow/dags/schedule_with_cron_expression.py
[2024-09-23T02:50:10.369+0000] {logging_mixin.py:190} INFO - [2024-09-23T02:50:10.327+0000] {dagbag.py:386} ERROR - Failed to import: /opt/airflow/dags/schedule_with_cron_expression.py
Traceback (most recent call last):
  File "/home/airflow/.local/lib/python3.12/site-packages/airflow/models/dagbag.py", line 382, in parse
    loader.exec_module(new_module)
  File "<frozen importlib._bootstrap_external>", line 995, in exec_module
  File "<frozen importlib._bootstrap>", line 488, in _call_with_frames_removed
  File "/opt/airflow/dags/schedule_with_cron_expression.py", line 12, in <module>
    default_args = {"owner": "chin", "retries": 5, "retry_delay": timedelta(mintues=2)}
                                                                  ^^^^^^^^^^^^^^^^^^^^
TypeError: 'mintues' is an invalid keyword argument for __new__()
[2024-09-23T02:50:10.376+0000] {processor.py:927} WARNING - No viable dags retrieved from /opt/airflow/dags/schedule_with_cron_expression.py
[2024-09-23T02:50:10.415+0000] {processor.py:208} INFO - Processing /opt/airflow/dags/schedule_with_cron_expression.py took 0.318 seconds
[2024-09-23T02:50:11.797+0000] {processor.py:186} INFO - Started process (PID=7903) to work on /opt/airflow/dags/schedule_with_cron_expression.py
[2024-09-23T02:50:11.800+0000] {processor.py:914} INFO - Processing file /opt/airflow/dags/schedule_with_cron_expression.py for tasks to queue
[2024-09-23T02:50:11.805+0000] {logging_mixin.py:190} INFO - [2024-09-23T02:50:11.804+0000] {dagbag.py:587} INFO - Filling up the DagBag from /opt/airflow/dags/schedule_with_cron_expression.py
[2024-09-23T02:50:12.243+0000] {logging_mixin.py:190} INFO - [2024-09-23T02:50:12.209+0000] {dagbag.py:386} ERROR - Failed to import: /opt/airflow/dags/schedule_with_cron_expression.py
Traceback (most recent call last):
  File "/home/airflow/.local/lib/python3.12/site-packages/airflow/models/dagbag.py", line 382, in parse
    loader.exec_module(new_module)
  File "<frozen importlib._bootstrap_external>", line 995, in exec_module
  File "<frozen importlib._bootstrap>", line 488, in _call_with_frames_removed
  File "/opt/airflow/dags/schedule_with_cron_expression.py", line 12, in <module>
    default_args = {"owner": "chin", "retries": 5, "retry_delay": timedelta(mintues=2)}
                                                                  ^^^^^^^^^^^^^^^^^^^^
TypeError: 'mintues' is an invalid keyword argument for __new__()
[2024-09-23T02:50:12.248+0000] {processor.py:927} WARNING - No viable dags retrieved from /opt/airflow/dags/schedule_with_cron_expression.py
[2024-09-23T02:50:12.289+0000] {processor.py:208} INFO - Processing /opt/airflow/dags/schedule_with_cron_expression.py took 0.504 seconds
[2024-09-23T02:50:21.888+0000] {processor.py:186} INFO - Started process (PID=7908) to work on /opt/airflow/dags/schedule_with_cron_expression.py
[2024-09-23T02:50:21.891+0000] {processor.py:914} INFO - Processing file /opt/airflow/dags/schedule_with_cron_expression.py for tasks to queue
[2024-09-23T02:50:21.895+0000] {logging_mixin.py:190} INFO - [2024-09-23T02:50:21.894+0000] {dagbag.py:587} INFO - Filling up the DagBag from /opt/airflow/dags/schedule_with_cron_expression.py
[2024-09-23T02:50:22.083+0000] {logging_mixin.py:190} INFO - [2024-09-23T02:50:22.058+0000] {dagbag.py:386} ERROR - Failed to import: /opt/airflow/dags/schedule_with_cron_expression.py
Traceback (most recent call last):
  File "/home/airflow/.local/lib/python3.12/site-packages/airflow/models/dagbag.py", line 382, in parse
    loader.exec_module(new_module)
  File "<frozen importlib._bootstrap_external>", line 995, in exec_module
  File "<frozen importlib._bootstrap>", line 488, in _call_with_frames_removed
  File "/opt/airflow/dags/schedule_with_cron_expression.py", line 13, in <module>
    default_args = {"owner": "chin", "retries": 5, "retry_delay": timedelta(mintues=2)}
                                                                  ^^^^^^^^^^^^^^^^^^^^
TypeError: 'mintues' is an invalid keyword argument for __new__()
[2024-09-23T02:50:22.087+0000] {processor.py:927} WARNING - No viable dags retrieved from /opt/airflow/dags/schedule_with_cron_expression.py
[2024-09-23T02:50:22.122+0000] {processor.py:208} INFO - Processing /opt/airflow/dags/schedule_with_cron_expression.py took 0.241 seconds
[2024-09-23T02:50:23.026+0000] {processor.py:186} INFO - Started process (PID=7913) to work on /opt/airflow/dags/schedule_with_cron_expression.py
[2024-09-23T02:50:23.028+0000] {processor.py:914} INFO - Processing file /opt/airflow/dags/schedule_with_cron_expression.py for tasks to queue
[2024-09-23T02:50:23.031+0000] {logging_mixin.py:190} INFO - [2024-09-23T02:50:23.030+0000] {dagbag.py:587} INFO - Filling up the DagBag from /opt/airflow/dags/schedule_with_cron_expression.py
[2024-09-23T02:50:23.157+0000] {logging_mixin.py:190} INFO - [2024-09-23T02:50:23.137+0000] {dagbag.py:386} ERROR - Failed to import: /opt/airflow/dags/schedule_with_cron_expression.py
Traceback (most recent call last):
  File "/home/airflow/.local/lib/python3.12/site-packages/airflow/models/dagbag.py", line 382, in parse
    loader.exec_module(new_module)
  File "<frozen importlib._bootstrap_external>", line 995, in exec_module
  File "<frozen importlib._bootstrap>", line 488, in _call_with_frames_removed
  File "/opt/airflow/dags/schedule_with_cron_expression.py", line 14, in <module>
    default_args = {"owner": "chin", "retries": 5, "retry_delay": timedelta(mintues=2)}
                                                                  ^^^^^^^^^^^^^^^^^^^^
TypeError: 'mintues' is an invalid keyword argument for __new__()
[2024-09-23T02:50:23.160+0000] {processor.py:927} WARNING - No viable dags retrieved from /opt/airflow/dags/schedule_with_cron_expression.py
[2024-09-23T02:50:23.184+0000] {processor.py:208} INFO - Processing /opt/airflow/dags/schedule_with_cron_expression.py took 0.166 seconds
[2024-09-23T02:50:31.499+0000] {processor.py:186} INFO - Started process (PID=7928) to work on /opt/airflow/dags/schedule_with_cron_expression.py
[2024-09-23T02:50:31.501+0000] {processor.py:914} INFO - Processing file /opt/airflow/dags/schedule_with_cron_expression.py for tasks to queue
[2024-09-23T02:50:31.504+0000] {logging_mixin.py:190} INFO - [2024-09-23T02:50:31.503+0000] {dagbag.py:587} INFO - Filling up the DagBag from /opt/airflow/dags/schedule_with_cron_expression.py
[2024-09-23T02:50:31.748+0000] {logging_mixin.py:190} INFO - [2024-09-23T02:50:31.694+0000] {dagbag.py:386} ERROR - Failed to import: /opt/airflow/dags/schedule_with_cron_expression.py
Traceback (most recent call last):
  File "/home/airflow/.local/lib/python3.12/site-packages/airflow/models/dagbag.py", line 382, in parse
    loader.exec_module(new_module)
  File "<frozen importlib._bootstrap_external>", line 995, in exec_module
  File "<frozen importlib._bootstrap>", line 488, in _call_with_frames_removed
  File "/opt/airflow/dags/schedule_with_cron_expression.py", line 15, in <module>
    default_args = {"owner": "chin", "retries": 5, "retry_delay": timedelta(mintues=2)}
                                                                  ^^^^^^^^^^^^^^^^^^^^
TypeError: 'mintues' is an invalid keyword argument for __new__()
[2024-09-23T02:50:31.756+0000] {processor.py:927} WARNING - No viable dags retrieved from /opt/airflow/dags/schedule_with_cron_expression.py
[2024-09-23T02:50:31.831+0000] {processor.py:208} INFO - Processing /opt/airflow/dags/schedule_with_cron_expression.py took 0.343 seconds
[2024-09-23T02:50:33.378+0000] {processor.py:186} INFO - Started process (PID=7938) to work on /opt/airflow/dags/schedule_with_cron_expression.py
[2024-09-23T02:50:33.381+0000] {processor.py:914} INFO - Processing file /opt/airflow/dags/schedule_with_cron_expression.py for tasks to queue
[2024-09-23T02:50:33.384+0000] {logging_mixin.py:190} INFO - [2024-09-23T02:50:33.383+0000] {dagbag.py:587} INFO - Filling up the DagBag from /opt/airflow/dags/schedule_with_cron_expression.py
[2024-09-23T02:50:33.645+0000] {logging_mixin.py:190} INFO - [2024-09-23T02:50:33.614+0000] {dagbag.py:386} ERROR - Failed to import: /opt/airflow/dags/schedule_with_cron_expression.py
Traceback (most recent call last):
  File "/home/airflow/.local/lib/python3.12/site-packages/airflow/models/dagbag.py", line 382, in parse
    loader.exec_module(new_module)
  File "<frozen importlib._bootstrap_external>", line 995, in exec_module
  File "<frozen importlib._bootstrap>", line 488, in _call_with_frames_removed
  File "/opt/airflow/dags/schedule_with_cron_expression.py", line 15, in <module>
    default_args = {"owner": "chin", "retries": 5, "retry_delay": timedelta(mintues=2)}
                                                                  ^^^^^^^^^^^^^^^^^^^^
TypeError: 'mintues' is an invalid keyword argument for __new__()
[2024-09-23T02:50:33.652+0000] {processor.py:927} WARNING - No viable dags retrieved from /opt/airflow/dags/schedule_with_cron_expression.py
[2024-09-23T02:50:33.702+0000] {processor.py:208} INFO - Processing /opt/airflow/dags/schedule_with_cron_expression.py took 0.336 seconds
[2024-09-23T02:50:38.042+0000] {processor.py:186} INFO - Started process (PID=7946) to work on /opt/airflow/dags/schedule_with_cron_expression.py
[2024-09-23T02:50:38.050+0000] {processor.py:914} INFO - Processing file /opt/airflow/dags/schedule_with_cron_expression.py for tasks to queue
[2024-09-23T02:50:38.077+0000] {logging_mixin.py:190} INFO - [2024-09-23T02:50:38.076+0000] {dagbag.py:587} INFO - Filling up the DagBag from /opt/airflow/dags/schedule_with_cron_expression.py
[2024-09-23T02:50:39.943+0000] {logging_mixin.py:190} INFO - [2024-09-23T02:50:39.879+0000] {dagbag.py:386} ERROR - Failed to import: /opt/airflow/dags/schedule_with_cron_expression.py
Traceback (most recent call last):
  File "/home/airflow/.local/lib/python3.12/site-packages/airflow/models/dagbag.py", line 382, in parse
    loader.exec_module(new_module)
  File "<frozen importlib._bootstrap_external>", line 995, in exec_module
  File "<frozen importlib._bootstrap>", line 488, in _call_with_frames_removed
  File "/opt/airflow/dags/schedule_with_cron_expression.py", line 15, in <module>
    default_args = {"owner": "chin", "retries": 5, "retry_delay": timedelta(mintues=2)}
                                                                  ^^^^^^^^^^^^^^^^^^^^
TypeError: 'mintues' is an invalid keyword argument for __new__()
[2024-09-23T02:50:39.966+0000] {processor.py:927} WARNING - No viable dags retrieved from /opt/airflow/dags/schedule_with_cron_expression.py
[2024-09-23T02:50:40.036+0000] {processor.py:208} INFO - Processing /opt/airflow/dags/schedule_with_cron_expression.py took 2.005 seconds
[2024-09-23T02:50:43.363+0000] {processor.py:186} INFO - Started process (PID=7956) to work on /opt/airflow/dags/schedule_with_cron_expression.py
[2024-09-23T02:50:43.379+0000] {processor.py:914} INFO - Processing file /opt/airflow/dags/schedule_with_cron_expression.py for tasks to queue
[2024-09-23T02:50:43.386+0000] {logging_mixin.py:190} INFO - [2024-09-23T02:50:43.385+0000] {dagbag.py:587} INFO - Filling up the DagBag from /opt/airflow/dags/schedule_with_cron_expression.py
[2024-09-23T02:50:44.473+0000] {logging_mixin.py:190} INFO - [2024-09-23T02:50:44.436+0000] {dagbag.py:386} ERROR - Failed to import: /opt/airflow/dags/schedule_with_cron_expression.py
Traceback (most recent call last):
  File "/home/airflow/.local/lib/python3.12/site-packages/airflow/models/dagbag.py", line 382, in parse
    loader.exec_module(new_module)
  File "<frozen importlib._bootstrap_external>", line 995, in exec_module
  File "<frozen importlib._bootstrap>", line 488, in _call_with_frames_removed
  File "/opt/airflow/dags/schedule_with_cron_expression.py", line 15, in <module>
    default_args = {"owner": "chin", "retries": 5, "retry_delay": timedelta(mintues=2)}
                                                                  ^^^^^^^^^^^^^^^^^^^^
TypeError: 'mintues' is an invalid keyword argument for __new__()
[2024-09-23T02:50:44.502+0000] {processor.py:927} WARNING - No viable dags retrieved from /opt/airflow/dags/schedule_with_cron_expression.py
[2024-09-23T02:50:44.600+0000] {processor.py:208} INFO - Processing /opt/airflow/dags/schedule_with_cron_expression.py took 1.252 seconds
[2024-09-23T02:50:47.749+0000] {processor.py:186} INFO - Started process (PID=7961) to work on /opt/airflow/dags/schedule_with_cron_expression.py
[2024-09-23T02:50:47.764+0000] {processor.py:914} INFO - Processing file /opt/airflow/dags/schedule_with_cron_expression.py for tasks to queue
[2024-09-23T02:50:47.792+0000] {logging_mixin.py:190} INFO - [2024-09-23T02:50:47.791+0000] {dagbag.py:587} INFO - Filling up the DagBag from /opt/airflow/dags/schedule_with_cron_expression.py
[2024-09-23T02:50:49.058+0000] {logging_mixin.py:190} INFO - [2024-09-23T02:50:48.787+0000] {dagbag.py:386} ERROR - Failed to import: /opt/airflow/dags/schedule_with_cron_expression.py
Traceback (most recent call last):
  File "/home/airflow/.local/lib/python3.12/site-packages/airflow/models/dagbag.py", line 382, in parse
    loader.exec_module(new_module)
  File "<frozen importlib._bootstrap_external>", line 995, in exec_module
  File "<frozen importlib._bootstrap>", line 488, in _call_with_frames_removed
  File "/opt/airflow/dags/schedule_with_cron_expression.py", line 15, in <module>
    default_args = {"owner": "chin", "retries": 5, "retry_delay": timedelta(mintues=2)}
                                                                  ^^^^^^^^^^^^^^^^^^^^
TypeError: 'mintues' is an invalid keyword argument for __new__()
[2024-09-23T02:50:49.079+0000] {processor.py:927} WARNING - No viable dags retrieved from /opt/airflow/dags/schedule_with_cron_expression.py
[2024-09-23T02:50:49.112+0000] {processor.py:208} INFO - Processing /opt/airflow/dags/schedule_with_cron_expression.py took 1.373 seconds
[2024-09-23T02:50:51.884+0000] {processor.py:186} INFO - Started process (PID=7966) to work on /opt/airflow/dags/schedule_with_cron_expression.py
[2024-09-23T02:50:51.910+0000] {processor.py:914} INFO - Processing file /opt/airflow/dags/schedule_with_cron_expression.py for tasks to queue
[2024-09-23T02:50:51.915+0000] {logging_mixin.py:190} INFO - [2024-09-23T02:50:51.914+0000] {dagbag.py:587} INFO - Filling up the DagBag from /opt/airflow/dags/schedule_with_cron_expression.py
[2024-09-23T02:50:52.591+0000] {logging_mixin.py:190} INFO - [2024-09-23T02:50:52.519+0000] {dagbag.py:386} ERROR - Failed to import: /opt/airflow/dags/schedule_with_cron_expression.py
Traceback (most recent call last):
  File "/home/airflow/.local/lib/python3.12/site-packages/airflow/models/dagbag.py", line 382, in parse
    loader.exec_module(new_module)
  File "<frozen importlib._bootstrap_external>", line 995, in exec_module
  File "<frozen importlib._bootstrap>", line 488, in _call_with_frames_removed
  File "/opt/airflow/dags/schedule_with_cron_expression.py", line 15, in <module>
    default_args = {"owner": "chin", "retries": 5, "retry_delay": timedelta(mintues=2)}
                                                                  ^^^^^^^^^^^^^^^^^^^^
TypeError: 'mintues' is an invalid keyword argument for __new__()
[2024-09-23T02:50:52.598+0000] {processor.py:927} WARNING - No viable dags retrieved from /opt/airflow/dags/schedule_with_cron_expression.py
[2024-09-23T02:50:52.664+0000] {processor.py:208} INFO - Processing /opt/airflow/dags/schedule_with_cron_expression.py took 0.809 seconds
[2024-09-23T02:50:55.892+0000] {processor.py:186} INFO - Started process (PID=7971) to work on /opt/airflow/dags/schedule_with_cron_expression.py
[2024-09-23T02:50:55.894+0000] {processor.py:914} INFO - Processing file /opt/airflow/dags/schedule_with_cron_expression.py for tasks to queue
[2024-09-23T02:50:55.900+0000] {logging_mixin.py:190} INFO - [2024-09-23T02:50:55.900+0000] {dagbag.py:587} INFO - Filling up the DagBag from /opt/airflow/dags/schedule_with_cron_expression.py
[2024-09-23T02:50:56.393+0000] {logging_mixin.py:190} INFO - [2024-09-23T02:50:56.349+0000] {dagbag.py:386} ERROR - Failed to import: /opt/airflow/dags/schedule_with_cron_expression.py
Traceback (most recent call last):
  File "/home/airflow/.local/lib/python3.12/site-packages/airflow/models/dagbag.py", line 382, in parse
    loader.exec_module(new_module)
  File "<frozen importlib._bootstrap_external>", line 995, in exec_module
  File "<frozen importlib._bootstrap>", line 488, in _call_with_frames_removed
  File "/opt/airflow/dags/schedule_with_cron_expression.py", line 15, in <module>
    default_args = {"owner": "chin", "retries": 5, "retry_delay": timedelta(mintues=2)}
                                                                  ^^^^^^^^^^^^^^^^^^^^
TypeError: 'mintues' is an invalid keyword argument for __new__()
[2024-09-23T02:50:56.399+0000] {processor.py:927} WARNING - No viable dags retrieved from /opt/airflow/dags/schedule_with_cron_expression.py
[2024-09-23T02:50:56.478+0000] {processor.py:208} INFO - Processing /opt/airflow/dags/schedule_with_cron_expression.py took 0.594 seconds
[2024-09-23T02:50:57.815+0000] {processor.py:186} INFO - Started process (PID=7976) to work on /opt/airflow/dags/schedule_with_cron_expression.py
[2024-09-23T02:50:57.823+0000] {processor.py:914} INFO - Processing file /opt/airflow/dags/schedule_with_cron_expression.py for tasks to queue
[2024-09-23T02:50:57.830+0000] {logging_mixin.py:190} INFO - [2024-09-23T02:50:57.828+0000] {dagbag.py:587} INFO - Filling up the DagBag from /opt/airflow/dags/schedule_with_cron_expression.py
[2024-09-23T02:50:58.633+0000] {logging_mixin.py:190} INFO - [2024-09-23T02:50:58.589+0000] {dagbag.py:386} ERROR - Failed to import: /opt/airflow/dags/schedule_with_cron_expression.py
Traceback (most recent call last):
  File "/home/airflow/.local/lib/python3.12/site-packages/airflow/models/dagbag.py", line 382, in parse
    loader.exec_module(new_module)
  File "<frozen importlib._bootstrap_external>", line 995, in exec_module
  File "<frozen importlib._bootstrap>", line 488, in _call_with_frames_removed
  File "/opt/airflow/dags/schedule_with_cron_expression.py", line 15, in <module>
    default_args = {"owner": "chin", "retries": 5, "retry_delay": timedelta(mintues=2)}
                                                                  ^^^^^^^^^^^^^^^^^^^^
TypeError: 'mintues' is an invalid keyword argument for __new__()
[2024-09-23T02:50:58.647+0000] {processor.py:927} WARNING - No viable dags retrieved from /opt/airflow/dags/schedule_with_cron_expression.py
[2024-09-23T02:50:58.708+0000] {processor.py:208} INFO - Processing /opt/airflow/dags/schedule_with_cron_expression.py took 0.902 seconds
[2024-09-23T02:51:00.080+0000] {processor.py:186} INFO - Started process (PID=7981) to work on /opt/airflow/dags/schedule_with_cron_expression.py
[2024-09-23T02:51:00.082+0000] {processor.py:914} INFO - Processing file /opt/airflow/dags/schedule_with_cron_expression.py for tasks to queue
[2024-09-23T02:51:00.088+0000] {logging_mixin.py:190} INFO - [2024-09-23T02:51:00.087+0000] {dagbag.py:587} INFO - Filling up the DagBag from /opt/airflow/dags/schedule_with_cron_expression.py
[2024-09-23T02:51:00.721+0000] {logging_mixin.py:190} INFO - [2024-09-23T02:51:00.662+0000] {dagbag.py:386} ERROR - Failed to import: /opt/airflow/dags/schedule_with_cron_expression.py
Traceback (most recent call last):
  File "/home/airflow/.local/lib/python3.12/site-packages/airflow/models/dagbag.py", line 382, in parse
    loader.exec_module(new_module)
  File "<frozen importlib._bootstrap_external>", line 995, in exec_module
  File "<frozen importlib._bootstrap>", line 488, in _call_with_frames_removed
  File "/opt/airflow/dags/schedule_with_cron_expression.py", line 15, in <module>
    default_args = {"owner": "chin", "retries": 5, "retry_delay": timedelta(mintues=2)}
                                                                  ^^^^^^^^^^^^^^^^^^^^
TypeError: 'mintues' is an invalid keyword argument for __new__()
[2024-09-23T02:51:00.742+0000] {processor.py:927} WARNING - No viable dags retrieved from /opt/airflow/dags/schedule_with_cron_expression.py
[2024-09-23T02:51:00.776+0000] {processor.py:208} INFO - Processing /opt/airflow/dags/schedule_with_cron_expression.py took 0.711 seconds
[2024-09-23T02:51:02.733+0000] {processor.py:186} INFO - Started process (PID=7986) to work on /opt/airflow/dags/schedule_with_cron_expression.py
[2024-09-23T02:51:02.746+0000] {processor.py:914} INFO - Processing file /opt/airflow/dags/schedule_with_cron_expression.py for tasks to queue
[2024-09-23T02:51:02.754+0000] {logging_mixin.py:190} INFO - [2024-09-23T02:51:02.754+0000] {dagbag.py:587} INFO - Filling up the DagBag from /opt/airflow/dags/schedule_with_cron_expression.py
[2024-09-23T02:51:03.347+0000] {logging_mixin.py:190} INFO - [2024-09-23T02:51:03.320+0000] {dagbag.py:386} ERROR - Failed to import: /opt/airflow/dags/schedule_with_cron_expression.py
Traceback (most recent call last):
  File "/home/airflow/.local/lib/python3.12/site-packages/airflow/models/dagbag.py", line 382, in parse
    loader.exec_module(new_module)
  File "<frozen importlib._bootstrap_external>", line 995, in exec_module
  File "<frozen importlib._bootstrap>", line 488, in _call_with_frames_removed
  File "/opt/airflow/dags/schedule_with_cron_expression.py", line 15, in <module>
    default_args = {"owner": "chin", "retries": 5, "retry_delay": timedelta(mintues=2)}
                                                                  ^^^^^^^^^^^^^^^^^^^^
TypeError: 'mintues' is an invalid keyword argument for __new__()
[2024-09-23T02:51:03.349+0000] {processor.py:927} WARNING - No viable dags retrieved from /opt/airflow/dags/schedule_with_cron_expression.py
[2024-09-23T02:51:03.417+0000] {processor.py:208} INFO - Processing /opt/airflow/dags/schedule_with_cron_expression.py took 0.695 seconds
[2024-09-23T02:51:27.734+0000] {processor.py:186} INFO - Started process (PID=8014) to work on /opt/airflow/dags/schedule_with_cron_expression.py
[2024-09-23T02:51:27.783+0000] {processor.py:914} INFO - Processing file /opt/airflow/dags/schedule_with_cron_expression.py for tasks to queue
[2024-09-23T02:51:27.886+0000] {logging_mixin.py:190} INFO - [2024-09-23T02:51:27.885+0000] {dagbag.py:587} INFO - Filling up the DagBag from /opt/airflow/dags/schedule_with_cron_expression.py
[2024-09-23T02:51:29.813+0000] {logging_mixin.py:190} INFO - [2024-09-23T02:51:29.302+0000] {dagbag.py:386} ERROR - Failed to import: /opt/airflow/dags/schedule_with_cron_expression.py
Traceback (most recent call last):
  File "/home/airflow/.local/lib/python3.12/site-packages/airflow/models/dagbag.py", line 382, in parse
    loader.exec_module(new_module)
  File "<frozen importlib._bootstrap_external>", line 995, in exec_module
  File "<frozen importlib._bootstrap>", line 488, in _call_with_frames_removed
  File "/opt/airflow/dags/schedule_with_cron_expression.py", line 15, in <module>
    default_args = {"owner": "chin", "retries": 5, "retry_delay": timedelta(mintues=2)}
                                                                  ^^^^^^^^^^^^^^^^^^^^
TypeError: 'mintues' is an invalid keyword argument for __new__()
[2024-09-23T02:51:29.880+0000] {processor.py:927} WARNING - No viable dags retrieved from /opt/airflow/dags/schedule_with_cron_expression.py
[2024-09-23T02:51:29.956+0000] {processor.py:208} INFO - Processing /opt/airflow/dags/schedule_with_cron_expression.py took 2.232 seconds
[2024-09-23T02:52:00.904+0000] {processor.py:186} INFO - Started process (PID=8042) to work on /opt/airflow/dags/schedule_with_cron_expression.py
[2024-09-23T02:52:00.907+0000] {processor.py:914} INFO - Processing file /opt/airflow/dags/schedule_with_cron_expression.py for tasks to queue
[2024-09-23T02:52:00.923+0000] {logging_mixin.py:190} INFO - [2024-09-23T02:52:00.922+0000] {dagbag.py:587} INFO - Filling up the DagBag from /opt/airflow/dags/schedule_with_cron_expression.py
[2024-09-23T02:52:01.456+0000] {logging_mixin.py:190} INFO - [2024-09-23T02:52:01.318+0000] {dagbag.py:386} ERROR - Failed to import: /opt/airflow/dags/schedule_with_cron_expression.py
Traceback (most recent call last):
  File "/home/airflow/.local/lib/python3.12/site-packages/airflow/models/dagbag.py", line 382, in parse
    loader.exec_module(new_module)
  File "<frozen importlib._bootstrap_external>", line 995, in exec_module
  File "<frozen importlib._bootstrap>", line 488, in _call_with_frames_removed
  File "/opt/airflow/dags/schedule_with_cron_expression.py", line 15, in <module>
    default_args = {"owner": "chin", "retries": 5, "retry_delay": timedelta(mintues=2)}
                                                                  ^^^^^^^^^^^^^^^^^^^^
TypeError: 'mintues' is an invalid keyword argument for __new__()
[2024-09-23T02:52:01.482+0000] {processor.py:927} WARNING - No viable dags retrieved from /opt/airflow/dags/schedule_with_cron_expression.py
[2024-09-23T02:52:01.535+0000] {processor.py:208} INFO - Processing /opt/airflow/dags/schedule_with_cron_expression.py took 0.644 seconds
[2024-09-23T02:52:03.334+0000] {processor.py:186} INFO - Started process (PID=8047) to work on /opt/airflow/dags/schedule_with_cron_expression.py
[2024-09-23T02:52:03.340+0000] {processor.py:914} INFO - Processing file /opt/airflow/dags/schedule_with_cron_expression.py for tasks to queue
[2024-09-23T02:52:03.343+0000] {logging_mixin.py:190} INFO - [2024-09-23T02:52:03.342+0000] {dagbag.py:587} INFO - Filling up the DagBag from /opt/airflow/dags/schedule_with_cron_expression.py
[2024-09-23T02:52:03.616+0000] {logging_mixin.py:190} INFO - [2024-09-23T02:52:03.583+0000] {dagbag.py:386} ERROR - Failed to import: /opt/airflow/dags/schedule_with_cron_expression.py
Traceback (most recent call last):
  File "/home/airflow/.local/lib/python3.12/site-packages/airflow/models/dagbag.py", line 382, in parse
    loader.exec_module(new_module)
  File "<frozen importlib._bootstrap_external>", line 995, in exec_module
  File "<frozen importlib._bootstrap>", line 488, in _call_with_frames_removed
  File "/opt/airflow/dags/schedule_with_cron_expression.py", line 17, in <module>
    default_args = {"owner": "chin", "retries": 5, "retry_delay": timedelta(mintues=2)}
                                                                  ^^^^^^^^^^^^^^^^^^^^
TypeError: 'mintues' is an invalid keyword argument for __new__()
[2024-09-23T02:52:03.622+0000] {processor.py:927} WARNING - No viable dags retrieved from /opt/airflow/dags/schedule_with_cron_expression.py
[2024-09-23T02:52:03.663+0000] {processor.py:208} INFO - Processing /opt/airflow/dags/schedule_with_cron_expression.py took 0.339 seconds
[2024-09-23T02:52:21.197+0000] {processor.py:186} INFO - Started process (PID=8075) to work on /opt/airflow/dags/schedule_with_cron_expression.py
[2024-09-23T02:52:21.200+0000] {processor.py:914} INFO - Processing file /opt/airflow/dags/schedule_with_cron_expression.py for tasks to queue
[2024-09-23T02:52:21.204+0000] {logging_mixin.py:190} INFO - [2024-09-23T02:52:21.204+0000] {dagbag.py:587} INFO - Filling up the DagBag from /opt/airflow/dags/schedule_with_cron_expression.py
[2024-09-23T02:52:21.423+0000] {logging_mixin.py:190} INFO - [2024-09-23T02:52:21.392+0000] {dagbag.py:386} ERROR - Failed to import: /opt/airflow/dags/schedule_with_cron_expression.py
Traceback (most recent call last):
  File "/home/airflow/.local/lib/python3.12/site-packages/airflow/models/dagbag.py", line 382, in parse
    loader.exec_module(new_module)
  File "<frozen importlib._bootstrap_external>", line 995, in exec_module
  File "<frozen importlib._bootstrap>", line 488, in _call_with_frames_removed
  File "/opt/airflow/dags/schedule_with_cron_expression.py", line 18, in <module>
    default_args = {"owner": "chin", "retries": 5, "retry_delay": timedelta(mintues=2)}
                                                                  ^^^^^^^^^^^^^^^^^^^^
TypeError: 'mintues' is an invalid keyword argument for __new__()
[2024-09-23T02:52:21.436+0000] {processor.py:927} WARNING - No viable dags retrieved from /opt/airflow/dags/schedule_with_cron_expression.py
[2024-09-23T02:52:21.474+0000] {processor.py:208} INFO - Processing /opt/airflow/dags/schedule_with_cron_expression.py took 0.284 seconds
[2024-09-23T02:52:23.436+0000] {processor.py:186} INFO - Started process (PID=8080) to work on /opt/airflow/dags/schedule_with_cron_expression.py
[2024-09-23T02:52:23.439+0000] {processor.py:914} INFO - Processing file /opt/airflow/dags/schedule_with_cron_expression.py for tasks to queue
[2024-09-23T02:52:23.443+0000] {logging_mixin.py:190} INFO - [2024-09-23T02:52:23.442+0000] {dagbag.py:587} INFO - Filling up the DagBag from /opt/airflow/dags/schedule_with_cron_expression.py
[2024-09-23T02:52:23.745+0000] {logging_mixin.py:190} INFO - [2024-09-23T02:52:23.710+0000] {dagbag.py:386} ERROR - Failed to import: /opt/airflow/dags/schedule_with_cron_expression.py
Traceback (most recent call last):
  File "/home/airflow/.local/lib/python3.12/site-packages/airflow/models/dagbag.py", line 382, in parse
    loader.exec_module(new_module)
  File "<frozen importlib._bootstrap_external>", line 995, in exec_module
  File "<frozen importlib._bootstrap>", line 488, in _call_with_frames_removed
  File "/opt/airflow/dags/schedule_with_cron_expression.py", line 19, in <module>
    default_args = {"owner": "chin", "retries": 5, "retry_delay": timedelta(mintues=2)}
                                                                  ^^^^^^^^^^^^^^^^^^^^
TypeError: 'mintues' is an invalid keyword argument for __new__()
[2024-09-23T02:52:23.752+0000] {processor.py:927} WARNING - No viable dags retrieved from /opt/airflow/dags/schedule_with_cron_expression.py
[2024-09-23T02:52:23.797+0000] {processor.py:208} INFO - Processing /opt/airflow/dags/schedule_with_cron_expression.py took 0.369 seconds
[2024-09-23T02:52:31.491+0000] {processor.py:186} INFO - Started process (PID=8085) to work on /opt/airflow/dags/schedule_with_cron_expression.py
[2024-09-23T02:52:31.493+0000] {processor.py:914} INFO - Processing file /opt/airflow/dags/schedule_with_cron_expression.py for tasks to queue
[2024-09-23T02:52:31.497+0000] {logging_mixin.py:190} INFO - [2024-09-23T02:52:31.496+0000] {dagbag.py:587} INFO - Filling up the DagBag from /opt/airflow/dags/schedule_with_cron_expression.py
[2024-09-23T02:52:31.774+0000] {logging_mixin.py:190} INFO - [2024-09-23T02:52:31.746+0000] {dagbag.py:386} ERROR - Failed to import: /opt/airflow/dags/schedule_with_cron_expression.py
Traceback (most recent call last):
  File "/home/airflow/.local/lib/python3.12/site-packages/airflow/models/dagbag.py", line 382, in parse
    loader.exec_module(new_module)
  File "<frozen importlib._bootstrap_external>", line 995, in exec_module
  File "<frozen importlib._bootstrap>", line 488, in _call_with_frames_removed
  File "/opt/airflow/dags/schedule_with_cron_expression.py", line 20, in <module>
    default_args = {"owner": "chin", "retries": 5, "retry_delay": timedelta(mintues=2)}
                                                                  ^^^^^^^^^^^^^^^^^^^^
TypeError: 'mintues' is an invalid keyword argument for __new__()
[2024-09-23T02:52:31.780+0000] {processor.py:927} WARNING - No viable dags retrieved from /opt/airflow/dags/schedule_with_cron_expression.py
[2024-09-23T02:52:31.833+0000] {processor.py:208} INFO - Processing /opt/airflow/dags/schedule_with_cron_expression.py took 0.352 seconds
[2024-09-23T02:52:33.657+0000] {processor.py:186} INFO - Started process (PID=8090) to work on /opt/airflow/dags/schedule_with_cron_expression.py
[2024-09-23T02:52:33.660+0000] {processor.py:914} INFO - Processing file /opt/airflow/dags/schedule_with_cron_expression.py for tasks to queue
[2024-09-23T02:52:33.663+0000] {logging_mixin.py:190} INFO - [2024-09-23T02:52:33.663+0000] {dagbag.py:587} INFO - Filling up the DagBag from /opt/airflow/dags/schedule_with_cron_expression.py
[2024-09-23T02:52:33.843+0000] {logging_mixin.py:190} INFO - [2024-09-23T02:52:33.817+0000] {dagbag.py:386} ERROR - Failed to import: /opt/airflow/dags/schedule_with_cron_expression.py
Traceback (most recent call last):
  File "/home/airflow/.local/lib/python3.12/site-packages/airflow/models/dagbag.py", line 382, in parse
    loader.exec_module(new_module)
  File "<frozen importlib._bootstrap_external>", line 995, in exec_module
  File "<frozen importlib._bootstrap>", line 488, in _call_with_frames_removed
  File "/opt/airflow/dags/schedule_with_cron_expression.py", line 20, in <module>
    default_args = {"owner": "chin", "retries": 5, "retry_delay": timedelta(mintues=2)}
                                                                  ^^^^^^^^^^^^^^^^^^^^
TypeError: 'mintues' is an invalid keyword argument for __new__()
[2024-09-23T02:52:33.849+0000] {processor.py:927} WARNING - No viable dags retrieved from /opt/airflow/dags/schedule_with_cron_expression.py
[2024-09-23T02:52:33.887+0000] {processor.py:208} INFO - Processing /opt/airflow/dags/schedule_with_cron_expression.py took 0.242 seconds
[2024-09-23T02:52:44.260+0000] {processor.py:186} INFO - Started process (PID=8113) to work on /opt/airflow/dags/schedule_with_cron_expression.py
[2024-09-23T02:52:44.262+0000] {processor.py:914} INFO - Processing file /opt/airflow/dags/schedule_with_cron_expression.py for tasks to queue
[2024-09-23T02:52:44.265+0000] {logging_mixin.py:190} INFO - [2024-09-23T02:52:44.264+0000] {dagbag.py:587} INFO - Filling up the DagBag from /opt/airflow/dags/schedule_with_cron_expression.py
[2024-09-23T02:52:44.404+0000] {logging_mixin.py:190} INFO - [2024-09-23T02:52:44.380+0000] {dagbag.py:386} ERROR - Failed to import: /opt/airflow/dags/schedule_with_cron_expression.py
Traceback (most recent call last):
  File "/home/airflow/.local/lib/python3.12/site-packages/airflow/models/dagbag.py", line 382, in parse
    loader.exec_module(new_module)
  File "<frozen importlib._bootstrap_external>", line 995, in exec_module
  File "<frozen importlib._bootstrap>", line 488, in _call_with_frames_removed
  File "/opt/airflow/dags/schedule_with_cron_expression.py", line 20, in <module>
    default_args = {"owner": "chin", "retries": 5, "retry_delay": timedelta(mintues=2)}
                                                                  ^^^^^^^^^^^^^^^^^^^^
TypeError: 'mintues' is an invalid keyword argument for __new__()
[2024-09-23T02:52:44.407+0000] {processor.py:927} WARNING - No viable dags retrieved from /opt/airflow/dags/schedule_with_cron_expression.py
[2024-09-23T02:52:44.438+0000] {processor.py:208} INFO - Processing /opt/airflow/dags/schedule_with_cron_expression.py took 0.185 seconds
[2024-09-23T02:52:46.768+0000] {processor.py:186} INFO - Started process (PID=8123) to work on /opt/airflow/dags/schedule_with_cron_expression.py
[2024-09-23T02:52:46.770+0000] {processor.py:914} INFO - Processing file /opt/airflow/dags/schedule_with_cron_expression.py for tasks to queue
[2024-09-23T02:52:46.772+0000] {logging_mixin.py:190} INFO - [2024-09-23T02:52:46.771+0000] {dagbag.py:587} INFO - Filling up the DagBag from /opt/airflow/dags/schedule_with_cron_expression.py
[2024-09-23T02:52:47.037+0000] {logging_mixin.py:190} INFO - [2024-09-23T02:52:46.998+0000] {dagbag.py:386} ERROR - Failed to import: /opt/airflow/dags/schedule_with_cron_expression.py
Traceback (most recent call last):
  File "/home/airflow/.local/lib/python3.12/site-packages/airflow/models/dagbag.py", line 382, in parse
    loader.exec_module(new_module)
  File "<frozen importlib._bootstrap_external>", line 995, in exec_module
  File "<frozen importlib._bootstrap>", line 488, in _call_with_frames_removed
  File "/opt/airflow/dags/schedule_with_cron_expression.py", line 20, in <module>
    default_args = {"owner": "chin", "retries": 5, "retry_delay": timedelta(mintues=2)}
                                                                  ^^^^^^^^^^^^^^^^^^^^
TypeError: 'mintues' is an invalid keyword argument for __new__()
[2024-09-23T02:52:47.042+0000] {processor.py:927} WARNING - No viable dags retrieved from /opt/airflow/dags/schedule_with_cron_expression.py
[2024-09-23T02:52:47.076+0000] {processor.py:208} INFO - Processing /opt/airflow/dags/schedule_with_cron_expression.py took 0.317 seconds
[2024-09-23T02:52:50.994+0000] {processor.py:186} INFO - Started process (PID=8128) to work on /opt/airflow/dags/schedule_with_cron_expression.py
[2024-09-23T02:52:50.997+0000] {processor.py:914} INFO - Processing file /opt/airflow/dags/schedule_with_cron_expression.py for tasks to queue
[2024-09-23T02:52:50.999+0000] {logging_mixin.py:190} INFO - [2024-09-23T02:52:50.998+0000] {dagbag.py:587} INFO - Filling up the DagBag from /opt/airflow/dags/schedule_with_cron_expression.py
[2024-09-23T02:52:51.147+0000] {logging_mixin.py:190} INFO - [2024-09-23T02:52:51.126+0000] {dagbag.py:386} ERROR - Failed to import: /opt/airflow/dags/schedule_with_cron_expression.py
Traceback (most recent call last):
  File "/home/airflow/.local/lib/python3.12/site-packages/airflow/models/dagbag.py", line 382, in parse
    loader.exec_module(new_module)
  File "<frozen importlib._bootstrap_external>", line 995, in exec_module
  File "<frozen importlib._bootstrap>", line 488, in _call_with_frames_removed
  File "/opt/airflow/dags/schedule_with_cron_expression.py", line 20, in <module>
    default_args = {"owner": "chin", "retries": 5, "retry_delay": timedelta(mintues=2)}
                                                                  ^^^^^^^^^^^^^^^^^^^^
TypeError: 'mintues' is an invalid keyword argument for __new__()
[2024-09-23T02:52:51.151+0000] {processor.py:927} WARNING - No viable dags retrieved from /opt/airflow/dags/schedule_with_cron_expression.py
[2024-09-23T02:52:51.187+0000] {processor.py:208} INFO - Processing /opt/airflow/dags/schedule_with_cron_expression.py took 0.201 seconds
[2024-09-23T02:52:54.292+0000] {processor.py:186} INFO - Started process (PID=8133) to work on /opt/airflow/dags/schedule_with_cron_expression.py
[2024-09-23T02:52:54.298+0000] {processor.py:914} INFO - Processing file /opt/airflow/dags/schedule_with_cron_expression.py for tasks to queue
[2024-09-23T02:52:54.301+0000] {logging_mixin.py:190} INFO - [2024-09-23T02:52:54.300+0000] {dagbag.py:587} INFO - Filling up the DagBag from /opt/airflow/dags/schedule_with_cron_expression.py
[2024-09-23T02:52:54.701+0000] {logging_mixin.py:190} INFO - [2024-09-23T02:52:54.625+0000] {dagbag.py:386} ERROR - Failed to import: /opt/airflow/dags/schedule_with_cron_expression.py
Traceback (most recent call last):
  File "/home/airflow/.local/lib/python3.12/site-packages/airflow/models/dagbag.py", line 382, in parse
    loader.exec_module(new_module)
  File "<frozen importlib._bootstrap_external>", line 995, in exec_module
  File "<frozen importlib._bootstrap>", line 488, in _call_with_frames_removed
  File "/opt/airflow/dags/schedule_with_cron_expression.py", line 21, in <module>
    default_args = {"owner": "chin", "retries": 5, "retry_delay": timedelta(mintues=2)}
                                                                  ^^^^^^^^^^^^^^^^^^^^
TypeError: 'mintues' is an invalid keyword argument for __new__()
[2024-09-23T02:52:54.707+0000] {processor.py:927} WARNING - No viable dags retrieved from /opt/airflow/dags/schedule_with_cron_expression.py
[2024-09-23T02:52:54.736+0000] {processor.py:208} INFO - Processing /opt/airflow/dags/schedule_with_cron_expression.py took 0.453 seconds
[2024-09-23T02:52:58.656+0000] {processor.py:186} INFO - Started process (PID=8138) to work on /opt/airflow/dags/schedule_with_cron_expression.py
[2024-09-23T02:52:58.658+0000] {processor.py:914} INFO - Processing file /opt/airflow/dags/schedule_with_cron_expression.py for tasks to queue
[2024-09-23T02:52:58.661+0000] {logging_mixin.py:190} INFO - [2024-09-23T02:52:58.660+0000] {dagbag.py:587} INFO - Filling up the DagBag from /opt/airflow/dags/schedule_with_cron_expression.py
[2024-09-23T02:52:58.821+0000] {logging_mixin.py:190} INFO - [2024-09-23T02:52:58.797+0000] {dagbag.py:386} ERROR - Failed to import: /opt/airflow/dags/schedule_with_cron_expression.py
Traceback (most recent call last):
  File "/home/airflow/.local/lib/python3.12/site-packages/airflow/models/dagbag.py", line 382, in parse
    loader.exec_module(new_module)
  File "<frozen importlib._bootstrap_external>", line 995, in exec_module
  File "<frozen importlib._bootstrap>", line 488, in _call_with_frames_removed
  File "/opt/airflow/dags/schedule_with_cron_expression.py", line 21, in <module>
    default_args = {"owner": "chin", "retries": 5, "retry_delay": timedelta(mintues=2)}
                                                                  ^^^^^^^^^^^^^^^^^^^^
TypeError: 'mintues' is an invalid keyword argument for __new__()
[2024-09-23T02:52:58.825+0000] {processor.py:927} WARNING - No viable dags retrieved from /opt/airflow/dags/schedule_with_cron_expression.py
[2024-09-23T02:52:58.852+0000] {processor.py:208} INFO - Processing /opt/airflow/dags/schedule_with_cron_expression.py took 0.202 seconds
[2024-09-23T02:53:06.424+0000] {processor.py:186} INFO - Started process (PID=8143) to work on /opt/airflow/dags/schedule_with_cron_expression.py
[2024-09-23T02:53:06.427+0000] {processor.py:914} INFO - Processing file /opt/airflow/dags/schedule_with_cron_expression.py for tasks to queue
[2024-09-23T02:53:06.433+0000] {logging_mixin.py:190} INFO - [2024-09-23T02:53:06.432+0000] {dagbag.py:587} INFO - Filling up the DagBag from /opt/airflow/dags/schedule_with_cron_expression.py
[2024-09-23T02:53:06.664+0000] {logging_mixin.py:190} INFO - [2024-09-23T02:53:06.630+0000] {dagbag.py:386} ERROR - Failed to import: /opt/airflow/dags/schedule_with_cron_expression.py
Traceback (most recent call last):
  File "/home/airflow/.local/lib/python3.12/site-packages/airflow/models/dagbag.py", line 382, in parse
    loader.exec_module(new_module)
  File "<frozen importlib._bootstrap_external>", line 995, in exec_module
  File "<frozen importlib._bootstrap>", line 488, in _call_with_frames_removed
  File "/opt/airflow/dags/schedule_with_cron_expression.py", line 21, in <module>
    default_args = {"owner": "chin", "retries": 5, "retry_delay": timedelta(mintues=2)}
                                                                  ^^^^^^^^^^^^^^^^^^^^
TypeError: 'mintues' is an invalid keyword argument for __new__()
[2024-09-23T02:53:06.670+0000] {processor.py:927} WARNING - No viable dags retrieved from /opt/airflow/dags/schedule_with_cron_expression.py
[2024-09-23T02:53:06.724+0000] {processor.py:208} INFO - Processing /opt/airflow/dags/schedule_with_cron_expression.py took 0.317 seconds
[2024-09-23T02:53:12.106+0000] {processor.py:186} INFO - Started process (PID=8156) to work on /opt/airflow/dags/schedule_with_cron_expression.py
[2024-09-23T02:53:12.110+0000] {processor.py:914} INFO - Processing file /opt/airflow/dags/schedule_with_cron_expression.py for tasks to queue
[2024-09-23T02:53:12.113+0000] {logging_mixin.py:190} INFO - [2024-09-23T02:53:12.112+0000] {dagbag.py:587} INFO - Filling up the DagBag from /opt/airflow/dags/schedule_with_cron_expression.py
[2024-09-23T02:53:12.507+0000] {logging_mixin.py:190} INFO - [2024-09-23T02:53:12.452+0000] {dagbag.py:386} ERROR - Failed to import: /opt/airflow/dags/schedule_with_cron_expression.py
Traceback (most recent call last):
  File "/home/airflow/.local/lib/python3.12/site-packages/airflow/models/dagbag.py", line 382, in parse
    loader.exec_module(new_module)
  File "<frozen importlib._bootstrap_external>", line 995, in exec_module
  File "<frozen importlib._bootstrap>", line 488, in _call_with_frames_removed
  File "/opt/airflow/dags/schedule_with_cron_expression.py", line 22, in <module>
    default_args = {"owner": "chin", "retries": 5, "retry_delay": timedelta(mintues=2)}
                                                                  ^^^^^^^^^^^^^^^^^^^^
TypeError: 'mintues' is an invalid keyword argument for __new__()
[2024-09-23T02:53:12.532+0000] {processor.py:927} WARNING - No viable dags retrieved from /opt/airflow/dags/schedule_with_cron_expression.py
[2024-09-23T02:53:12.613+0000] {processor.py:208} INFO - Processing /opt/airflow/dags/schedule_with_cron_expression.py took 0.516 seconds
[2024-09-23T02:53:21.059+0000] {processor.py:186} INFO - Started process (PID=8176) to work on /opt/airflow/dags/schedule_with_cron_expression.py
[2024-09-23T02:53:21.062+0000] {processor.py:914} INFO - Processing file /opt/airflow/dags/schedule_with_cron_expression.py for tasks to queue
[2024-09-23T02:53:21.065+0000] {logging_mixin.py:190} INFO - [2024-09-23T02:53:21.064+0000] {dagbag.py:587} INFO - Filling up the DagBag from /opt/airflow/dags/schedule_with_cron_expression.py
[2024-09-23T02:53:21.248+0000] {logging_mixin.py:190} INFO - [2024-09-23T02:53:21.219+0000] {dagbag.py:386} ERROR - Failed to import: /opt/airflow/dags/schedule_with_cron_expression.py
Traceback (most recent call last):
  File "/home/airflow/.local/lib/python3.12/site-packages/airflow/models/dagbag.py", line 382, in parse
    loader.exec_module(new_module)
  File "<frozen importlib._bootstrap_external>", line 995, in exec_module
  File "<frozen importlib._bootstrap>", line 488, in _call_with_frames_removed
  File "/opt/airflow/dags/schedule_with_cron_expression.py", line 22, in <module>
    default_args = {"owner": "chin", "retries": 5, "retry_delay": timedelta(mintues=2)}
                                                                  ^^^^^^^^^^^^^^^^^^^^
TypeError: 'mintues' is an invalid keyword argument for __new__()
[2024-09-23T02:53:21.253+0000] {processor.py:927} WARNING - No viable dags retrieved from /opt/airflow/dags/schedule_with_cron_expression.py
[2024-09-23T02:53:21.290+0000] {processor.py:208} INFO - Processing /opt/airflow/dags/schedule_with_cron_expression.py took 0.238 seconds
[2024-09-23T02:53:27.849+0000] {processor.py:186} INFO - Started process (PID=8181) to work on /opt/airflow/dags/schedule_with_cron_expression.py
[2024-09-23T02:53:27.852+0000] {processor.py:914} INFO - Processing file /opt/airflow/dags/schedule_with_cron_expression.py for tasks to queue
[2024-09-23T02:53:27.856+0000] {logging_mixin.py:190} INFO - [2024-09-23T02:53:27.855+0000] {dagbag.py:587} INFO - Filling up the DagBag from /opt/airflow/dags/schedule_with_cron_expression.py
[2024-09-23T02:53:28.079+0000] {logging_mixin.py:190} INFO - [2024-09-23T02:53:28.041+0000] {dagbag.py:386} ERROR - Failed to import: /opt/airflow/dags/schedule_with_cron_expression.py
Traceback (most recent call last):
  File "/home/airflow/.local/lib/python3.12/site-packages/airflow/models/dagbag.py", line 382, in parse
    loader.exec_module(new_module)
  File "<frozen importlib._bootstrap_external>", line 995, in exec_module
  File "<frozen importlib._bootstrap>", line 488, in _call_with_frames_removed
  File "/opt/airflow/dags/schedule_with_cron_expression.py", line 22, in <module>
    default_args = {"owner": "chin", "retries": 5, "retry_delay": timedelta(mintues=2)}
                                                                  ^^^^^^^^^^^^^^^^^^^^
TypeError: 'mintues' is an invalid keyword argument for __new__()
[2024-09-23T02:53:28.087+0000] {processor.py:927} WARNING - No viable dags retrieved from /opt/airflow/dags/schedule_with_cron_expression.py
[2024-09-23T02:53:28.133+0000] {processor.py:208} INFO - Processing /opt/airflow/dags/schedule_with_cron_expression.py took 0.294 seconds
[2024-09-23T02:53:42.515+0000] {processor.py:186} INFO - Started process (PID=8194) to work on /opt/airflow/dags/schedule_with_cron_expression.py
[2024-09-23T02:53:42.517+0000] {processor.py:914} INFO - Processing file /opt/airflow/dags/schedule_with_cron_expression.py for tasks to queue
[2024-09-23T02:53:42.523+0000] {logging_mixin.py:190} INFO - [2024-09-23T02:53:42.522+0000] {dagbag.py:587} INFO - Filling up the DagBag from /opt/airflow/dags/schedule_with_cron_expression.py
[2024-09-23T02:53:42.694+0000] {logging_mixin.py:190} INFO - [2024-09-23T02:53:42.666+0000] {dagbag.py:386} ERROR - Failed to import: /opt/airflow/dags/schedule_with_cron_expression.py
Traceback (most recent call last):
  File "/home/airflow/.local/lib/python3.12/site-packages/airflow/models/dagbag.py", line 382, in parse
    loader.exec_module(new_module)
  File "<frozen importlib._bootstrap_external>", line 995, in exec_module
  File "<frozen importlib._bootstrap>", line 488, in _call_with_frames_removed
  File "/opt/airflow/dags/schedule_with_cron_expression.py", line 23, in <module>
    default_args = {"owner": "chin", "retries": 5, "retry_delay": timedelta(mintues=2)}
                                                                  ^^^^^^^^^^^^^^^^^^^^
TypeError: 'mintues' is an invalid keyword argument for __new__()
[2024-09-23T02:53:42.700+0000] {processor.py:927} WARNING - No viable dags retrieved from /opt/airflow/dags/schedule_with_cron_expression.py
[2024-09-23T02:53:42.747+0000] {processor.py:208} INFO - Processing /opt/airflow/dags/schedule_with_cron_expression.py took 0.248 seconds
[2024-09-23T02:53:46.683+0000] {processor.py:186} INFO - Started process (PID=8214) to work on /opt/airflow/dags/schedule_with_cron_expression.py
[2024-09-23T02:53:46.686+0000] {processor.py:914} INFO - Processing file /opt/airflow/dags/schedule_with_cron_expression.py for tasks to queue
[2024-09-23T02:53:46.691+0000] {logging_mixin.py:190} INFO - [2024-09-23T02:53:46.691+0000] {dagbag.py:587} INFO - Filling up the DagBag from /opt/airflow/dags/schedule_with_cron_expression.py
[2024-09-23T02:53:46.869+0000] {logging_mixin.py:190} INFO - [2024-09-23T02:53:46.842+0000] {dagbag.py:386} ERROR - Failed to import: /opt/airflow/dags/schedule_with_cron_expression.py
Traceback (most recent call last):
  File "/home/airflow/.local/lib/python3.12/site-packages/airflow/models/dagbag.py", line 382, in parse
    loader.exec_module(new_module)
  File "<frozen importlib._bootstrap_external>", line 995, in exec_module
  File "<frozen importlib._bootstrap>", line 488, in _call_with_frames_removed
  File "/opt/airflow/dags/schedule_with_cron_expression.py", line 23, in <module>
    default_args = {"owner": "chin", "retries": 5, "retry_delay": timedelta(mintues=2)}
                                                                  ^^^^^^^^^^^^^^^^^^^^
TypeError: 'mintues' is an invalid keyword argument for __new__()
[2024-09-23T02:53:46.874+0000] {processor.py:927} WARNING - No viable dags retrieved from /opt/airflow/dags/schedule_with_cron_expression.py
[2024-09-23T02:53:46.928+0000] {processor.py:208} INFO - Processing /opt/airflow/dags/schedule_with_cron_expression.py took 0.259 seconds
[2024-09-23T02:53:51.290+0000] {processor.py:186} INFO - Started process (PID=8219) to work on /opt/airflow/dags/schedule_with_cron_expression.py
[2024-09-23T02:53:51.292+0000] {processor.py:914} INFO - Processing file /opt/airflow/dags/schedule_with_cron_expression.py for tasks to queue
[2024-09-23T02:53:51.294+0000] {logging_mixin.py:190} INFO - [2024-09-23T02:53:51.294+0000] {dagbag.py:587} INFO - Filling up the DagBag from /opt/airflow/dags/schedule_with_cron_expression.py
[2024-09-23T02:53:51.423+0000] {logging_mixin.py:190} INFO - [2024-09-23T02:53:51.402+0000] {dagbag.py:386} ERROR - Failed to import: /opt/airflow/dags/schedule_with_cron_expression.py
Traceback (most recent call last):
  File "/home/airflow/.local/lib/python3.12/site-packages/airflow/models/dagbag.py", line 382, in parse
    loader.exec_module(new_module)
  File "<frozen importlib._bootstrap_external>", line 995, in exec_module
  File "<frozen importlib._bootstrap>", line 488, in _call_with_frames_removed
  File "/opt/airflow/dags/schedule_with_cron_expression.py", line 24, in <module>
    default_args = {"owner": "chin", "retries": 5, "retry_delay": timedelta(mintues=2)}
                                                                  ^^^^^^^^^^^^^^^^^^^^
TypeError: 'mintues' is an invalid keyword argument for __new__()
[2024-09-23T02:53:51.430+0000] {processor.py:927} WARNING - No viable dags retrieved from /opt/airflow/dags/schedule_with_cron_expression.py
[2024-09-23T02:53:51.465+0000] {processor.py:208} INFO - Processing /opt/airflow/dags/schedule_with_cron_expression.py took 0.184 seconds
[2024-09-23T02:54:03.131+0000] {processor.py:186} INFO - Started process (PID=8224) to work on /opt/airflow/dags/schedule_with_cron_expression.py
[2024-09-23T02:54:03.132+0000] {processor.py:914} INFO - Processing file /opt/airflow/dags/schedule_with_cron_expression.py for tasks to queue
[2024-09-23T02:54:03.135+0000] {logging_mixin.py:190} INFO - [2024-09-23T02:54:03.134+0000] {dagbag.py:587} INFO - Filling up the DagBag from /opt/airflow/dags/schedule_with_cron_expression.py
[2024-09-23T02:54:03.269+0000] {logging_mixin.py:190} INFO - [2024-09-23T02:54:03.249+0000] {dagbag.py:386} ERROR - Failed to import: /opt/airflow/dags/schedule_with_cron_expression.py
Traceback (most recent call last):
  File "/home/airflow/.local/lib/python3.12/site-packages/airflow/models/dagbag.py", line 382, in parse
    loader.exec_module(new_module)
  File "<frozen importlib._bootstrap_external>", line 995, in exec_module
  File "<frozen importlib._bootstrap>", line 488, in _call_with_frames_removed
  File "/opt/airflow/dags/schedule_with_cron_expression.py", line 24, in <module>
    default_args = {"owner": "chin", "retries": 5, "retry_delay": timedelta(mintues=2)}
                                                                  ^^^^^^^^^^^^^^^^^^^^
TypeError: 'mintues' is an invalid keyword argument for __new__()
[2024-09-23T02:54:03.273+0000] {processor.py:927} WARNING - No viable dags retrieved from /opt/airflow/dags/schedule_with_cron_expression.py
[2024-09-23T02:54:03.303+0000] {processor.py:208} INFO - Processing /opt/airflow/dags/schedule_with_cron_expression.py took 0.181 seconds
[2024-09-23T02:54:08.553+0000] {processor.py:186} INFO - Started process (PID=8229) to work on /opt/airflow/dags/schedule_with_cron_expression.py
[2024-09-23T02:54:08.556+0000] {processor.py:914} INFO - Processing file /opt/airflow/dags/schedule_with_cron_expression.py for tasks to queue
[2024-09-23T02:54:08.562+0000] {logging_mixin.py:190} INFO - [2024-09-23T02:54:08.561+0000] {dagbag.py:587} INFO - Filling up the DagBag from /opt/airflow/dags/schedule_with_cron_expression.py
[2024-09-23T02:54:08.864+0000] {logging_mixin.py:190} INFO - [2024-09-23T02:54:08.814+0000] {dagbag.py:386} ERROR - Failed to import: /opt/airflow/dags/schedule_with_cron_expression.py
Traceback (most recent call last):
  File "/home/airflow/.local/lib/python3.12/site-packages/airflow/models/dagbag.py", line 382, in parse
    loader.exec_module(new_module)
  File "<frozen importlib._bootstrap_external>", line 995, in exec_module
  File "<frozen importlib._bootstrap>", line 488, in _call_with_frames_removed
  File "/opt/airflow/dags/schedule_with_cron_expression.py", line 24, in <module>
    default_args = {"owner": "chin", "retries": 5, "retry_delay": timedelta(mintues=2)}
                                                                  ^^^^^^^^^^^^^^^^^^^^
TypeError: 'mintues' is an invalid keyword argument for __new__()
[2024-09-23T02:54:08.868+0000] {processor.py:927} WARNING - No viable dags retrieved from /opt/airflow/dags/schedule_with_cron_expression.py
[2024-09-23T02:54:08.898+0000] {processor.py:208} INFO - Processing /opt/airflow/dags/schedule_with_cron_expression.py took 0.363 seconds
[2024-09-23T02:54:10.406+0000] {processor.py:186} INFO - Started process (PID=8237) to work on /opt/airflow/dags/schedule_with_cron_expression.py
[2024-09-23T02:54:10.409+0000] {processor.py:914} INFO - Processing file /opt/airflow/dags/schedule_with_cron_expression.py for tasks to queue
[2024-09-23T02:54:10.412+0000] {logging_mixin.py:190} INFO - [2024-09-23T02:54:10.411+0000] {dagbag.py:587} INFO - Filling up the DagBag from /opt/airflow/dags/schedule_with_cron_expression.py
[2024-09-23T02:54:10.642+0000] {logging_mixin.py:190} INFO - [2024-09-23T02:54:10.606+0000] {dagbag.py:386} ERROR - Failed to import: /opt/airflow/dags/schedule_with_cron_expression.py
Traceback (most recent call last):
  File "/home/airflow/.local/lib/python3.12/site-packages/airflow/models/dagbag.py", line 382, in parse
    loader.exec_module(new_module)
  File "<frozen importlib._bootstrap_external>", line 995, in exec_module
  File "<frozen importlib._bootstrap>", line 488, in _call_with_frames_removed
  File "/opt/airflow/dags/schedule_with_cron_expression.py", line 24, in <module>
    default_args = {"owner": "chin", "retries": 5, "retry_delay": timedelta(mintues=2)}
                                                                  ^^^^^^^^^^^^^^^^^^^^
TypeError: 'mintues' is an invalid keyword argument for __new__()
[2024-09-23T02:54:10.669+0000] {processor.py:927} WARNING - No viable dags retrieved from /opt/airflow/dags/schedule_with_cron_expression.py
[2024-09-23T02:54:10.709+0000] {processor.py:208} INFO - Processing /opt/airflow/dags/schedule_with_cron_expression.py took 0.311 seconds
[2024-09-23T02:54:15.560+0000] {processor.py:186} INFO - Started process (PID=8252) to work on /opt/airflow/dags/schedule_with_cron_expression.py
[2024-09-23T02:54:15.563+0000] {processor.py:914} INFO - Processing file /opt/airflow/dags/schedule_with_cron_expression.py for tasks to queue
[2024-09-23T02:54:15.568+0000] {logging_mixin.py:190} INFO - [2024-09-23T02:54:15.567+0000] {dagbag.py:587} INFO - Filling up the DagBag from /opt/airflow/dags/schedule_with_cron_expression.py
[2024-09-23T02:54:15.786+0000] {logging_mixin.py:190} INFO - [2024-09-23T02:54:15.751+0000] {dagbag.py:386} ERROR - Failed to import: /opt/airflow/dags/schedule_with_cron_expression.py
Traceback (most recent call last):
  File "/home/airflow/.local/lib/python3.12/site-packages/airflow/models/dagbag.py", line 382, in parse
    loader.exec_module(new_module)
  File "<frozen importlib._bootstrap_external>", line 995, in exec_module
  File "<frozen importlib._bootstrap>", line 488, in _call_with_frames_removed
  File "/opt/airflow/dags/schedule_with_cron_expression.py", line 24, in <module>
    default_args = {"owner": "chin", "retries": 5, "retry_delay": timedelta(mintues=2)}
                                                                  ^^^^^^^^^^^^^^^^^^^^
TypeError: 'mintues' is an invalid keyword argument for __new__()
[2024-09-23T02:54:15.794+0000] {processor.py:927} WARNING - No viable dags retrieved from /opt/airflow/dags/schedule_with_cron_expression.py
[2024-09-23T02:54:15.833+0000] {processor.py:208} INFO - Processing /opt/airflow/dags/schedule_with_cron_expression.py took 0.283 seconds
[2024-09-23T02:54:18.432+0000] {processor.py:186} INFO - Started process (PID=8267) to work on /opt/airflow/dags/schedule_with_cron_expression.py
[2024-09-23T02:54:18.434+0000] {processor.py:914} INFO - Processing file /opt/airflow/dags/schedule_with_cron_expression.py for tasks to queue
[2024-09-23T02:54:18.438+0000] {logging_mixin.py:190} INFO - [2024-09-23T02:54:18.437+0000] {dagbag.py:587} INFO - Filling up the DagBag from /opt/airflow/dags/schedule_with_cron_expression.py
[2024-09-23T02:54:18.622+0000] {logging_mixin.py:190} INFO - [2024-09-23T02:54:18.593+0000] {dagbag.py:386} ERROR - Failed to import: /opt/airflow/dags/schedule_with_cron_expression.py
Traceback (most recent call last):
  File "/home/airflow/.local/lib/python3.12/site-packages/airflow/models/dagbag.py", line 382, in parse
    loader.exec_module(new_module)
  File "<frozen importlib._bootstrap_external>", line 995, in exec_module
  File "<frozen importlib._bootstrap>", line 488, in _call_with_frames_removed
  File "/opt/airflow/dags/schedule_with_cron_expression.py", line 24, in <module>
    default_args = {"owner": "chin", "retries": 5, "retry_delay": timedelta(mintues=2)}
                                                                  ^^^^^^^^^^^^^^^^^^^^
TypeError: 'mintues' is an invalid keyword argument for __new__()
[2024-09-23T02:54:18.627+0000] {processor.py:927} WARNING - No viable dags retrieved from /opt/airflow/dags/schedule_with_cron_expression.py
[2024-09-23T02:54:18.709+0000] {processor.py:208} INFO - Processing /opt/airflow/dags/schedule_with_cron_expression.py took 0.287 seconds
[2024-09-23T02:54:22.277+0000] {processor.py:186} INFO - Started process (PID=8272) to work on /opt/airflow/dags/schedule_with_cron_expression.py
[2024-09-23T02:54:22.280+0000] {processor.py:914} INFO - Processing file /opt/airflow/dags/schedule_with_cron_expression.py for tasks to queue
[2024-09-23T02:54:22.283+0000] {logging_mixin.py:190} INFO - [2024-09-23T02:54:22.282+0000] {dagbag.py:587} INFO - Filling up the DagBag from /opt/airflow/dags/schedule_with_cron_expression.py
[2024-09-23T02:54:22.470+0000] {logging_mixin.py:190} INFO - [2024-09-23T02:54:22.438+0000] {dagbag.py:386} ERROR - Failed to import: /opt/airflow/dags/schedule_with_cron_expression.py
Traceback (most recent call last):
  File "/home/airflow/.local/lib/python3.12/site-packages/airflow/models/dagbag.py", line 382, in parse
    loader.exec_module(new_module)
  File "<frozen importlib._bootstrap_external>", line 995, in exec_module
  File "<frozen importlib._bootstrap>", line 488, in _call_with_frames_removed
  File "/opt/airflow/dags/schedule_with_cron_expression.py", line 24, in <module>
    default_args = {"owner": "chin", "retries": 5, "retry_delay": timedelta(mintues=2)}
                                                                  ^^^^^^^^^^^^^^^^^^^^
TypeError: 'mintues' is an invalid keyword argument for __new__()
[2024-09-23T02:54:22.475+0000] {processor.py:927} WARNING - No viable dags retrieved from /opt/airflow/dags/schedule_with_cron_expression.py
[2024-09-23T02:54:22.519+0000] {processor.py:208} INFO - Processing /opt/airflow/dags/schedule_with_cron_expression.py took 0.253 seconds
[2024-09-23T02:54:25.228+0000] {processor.py:186} INFO - Started process (PID=8277) to work on /opt/airflow/dags/schedule_with_cron_expression.py
[2024-09-23T02:54:25.239+0000] {processor.py:914} INFO - Processing file /opt/airflow/dags/schedule_with_cron_expression.py for tasks to queue
[2024-09-23T02:54:25.245+0000] {logging_mixin.py:190} INFO - [2024-09-23T02:54:25.244+0000] {dagbag.py:587} INFO - Filling up the DagBag from /opt/airflow/dags/schedule_with_cron_expression.py
[2024-09-23T02:54:25.530+0000] {logging_mixin.py:190} INFO - [2024-09-23T02:54:25.498+0000] {dagbag.py:386} ERROR - Failed to import: /opt/airflow/dags/schedule_with_cron_expression.py
Traceback (most recent call last):
  File "/home/airflow/.local/lib/python3.12/site-packages/airflow/models/dagbag.py", line 382, in parse
    loader.exec_module(new_module)
  File "<frozen importlib._bootstrap_external>", line 995, in exec_module
  File "<frozen importlib._bootstrap>", line 488, in _call_with_frames_removed
  File "/opt/airflow/dags/schedule_with_cron_expression.py", line 24, in <module>
    default_args = {"owner": "chin", "retries": 5, "retry_delay": timedelta(mintues=2)}
                                                                  ^^^^^^^^^^^^^^^^^^^^
TypeError: 'mintues' is an invalid keyword argument for __new__()
[2024-09-23T02:54:25.540+0000] {processor.py:927} WARNING - No viable dags retrieved from /opt/airflow/dags/schedule_with_cron_expression.py
[2024-09-23T02:54:25.598+0000] {processor.py:208} INFO - Processing /opt/airflow/dags/schedule_with_cron_expression.py took 0.377 seconds
[2024-09-23T02:54:28.152+0000] {processor.py:186} INFO - Started process (PID=8282) to work on /opt/airflow/dags/schedule_with_cron_expression.py
[2024-09-23T02:54:28.154+0000] {processor.py:914} INFO - Processing file /opt/airflow/dags/schedule_with_cron_expression.py for tasks to queue
[2024-09-23T02:54:28.156+0000] {logging_mixin.py:190} INFO - [2024-09-23T02:54:28.156+0000] {dagbag.py:587} INFO - Filling up the DagBag from /opt/airflow/dags/schedule_with_cron_expression.py
[2024-09-23T02:54:28.391+0000] {logging_mixin.py:190} INFO - [2024-09-23T02:54:28.353+0000] {dagbag.py:386} ERROR - Failed to import: /opt/airflow/dags/schedule_with_cron_expression.py
Traceback (most recent call last):
  File "/home/airflow/.local/lib/python3.12/site-packages/airflow/models/dagbag.py", line 382, in parse
    loader.exec_module(new_module)
  File "<frozen importlib._bootstrap_external>", line 995, in exec_module
  File "<frozen importlib._bootstrap>", line 488, in _call_with_frames_removed
  File "/opt/airflow/dags/schedule_with_cron_expression.py", line 24, in <module>
    default_args = {"owner": "chin", "retries": 5, "retry_delay": timedelta(mintues=2)}
                                                                  ^^^^^^^^^^^^^^^^^^^^
TypeError: 'mintues' is an invalid keyword argument for __new__()
[2024-09-23T02:54:28.399+0000] {processor.py:927} WARNING - No viable dags retrieved from /opt/airflow/dags/schedule_with_cron_expression.py
[2024-09-23T02:54:28.439+0000] {processor.py:208} INFO - Processing /opt/airflow/dags/schedule_with_cron_expression.py took 0.294 seconds
[2024-09-23T02:54:30.791+0000] {processor.py:186} INFO - Started process (PID=8287) to work on /opt/airflow/dags/schedule_with_cron_expression.py
[2024-09-23T02:54:30.794+0000] {processor.py:914} INFO - Processing file /opt/airflow/dags/schedule_with_cron_expression.py for tasks to queue
[2024-09-23T02:54:30.802+0000] {logging_mixin.py:190} INFO - [2024-09-23T02:54:30.801+0000] {dagbag.py:587} INFO - Filling up the DagBag from /opt/airflow/dags/schedule_with_cron_expression.py
[2024-09-23T02:54:31.082+0000] {logging_mixin.py:190} INFO - [2024-09-23T02:54:31.047+0000] {dagbag.py:386} ERROR - Failed to import: /opt/airflow/dags/schedule_with_cron_expression.py
Traceback (most recent call last):
  File "/home/airflow/.local/lib/python3.12/site-packages/airflow/models/dagbag.py", line 382, in parse
    loader.exec_module(new_module)
  File "<frozen importlib._bootstrap_external>", line 995, in exec_module
  File "<frozen importlib._bootstrap>", line 488, in _call_with_frames_removed
  File "/opt/airflow/dags/schedule_with_cron_expression.py", line 24, in <module>
    default_args = {"owner": "chin", "retries": 5, "retry_delay": timedelta(mintues=2)}
                                                                  ^^^^^^^^^^^^^^^^^^^^
TypeError: 'mintues' is an invalid keyword argument for __new__()
[2024-09-23T02:54:31.113+0000] {processor.py:927} WARNING - No viable dags retrieved from /opt/airflow/dags/schedule_with_cron_expression.py
[2024-09-23T02:54:31.156+0000] {processor.py:208} INFO - Processing /opt/airflow/dags/schedule_with_cron_expression.py took 0.373 seconds
[2024-09-23T02:54:32.523+0000] {processor.py:186} INFO - Started process (PID=8292) to work on /opt/airflow/dags/schedule_with_cron_expression.py
[2024-09-23T02:54:32.534+0000] {processor.py:914} INFO - Processing file /opt/airflow/dags/schedule_with_cron_expression.py for tasks to queue
[2024-09-23T02:54:32.545+0000] {logging_mixin.py:190} INFO - [2024-09-23T02:54:32.544+0000] {dagbag.py:587} INFO - Filling up the DagBag from /opt/airflow/dags/schedule_with_cron_expression.py
[2024-09-23T02:54:34.005+0000] {logging_mixin.py:190} INFO - [2024-09-23T02:54:33.495+0000] {dagbag.py:386} ERROR - Failed to import: /opt/airflow/dags/schedule_with_cron_expression.py
Traceback (most recent call last):
  File "/home/airflow/.local/lib/python3.12/site-packages/airflow/models/dagbag.py", line 382, in parse
    loader.exec_module(new_module)
  File "<frozen importlib._bootstrap_external>", line 995, in exec_module
  File "<frozen importlib._bootstrap>", line 488, in _call_with_frames_removed
  File "/opt/airflow/dags/schedule_with_cron_expression.py", line 24, in <module>
    default_args = {"owner": "chin", "retries": 5, "retry_delay": timedelta(mintues=2)}
                                                                  ^^^^^^^^^^^^^^^^^^^^
TypeError: 'mintues' is an invalid keyword argument for __new__()
[2024-09-23T02:54:34.071+0000] {processor.py:927} WARNING - No viable dags retrieved from /opt/airflow/dags/schedule_with_cron_expression.py
[2024-09-23T02:54:34.102+0000] {processor.py:208} INFO - Processing /opt/airflow/dags/schedule_with_cron_expression.py took 1.589 seconds
[2024-09-23T02:54:43.731+0000] {processor.py:186} INFO - Started process (PID=8305) to work on /opt/airflow/dags/schedule_with_cron_expression.py
[2024-09-23T02:54:43.733+0000] {processor.py:914} INFO - Processing file /opt/airflow/dags/schedule_with_cron_expression.py for tasks to queue
[2024-09-23T02:54:43.736+0000] {logging_mixin.py:190} INFO - [2024-09-23T02:54:43.736+0000] {dagbag.py:587} INFO - Filling up the DagBag from /opt/airflow/dags/schedule_with_cron_expression.py
[2024-09-23T02:54:44.386+0000] {logging_mixin.py:190} INFO - [2024-09-23T02:54:44.308+0000] {dagbag.py:386} ERROR - Failed to import: /opt/airflow/dags/schedule_with_cron_expression.py
Traceback (most recent call last):
  File "/home/airflow/.local/lib/python3.12/site-packages/airflow/models/dagbag.py", line 382, in parse
    loader.exec_module(new_module)
  File "<frozen importlib._bootstrap_external>", line 995, in exec_module
  File "<frozen importlib._bootstrap>", line 488, in _call_with_frames_removed
  File "/opt/airflow/dags/schedule_with_cron_expression.py", line 24, in <module>
    default_args = {"owner": "chin", "retries": 5, "retry_delay": timedelta(mintues=2)}
                                                                  ^^^^^^^^^^^^^^^^^^^^
TypeError: 'mintues' is an invalid keyword argument for __new__()
[2024-09-23T02:54:44.415+0000] {processor.py:927} WARNING - No viable dags retrieved from /opt/airflow/dags/schedule_with_cron_expression.py
[2024-09-23T02:54:44.468+0000] {processor.py:208} INFO - Processing /opt/airflow/dags/schedule_with_cron_expression.py took 0.748 seconds
[2024-09-23T02:54:49.330+0000] {processor.py:186} INFO - Started process (PID=8325) to work on /opt/airflow/dags/schedule_with_cron_expression.py
[2024-09-23T02:54:49.332+0000] {processor.py:914} INFO - Processing file /opt/airflow/dags/schedule_with_cron_expression.py for tasks to queue
[2024-09-23T02:54:49.334+0000] {logging_mixin.py:190} INFO - [2024-09-23T02:54:49.333+0000] {dagbag.py:587} INFO - Filling up the DagBag from /opt/airflow/dags/schedule_with_cron_expression.py
[2024-09-23T02:54:49.544+0000] {logging_mixin.py:190} INFO - [2024-09-23T02:54:49.509+0000] {dagbag.py:386} ERROR - Failed to import: /opt/airflow/dags/schedule_with_cron_expression.py
Traceback (most recent call last):
  File "/home/airflow/.local/lib/python3.12/site-packages/airflow/models/dagbag.py", line 382, in parse
    loader.exec_module(new_module)
  File "<frozen importlib._bootstrap_external>", line 995, in exec_module
  File "<frozen importlib._bootstrap>", line 488, in _call_with_frames_removed
  File "/opt/airflow/dags/schedule_with_cron_expression.py", line 24, in <module>
    default_args = {"owner": "chin", "retries": 5, "retry_delay": timedelta(mintues=2)}
                                                                  ^^^^^^^^^^^^^^^^^^^^
TypeError: 'mintues' is an invalid keyword argument for __new__()
[2024-09-23T02:54:49.552+0000] {processor.py:927} WARNING - No viable dags retrieved from /opt/airflow/dags/schedule_with_cron_expression.py
[2024-09-23T02:54:49.589+0000] {processor.py:208} INFO - Processing /opt/airflow/dags/schedule_with_cron_expression.py took 0.268 seconds
[2024-09-23T02:54:50.927+0000] {processor.py:186} INFO - Started process (PID=8330) to work on /opt/airflow/dags/schedule_with_cron_expression.py
[2024-09-23T02:54:50.930+0000] {processor.py:914} INFO - Processing file /opt/airflow/dags/schedule_with_cron_expression.py for tasks to queue
[2024-09-23T02:54:50.932+0000] {logging_mixin.py:190} INFO - [2024-09-23T02:54:50.932+0000] {dagbag.py:587} INFO - Filling up the DagBag from /opt/airflow/dags/schedule_with_cron_expression.py
[2024-09-23T02:54:51.183+0000] {logging_mixin.py:190} INFO - [2024-09-23T02:54:51.148+0000] {dagbag.py:386} ERROR - Failed to import: /opt/airflow/dags/schedule_with_cron_expression.py
Traceback (most recent call last):
  File "/home/airflow/.local/lib/python3.12/site-packages/airflow/models/dagbag.py", line 382, in parse
    loader.exec_module(new_module)
  File "<frozen importlib._bootstrap_external>", line 995, in exec_module
  File "<frozen importlib._bootstrap>", line 488, in _call_with_frames_removed
  File "/opt/airflow/dags/schedule_with_cron_expression.py", line 24, in <module>
    default_args = {"owner": "chin", "retries": 5, "retry_delay": timedelta(mintues=2)}
                                                                  ^^^^^^^^^^^^^^^^^^^^
TypeError: 'mintues' is an invalid keyword argument for __new__()
[2024-09-23T02:54:51.189+0000] {processor.py:927} WARNING - No viable dags retrieved from /opt/airflow/dags/schedule_with_cron_expression.py
[2024-09-23T02:54:51.220+0000] {processor.py:208} INFO - Processing /opt/airflow/dags/schedule_with_cron_expression.py took 0.308 seconds
[2024-09-23T02:54:54.180+0000] {processor.py:186} INFO - Started process (PID=8335) to work on /opt/airflow/dags/schedule_with_cron_expression.py
[2024-09-23T02:54:54.189+0000] {processor.py:914} INFO - Processing file /opt/airflow/dags/schedule_with_cron_expression.py for tasks to queue
[2024-09-23T02:54:54.197+0000] {logging_mixin.py:190} INFO - [2024-09-23T02:54:54.197+0000] {dagbag.py:587} INFO - Filling up the DagBag from /opt/airflow/dags/schedule_with_cron_expression.py
[2024-09-23T02:54:55.127+0000] {logging_mixin.py:190} INFO - [2024-09-23T02:54:55.088+0000] {dagbag.py:386} ERROR - Failed to import: /opt/airflow/dags/schedule_with_cron_expression.py
Traceback (most recent call last):
  File "/home/airflow/.local/lib/python3.12/site-packages/airflow/models/dagbag.py", line 382, in parse
    loader.exec_module(new_module)
  File "<frozen importlib._bootstrap_external>", line 995, in exec_module
  File "<frozen importlib._bootstrap>", line 488, in _call_with_frames_removed
  File "/opt/airflow/dags/schedule_with_cron_expression.py", line 24, in <module>
    default_args = {"owner": "chin", "retries": 5, "retry_delay": timedelta(mintues=2)}
                                                                  ^^^^^^^^^^^^^^^^^^^^
TypeError: 'mintues' is an invalid keyword argument for __new__()
[2024-09-23T02:54:55.133+0000] {processor.py:927} WARNING - No viable dags retrieved from /opt/airflow/dags/schedule_with_cron_expression.py
[2024-09-23T02:54:55.169+0000] {processor.py:208} INFO - Processing /opt/airflow/dags/schedule_with_cron_expression.py took 1.003 seconds
[2024-09-23T02:55:25.784+0000] {processor.py:186} INFO - Started process (PID=8363) to work on /opt/airflow/dags/schedule_with_cron_expression.py
[2024-09-23T02:55:25.786+0000] {processor.py:914} INFO - Processing file /opt/airflow/dags/schedule_with_cron_expression.py for tasks to queue
[2024-09-23T02:55:25.790+0000] {logging_mixin.py:190} INFO - [2024-09-23T02:55:25.789+0000] {dagbag.py:587} INFO - Filling up the DagBag from /opt/airflow/dags/schedule_with_cron_expression.py
[2024-09-23T02:55:25.903+0000] {logging_mixin.py:190} INFO - [2024-09-23T02:55:25.874+0000] {dagbag.py:386} ERROR - Failed to import: /opt/airflow/dags/schedule_with_cron_expression.py
Traceback (most recent call last):
  File "/home/airflow/.local/lib/python3.12/site-packages/airflow/models/dagbag.py", line 382, in parse
    loader.exec_module(new_module)
  File "<frozen importlib._bootstrap_external>", line 995, in exec_module
  File "<frozen importlib._bootstrap>", line 488, in _call_with_frames_removed
  File "/opt/airflow/dags/schedule_with_cron_expression.py", line 24, in <module>
    default_args = {"owner": "chin", "retries": 5, "retry_delay": timedelta(mintues=2)}
                                                                  ^^^^^^^^^^^^^^^^^^^^
TypeError: 'mintues' is an invalid keyword argument for __new__()
[2024-09-23T02:55:25.907+0000] {processor.py:927} WARNING - No viable dags retrieved from /opt/airflow/dags/schedule_with_cron_expression.py
[2024-09-23T02:55:25.935+0000] {processor.py:208} INFO - Processing /opt/airflow/dags/schedule_with_cron_expression.py took 0.158 seconds
