[2024-09-25T20:33:38.425+0000] {local_task_job_runner.py:123} INFO - ::group::Pre task execution logs
[2024-09-25T20:33:38.459+0000] {taskinstance.py:2612} INFO - Dependencies all met for dep_context=non-requeueable deps ti=<TaskInstance: dag_with_postgres_hook_s3_v02.postgres_to_s3 manual__2024-09-25T20:33:36.818900+00:00 [queued]>
[2024-09-25T20:33:38.478+0000] {taskinstance.py:2612} INFO - Dependencies all met for dep_context=requeueable deps ti=<TaskInstance: dag_with_postgres_hook_s3_v02.postgres_to_s3 manual__2024-09-25T20:33:36.818900+00:00 [queued]>
[2024-09-25T20:33:38.479+0000] {taskinstance.py:2865} INFO - Starting attempt 1 of 1
[2024-09-25T20:33:38.516+0000] {taskinstance.py:2888} INFO - Executing <Task(PythonOperator): postgres_to_s3> on 2024-09-25 20:33:36.818900+00:00
[2024-09-25T20:33:38.531+0000] {standard_task_runner.py:104} INFO - Running: ['***', 'tasks', 'run', 'dag_with_postgres_hook_s3_v02', 'postgres_to_s3', 'manual__2024-09-25T20:33:36.818900+00:00', '--job-id', '103', '--raw', '--subdir', 'DAGS_FOLDER/dag_with_postgres_hooks_s3.py', '--cfg-path', '/tmp/tmpf3107drh']
[2024-09-25T20:33:38.543+0000] {standard_task_runner.py:105} INFO - Job 103: Subtask postgres_to_s3
[2024-09-25T20:33:38.569+0000] {logging_mixin.py:190} WARNING - /home/***/.local/lib/python3.12/site-packages/***/task/task_runner/standard_task_runner.py:70 DeprecationWarning: This process (pid=106066) is multi-threaded, use of fork() may lead to deadlocks in the child.
[2024-09-25T20:33:38.572+0000] {standard_task_runner.py:72} INFO - Started process 106067 to run task
[2024-09-25T20:33:38.696+0000] {task_command.py:467} INFO - Running <TaskInstance: dag_with_postgres_hook_s3_v02.postgres_to_s3 manual__2024-09-25T20:33:36.818900+00:00 [running]> on host 1e186c4a8a03
[2024-09-25T20:33:38.874+0000] {taskinstance.py:3131} INFO - Exporting env vars: AIRFLOW_CTX_DAG_OWNER='chin' AIRFLOW_CTX_DAG_ID='dag_with_postgres_hook_s3_v02' AIRFLOW_CTX_TASK_ID='postgres_to_s3' AIRFLOW_CTX_EXECUTION_DATE='2024-09-25T20:33:36.818900+00:00' AIRFLOW_CTX_TRY_NUMBER='1' AIRFLOW_CTX_DAG_RUN_ID='manual__2024-09-25T20:33:36.818900+00:00'
[2024-09-25T20:33:38.876+0000] {taskinstance.py:731} INFO - ::endgroup::
[2024-09-25T20:33:38.911+0000] {logging_mixin.py:190} WARNING - /home/***/.local/lib/python3.12/site-packages/***/utils/operator_helpers.py:175 AirflowContextDeprecationWarning: Accessing 'next_ds_nodash' from the template is deprecated and will be removed in a future version. Please use '{{ data_interval_end | ds_nodash }}' instead.
[2024-09-25T20:33:38.946+0000] {base.py:84} INFO - Retrieving connection 'postgres_local'
[2024-09-25T20:33:38.964+0000] {dag_with_postgres_hooks_s3.py:35} INFO - query b"select * from orders where date >='2022-04-30' and date <= '2022-04-30'":
[2024-09-25T20:33:38.966+0000] {dag_with_postgres_hooks_s3.py:36} INFO - cursor 6:
[2024-09-25T20:33:38.974+0000] {dag_with_postgres_hooks_s3.py:41} INFO - <cursor object at 0x7fc8841557b0; closed: 0>
[2024-09-25T20:33:38.978+0000] {dag_with_postgres_hooks_s3.py:45} INFO - Saved orders data in text file: dags/get_orders_2022-04-30.txt
[2024-09-25T20:33:38.982+0000] {python.py:240} INFO - Done. Returned value was: None
[2024-09-25T20:33:39.003+0000] {taskinstance.py:340} INFO - ::group::Post task execution logs
[2024-09-25T20:33:39.006+0000] {taskinstance.py:352} INFO - Marking task as SUCCESS. dag_id=dag_with_postgres_hook_s3_v02, task_id=postgres_to_s3, run_id=manual__2024-09-25T20:33:36.818900+00:00, execution_date=20240925T203336, start_date=20240925T203338, end_date=20240925T203339
[2024-09-25T20:33:39.074+0000] {local_task_job_runner.py:266} INFO - Task exited with return code 0
[2024-09-25T20:33:39.115+0000] {taskinstance.py:3900} INFO - 0 downstream tasks scheduled from follow-on schedule check
[2024-09-25T20:33:39.138+0000] {local_task_job_runner.py:245} INFO - ::endgroup::
