[2024-09-25T22:38:01.260+0000] {local_task_job_runner.py:123} INFO - ::group::Pre task execution logs
[2024-09-25T22:38:01.333+0000] {taskinstance.py:2612} INFO - Dependencies all met for dep_context=non-requeueable deps ti=<TaskInstance: dag_with_postgres_hook_s3_v06.postgres_to_s3 scheduled__2023-11-22T00:00:00+00:00 [queued]>
[2024-09-25T22:38:01.366+0000] {taskinstance.py:2612} INFO - Dependencies all met for dep_context=requeueable deps ti=<TaskInstance: dag_with_postgres_hook_s3_v06.postgres_to_s3 scheduled__2023-11-22T00:00:00+00:00 [queued]>
[2024-09-25T22:38:01.370+0000] {taskinstance.py:2865} INFO - Starting attempt 1 of 1
[2024-09-25T22:38:01.478+0000] {taskinstance.py:2888} INFO - Executing <Task(PythonOperator): postgres_to_s3> on 2023-11-22 00:00:00+00:00
[2024-09-25T22:38:01.542+0000] {standard_task_runner.py:104} INFO - Running: ['***', 'tasks', 'run', 'dag_with_postgres_hook_s3_v06', 'postgres_to_s3', 'scheduled__2023-11-22T00:00:00+00:00', '--job-id', '1183', '--raw', '--subdir', 'DAGS_FOLDER/dag_with_postgres_hooks_s3.py', '--cfg-path', '/tmp/tmpcgn6wq9n']
[2024-09-25T22:38:01.554+0000] {standard_task_runner.py:105} INFO - Job 1183: Subtask postgres_to_s3
[2024-09-25T22:38:01.558+0000] {logging_mixin.py:190} WARNING - /home/***/.local/lib/python3.12/site-packages/***/task/task_runner/standard_task_runner.py:70 DeprecationWarning: This process (pid=121756) is multi-threaded, use of fork() may lead to deadlocks in the child.
[2024-09-25T22:38:01.569+0000] {standard_task_runner.py:72} INFO - Started process 121775 to run task
[2024-09-25T22:38:01.894+0000] {task_command.py:467} INFO - Running <TaskInstance: dag_with_postgres_hook_s3_v06.postgres_to_s3 scheduled__2023-11-22T00:00:00+00:00 [running]> on host 1e186c4a8a03
[2024-09-25T22:38:02.495+0000] {taskinstance.py:3131} INFO - Exporting env vars: AIRFLOW_CTX_DAG_OWNER='chin' AIRFLOW_CTX_DAG_ID='dag_with_postgres_hook_s3_v06' AIRFLOW_CTX_TASK_ID='postgres_to_s3' AIRFLOW_CTX_EXECUTION_DATE='2023-11-22T00:00:00+00:00' AIRFLOW_CTX_TRY_NUMBER='1' AIRFLOW_CTX_DAG_RUN_ID='scheduled__2023-11-22T00:00:00+00:00'
[2024-09-25T22:38:02.500+0000] {taskinstance.py:731} INFO - ::endgroup::
[2024-09-25T22:38:02.568+0000] {logging_mixin.py:190} WARNING - /home/***/.local/lib/python3.12/site-packages/***/utils/operator_helpers.py:175 AirflowContextDeprecationWarning: Accessing 'next_ds_nodash' from the template is deprecated and will be removed in a future version. Please use '{{ data_interval_end | ds_nodash }}' instead.
[2024-09-25T22:38:02.667+0000] {base.py:84} INFO - Retrieving connection 'postgres_local'
[2024-09-25T22:38:02.906+0000] {dag_with_postgres_hooks_s3.py:37} INFO - query b"select * from orders where date >='20231122' and date <= '20231123'":
[2024-09-25T22:38:02.925+0000] {dag_with_postgres_hooks_s3.py:38} INFO - cursor 0:
[2024-09-25T22:38:02.986+0000] {dag_with_postgres_hooks_s3.py:44} INFO - <cursor object at 0x7fc8837eb010; closed: 0>
[2024-09-25T22:38:02.996+0000] {dag_with_postgres_hooks_s3.py:50} INFO - Saved orders data in text file: dags/get_orders_20231122.txt
[2024-09-25T22:38:03.071+0000] {base.py:84} INFO - Retrieving connection 'minio_conn'
[2024-09-25T22:38:03.166+0000] {connection_wrapper.py:388} INFO - AWS Connection (conn_id='minio_conn', conn_type='aws') credentials retrieved from login and password.
[2024-09-25T22:38:04.719+0000] {dag_with_postgres_hooks_s3.py:62} INFO - Order file %s has been pushed to S3!, f.name
[2024-09-25T22:38:04.722+0000] {python.py:240} INFO - Done. Returned value was: None
[2024-09-25T22:38:04.828+0000] {taskinstance.py:340} INFO - ::group::Post task execution logs
[2024-09-25T22:38:04.847+0000] {taskinstance.py:352} INFO - Marking task as SUCCESS. dag_id=dag_with_postgres_hook_s3_v06, task_id=postgres_to_s3, run_id=scheduled__2023-11-22T00:00:00+00:00, execution_date=20231122T000000, start_date=20240925T223801, end_date=20240925T223804
[2024-09-25T22:38:04.954+0000] {local_task_job_runner.py:266} INFO - Task exited with return code 0
[2024-09-25T22:38:05.077+0000] {taskinstance.py:3900} INFO - 0 downstream tasks scheduled from follow-on schedule check
[2024-09-25T22:38:05.097+0000] {local_task_job_runner.py:245} INFO - ::endgroup::
