[2024-09-25T22:42:10.557+0000] {local_task_job_runner.py:123} INFO - ::group::Pre task execution logs
[2024-09-25T22:42:10.700+0000] {taskinstance.py:2612} INFO - Dependencies all met for dep_context=non-requeueable deps ti=<TaskInstance: dag_with_postgres_hook_s3_v06.postgres_to_s3 scheduled__2024-09-20T00:00:00+00:00 [queued]>
[2024-09-25T22:42:10.763+0000] {taskinstance.py:2612} INFO - Dependencies all met for dep_context=requeueable deps ti=<TaskInstance: dag_with_postgres_hook_s3_v06.postgres_to_s3 scheduled__2024-09-20T00:00:00+00:00 [queued]>
[2024-09-25T22:42:10.765+0000] {taskinstance.py:2865} INFO - Starting attempt 1 of 1
[2024-09-25T22:42:10.966+0000] {taskinstance.py:2888} INFO - Executing <Task(PythonOperator): postgres_to_s3> on 2024-09-20 00:00:00+00:00
[2024-09-25T22:42:11.008+0000] {standard_task_runner.py:104} INFO - Running: ['***', 'tasks', 'run', 'dag_with_postgres_hook_s3_v06', 'postgres_to_s3', 'scheduled__2024-09-20T00:00:00+00:00', '--job-id', '1487', '--raw', '--subdir', 'DAGS_FOLDER/dag_with_postgres_hooks_s3.py', '--cfg-path', '/tmp/tmpjyrowio8']
[2024-09-25T22:42:11.025+0000] {standard_task_runner.py:105} INFO - Job 1487: Subtask postgres_to_s3
[2024-09-25T22:42:11.031+0000] {logging_mixin.py:190} WARNING - /home/***/.local/lib/python3.12/site-packages/***/task/task_runner/standard_task_runner.py:70 DeprecationWarning: This process (pid=123609) is multi-threaded, use of fork() may lead to deadlocks in the child.
[2024-09-25T22:42:11.043+0000] {standard_task_runner.py:72} INFO - Started process 123638 to run task
[2024-09-25T22:42:11.245+0000] {task_command.py:467} INFO - Running <TaskInstance: dag_with_postgres_hook_s3_v06.postgres_to_s3 scheduled__2024-09-20T00:00:00+00:00 [running]> on host 1e186c4a8a03
[2024-09-25T22:42:11.560+0000] {taskinstance.py:3131} INFO - Exporting env vars: AIRFLOW_CTX_DAG_OWNER='chin' AIRFLOW_CTX_DAG_ID='dag_with_postgres_hook_s3_v06' AIRFLOW_CTX_TASK_ID='postgres_to_s3' AIRFLOW_CTX_EXECUTION_DATE='2024-09-20T00:00:00+00:00' AIRFLOW_CTX_TRY_NUMBER='1' AIRFLOW_CTX_DAG_RUN_ID='scheduled__2024-09-20T00:00:00+00:00'
[2024-09-25T22:42:11.563+0000] {taskinstance.py:731} INFO - ::endgroup::
[2024-09-25T22:42:11.611+0000] {logging_mixin.py:190} WARNING - /home/***/.local/lib/python3.12/site-packages/***/utils/operator_helpers.py:175 AirflowContextDeprecationWarning: Accessing 'next_ds_nodash' from the template is deprecated and will be removed in a future version. Please use '{{ data_interval_end | ds_nodash }}' instead.
[2024-09-25T22:42:11.653+0000] {base.py:84} INFO - Retrieving connection 'postgres_local'
[2024-09-25T22:42:11.705+0000] {dag_with_postgres_hooks_s3.py:37} INFO - query b"select * from orders where date >='20240920' and date <= '20240921'":
[2024-09-25T22:42:11.707+0000] {dag_with_postgres_hooks_s3.py:38} INFO - cursor 0:
[2024-09-25T22:42:11.711+0000] {dag_with_postgres_hooks_s3.py:44} INFO - <cursor object at 0x7fc8837f6f20; closed: 0>
[2024-09-25T22:42:11.712+0000] {dag_with_postgres_hooks_s3.py:50} INFO - Saved orders data in text file: dags/get_orders_20240920.txt
[2024-09-25T22:42:11.749+0000] {base.py:84} INFO - Retrieving connection 'minio_conn'
[2024-09-25T22:42:11.757+0000] {connection_wrapper.py:388} INFO - AWS Connection (conn_id='minio_conn', conn_type='aws') credentials retrieved from login and password.
[2024-09-25T22:42:12.790+0000] {dag_with_postgres_hooks_s3.py:62} INFO - Order file %s has been pushed to S3!, f.name
[2024-09-25T22:42:12.795+0000] {python.py:240} INFO - Done. Returned value was: None
[2024-09-25T22:42:12.880+0000] {taskinstance.py:340} INFO - ::group::Post task execution logs
[2024-09-25T22:42:12.888+0000] {taskinstance.py:352} INFO - Marking task as SUCCESS. dag_id=dag_with_postgres_hook_s3_v06, task_id=postgres_to_s3, run_id=scheduled__2024-09-20T00:00:00+00:00, execution_date=20240920T000000, start_date=20240925T224210, end_date=20240925T224212
[2024-09-25T22:42:13.068+0000] {local_task_job_runner.py:266} INFO - Task exited with return code 0
[2024-09-25T22:42:13.176+0000] {local_task_job_runner.py:245} INFO - ::endgroup::
