[2024-09-23T02:23:13.794+0000] {local_task_job_runner.py:123} INFO - ::group::Pre task execution logs
[2024-09-23T02:23:13.846+0000] {taskinstance.py:2612} INFO - Dependencies all met for dep_context=non-requeueable deps ti=<TaskInstance: dag_with_catchup_backfill_v01.3.task1 backfill__2024-09-17T00:00:00+00:00 [queued]>
[2024-09-23T02:23:13.884+0000] {taskinstance.py:2612} INFO - Dependencies all met for dep_context=requeueable deps ti=<TaskInstance: dag_with_catchup_backfill_v01.3.task1 backfill__2024-09-17T00:00:00+00:00 [queued]>
[2024-09-23T02:23:13.885+0000] {taskinstance.py:2865} INFO - Starting attempt 1 of 6
[2024-09-23T02:23:14.036+0000] {taskinstance.py:2888} INFO - Executing <Task(BashOperator): task1> on 2024-09-17 00:00:00+00:00
[2024-09-23T02:23:14.152+0000] {standard_task_runner.py:104} INFO - Running: ['***', 'tasks', 'run', 'dag_with_catchup_backfill_v01.3', 'task1', 'backfill__2024-09-17T00:00:00+00:00', '--job-id', '78', '--pool', 'default_pool', '--raw', '--subdir', 'DAGS_FOLDER/dag_with_catchup_and_backfill.py', '--cfg-path', '/tmp/tmptrhe_03e']
[2024-09-23T02:23:14.172+0000] {logging_mixin.py:190} WARNING - /home/***/.local/lib/python3.12/site-packages/***/task/task_runner/standard_task_runner.py:70 DeprecationWarning: This process (pid=6523) is multi-threaded, use of fork() may lead to deadlocks in the child.
[2024-09-23T02:23:14.195+0000] {standard_task_runner.py:105} INFO - Job 78: Subtask task1
[2024-09-23T02:23:14.195+0000] {standard_task_runner.py:72} INFO - Started process 6530 to run task
[2024-09-23T02:23:14.848+0000] {task_command.py:467} INFO - Running <TaskInstance: dag_with_catchup_backfill_v01.3.task1 backfill__2024-09-17T00:00:00+00:00 [running]> on host a6a086fd5bbf
[2024-09-23T02:23:15.290+0000] {taskinstance.py:3131} INFO - Exporting env vars: AIRFLOW_CTX_DAG_OWNER='chin' AIRFLOW_CTX_DAG_ID='dag_with_catchup_backfill_v01.3' AIRFLOW_CTX_TASK_ID='task1' AIRFLOW_CTX_EXECUTION_DATE='2024-09-17T00:00:00+00:00' AIRFLOW_CTX_TRY_NUMBER='1' AIRFLOW_CTX_DAG_RUN_ID='backfill__2024-09-17T00:00:00+00:00'
[2024-09-23T02:23:15.307+0000] {taskinstance.py:731} INFO - ::endgroup::
[2024-09-23T02:23:15.379+0000] {subprocess.py:63} INFO - Tmp dir root location: /tmp
[2024-09-23T02:23:15.395+0000] {subprocess.py:75} INFO - Running command: ['/usr/bin/bash', '-c', 'echo this is a simple batch command!']
[2024-09-23T02:23:15.446+0000] {subprocess.py:86} INFO - Output:
[2024-09-23T02:23:15.452+0000] {subprocess.py:93} INFO - this is a simple batch command!
[2024-09-23T02:23:15.457+0000] {subprocess.py:97} INFO - Command exited with return code 0
[2024-09-23T02:23:15.729+0000] {taskinstance.py:340} INFO - ::group::Post task execution logs
[2024-09-23T02:23:15.739+0000] {taskinstance.py:352} INFO - Marking task as SUCCESS. dag_id=dag_with_catchup_backfill_v01.3, task_id=task1, run_id=backfill__2024-09-17T00:00:00+00:00, execution_date=20240917T000000, start_date=20240923T022313, end_date=20240923T022315
[2024-09-23T02:23:15.880+0000] {local_task_job_runner.py:266} INFO - Task exited with return code 0
[2024-09-23T02:23:15.917+0000] {taskinstance.py:3900} INFO - 0 downstream tasks scheduled from follow-on schedule check
[2024-09-23T02:23:15.938+0000] {local_task_job_runner.py:245} INFO - ::endgroup::
