[2024-09-25T00:00:15.373+0000] {local_task_job_runner.py:123} INFO - ::group::Pre task execution logs
[2024-09-25T00:00:15.415+0000] {taskinstance.py:2612} INFO - Dependencies all met for dep_context=non-requeueable deps ti=<TaskInstance: dag_with_postgres_operator_v04.insert_into_table scheduled__2024-09-24T00:00:00+00:00 [queued]>
[2024-09-25T00:00:15.446+0000] {taskinstance.py:2612} INFO - Dependencies all met for dep_context=requeueable deps ti=<TaskInstance: dag_with_postgres_operator_v04.insert_into_table scheduled__2024-09-24T00:00:00+00:00 [queued]>
[2024-09-25T00:00:15.455+0000] {taskinstance.py:2865} INFO - Starting attempt 1 of 1
[2024-09-25T00:00:15.516+0000] {taskinstance.py:2888} INFO - Executing <Task(PostgresOperator): insert_into_table> on 2024-09-24 00:00:00+00:00
[2024-09-25T00:00:15.535+0000] {standard_task_runner.py:104} INFO - Running: ['***', 'tasks', 'run', 'dag_with_postgres_operator_v04', 'insert_into_table', 'scheduled__2024-09-24T00:00:00+00:00', '--job-id', '35', '--raw', '--subdir', 'DAGS_FOLDER/dag_with_postgres_operator.py', '--cfg-path', '/tmp/tmp4zv8t5dw']
[2024-09-25T00:00:15.545+0000] {standard_task_runner.py:105} INFO - Job 35: Subtask insert_into_table
[2024-09-25T00:00:15.548+0000] {logging_mixin.py:190} WARNING - /home/***/.local/lib/python3.12/site-packages/***/task/task_runner/standard_task_runner.py:70 DeprecationWarning: This process (pid=2324) is multi-threaded, use of fork() may lead to deadlocks in the child.
[2024-09-25T00:00:15.552+0000] {standard_task_runner.py:72} INFO - Started process 2325 to run task
[2024-09-25T00:00:15.856+0000] {task_command.py:467} INFO - Running <TaskInstance: dag_with_postgres_operator_v04.insert_into_table scheduled__2024-09-24T00:00:00+00:00 [running]> on host 1e186c4a8a03
[2024-09-25T00:00:16.087+0000] {taskinstance.py:3131} INFO - Exporting env vars: AIRFLOW_CTX_DAG_OWNER='chin' AIRFLOW_CTX_DAG_ID='dag_with_postgres_operator_v04' AIRFLOW_CTX_TASK_ID='insert_into_table' AIRFLOW_CTX_EXECUTION_DATE='2024-09-24T00:00:00+00:00' AIRFLOW_CTX_TRY_NUMBER='1' AIRFLOW_CTX_DAG_RUN_ID='scheduled__2024-09-24T00:00:00+00:00'
[2024-09-25T00:00:16.102+0000] {taskinstance.py:731} INFO - ::endgroup::
[2024-09-25T00:00:16.146+0000] {sql.py:266} INFO - Executing: 
            insert into dag_runs (dt, dag_id) values ('2024-09-24','dag_with_postgres_operator_v04')
        
[2024-09-25T00:00:16.189+0000] {base.py:84} INFO - Retrieving connection 'postgres_local'
[2024-09-25T00:00:16.249+0000] {base.py:84} INFO - Retrieving connection 'postgres_local'
[2024-09-25T00:00:16.295+0000] {sql.py:509} INFO - Running statement: 
            insert into dag_runs (dt, dag_id) values ('2024-09-24','dag_with_postgres_operator_v04')
        , parameters: None
[2024-09-25T00:00:16.312+0000] {sql.py:518} INFO - Rows affected: 1
[2024-09-25T00:00:16.335+0000] {taskinstance.py:340} INFO - ::group::Post task execution logs
[2024-09-25T00:00:16.345+0000] {taskinstance.py:352} INFO - Marking task as SUCCESS. dag_id=dag_with_postgres_operator_v04, task_id=insert_into_table, run_id=scheduled__2024-09-24T00:00:00+00:00, execution_date=20240924T000000, start_date=20240925T000015, end_date=20240925T000016
[2024-09-25T00:00:16.377+0000] {local_task_job_runner.py:266} INFO - Task exited with return code 0
[2024-09-25T00:00:16.425+0000] {taskinstance.py:3900} INFO - 0 downstream tasks scheduled from follow-on schedule check
[2024-09-25T00:00:16.466+0000] {local_task_job_runner.py:245} INFO - ::endgroup::
