[2024-09-25T21:58:29.498+0000] {local_task_job_runner.py:123} INFO - ::group::Pre task execution logs
[2024-09-25T21:58:29.689+0000] {taskinstance.py:2612} INFO - Dependencies all met for dep_context=non-requeueable deps ti=<TaskInstance: dag_with_postgres_hook_s3_v05.postgres_to_s3 scheduled__2022-10-29T00:00:00+00:00 [queued]>
[2024-09-25T21:58:29.771+0000] {taskinstance.py:2612} INFO - Dependencies all met for dep_context=requeueable deps ti=<TaskInstance: dag_with_postgres_hook_s3_v05.postgres_to_s3 scheduled__2022-10-29T00:00:00+00:00 [queued]>
[2024-09-25T21:58:29.778+0000] {taskinstance.py:2865} INFO - Starting attempt 1 of 1
[2024-09-25T21:58:29.893+0000] {taskinstance.py:2888} INFO - Executing <Task(PythonOperator): postgres_to_s3> on 2022-10-29 00:00:00+00:00
[2024-09-25T21:58:30.085+0000] {logging_mixin.py:190} WARNING - /home/***/.local/lib/python3.12/site-packages/***/task/task_runner/standard_task_runner.py:70 DeprecationWarning: This process (pid=114284) is multi-threaded, use of fork() may lead to deadlocks in the child.
[2024-09-25T21:58:30.079+0000] {standard_task_runner.py:104} INFO - Running: ['***', 'tasks', 'run', 'dag_with_postgres_hook_s3_v05', 'postgres_to_s3', 'scheduled__2022-10-29T00:00:00+00:00', '--job-id', '338', '--raw', '--subdir', 'DAGS_FOLDER/dag_with_postgres_hooks_s3.py', '--cfg-path', '/tmp/tmpxearzs95']
[2024-09-25T21:58:30.214+0000] {standard_task_runner.py:72} INFO - Started process 114323 to run task
[2024-09-25T21:58:30.411+0000] {standard_task_runner.py:105} INFO - Job 338: Subtask postgres_to_s3
[2024-09-25T21:58:31.352+0000] {task_command.py:467} INFO - Running <TaskInstance: dag_with_postgres_hook_s3_v05.postgres_to_s3 scheduled__2022-10-29T00:00:00+00:00 [running]> on host 1e186c4a8a03
[2024-09-25T21:58:32.532+0000] {taskinstance.py:3131} INFO - Exporting env vars: AIRFLOW_CTX_DAG_OWNER='chin' AIRFLOW_CTX_DAG_ID='dag_with_postgres_hook_s3_v05' AIRFLOW_CTX_TASK_ID='postgres_to_s3' AIRFLOW_CTX_EXECUTION_DATE='2022-10-29T00:00:00+00:00' AIRFLOW_CTX_TRY_NUMBER='1' AIRFLOW_CTX_DAG_RUN_ID='scheduled__2022-10-29T00:00:00+00:00'
[2024-09-25T21:58:32.871+0000] {taskinstance.py:731} INFO - ::endgroup::
[2024-09-25T21:58:33.076+0000] {logging_mixin.py:190} WARNING - /home/***/.local/lib/python3.12/site-packages/***/utils/operator_helpers.py:175 AirflowContextDeprecationWarning: Accessing 'next_ds_nodash' from the template is deprecated and will be removed in a future version. Please use '{{ data_interval_end | ds_nodash }}' instead.
[2024-09-25T21:58:33.247+0000] {base.py:84} INFO - Retrieving connection 'postgres_local'
[2024-09-25T21:58:33.536+0000] {dag_with_postgres_hooks_s3.py:34} INFO - query b"select * from orders where date >='20221029' and date <= '20221030'":
[2024-09-25T21:58:33.548+0000] {dag_with_postgres_hooks_s3.py:35} INFO - cursor 0:
[2024-09-25T21:58:33.895+0000] {dag_with_postgres_hooks_s3.py:40} INFO - <cursor object at 0x7fc8837f7010; closed: 0>
[2024-09-25T21:58:34.506+0000] {dag_with_postgres_hooks_s3.py:44} INFO - Saved orders data in text file: dags/get_orders_20221029.txt
[2024-09-25T21:58:34.664+0000] {base.py:84} INFO - Retrieving connection 'minio_conn'
[2024-09-25T21:58:35.167+0000] {connection_wrapper.py:388} INFO - AWS Connection (conn_id='minio_conn', conn_type='aws') credentials retrieved from login and password.
[2024-09-25T21:58:41.797+0000] {python.py:240} INFO - Done. Returned value was: None
[2024-09-25T21:58:41.906+0000] {taskinstance.py:340} INFO - ::group::Post task execution logs
[2024-09-25T21:58:41.908+0000] {taskinstance.py:352} INFO - Marking task as SUCCESS. dag_id=dag_with_postgres_hook_s3_v05, task_id=postgres_to_s3, run_id=scheduled__2022-10-29T00:00:00+00:00, execution_date=20221029T000000, start_date=20240925T215829, end_date=20240925T215841
[2024-09-25T21:58:42.040+0000] {local_task_job_runner.py:266} INFO - Task exited with return code 0
[2024-09-25T21:58:42.130+0000] {taskinstance.py:3900} INFO - 0 downstream tasks scheduled from follow-on schedule check
[2024-09-25T21:58:42.154+0000] {local_task_job_runner.py:245} INFO - ::endgroup::
