[2024-09-23T21:40:37.469+0000] {local_task_job_runner.py:123} INFO - ::group::Pre task execution logs
[2024-09-23T21:40:37.523+0000] {taskinstance.py:2612} INFO - Dependencies all met for dep_context=non-requeueable deps ti=<TaskInstance: dag_with_postgres_operator_v04.create_postgres_table manual__2024-09-23T21:40:35.838297+00:00 [queued]>
[2024-09-23T21:40:37.541+0000] {taskinstance.py:2612} INFO - Dependencies all met for dep_context=requeueable deps ti=<TaskInstance: dag_with_postgres_operator_v04.create_postgres_table manual__2024-09-23T21:40:35.838297+00:00 [queued]>
[2024-09-23T21:40:37.550+0000] {taskinstance.py:2865} INFO - Starting attempt 1 of 1
[2024-09-23T21:40:37.596+0000] {taskinstance.py:2888} INFO - Executing <Task(PostgresOperator): create_postgres_table> on 2024-09-23 21:40:35.838297+00:00
[2024-09-23T21:40:37.643+0000] {standard_task_runner.py:104} INFO - Running: ['***', 'tasks', 'run', 'dag_with_postgres_operator_v04', 'create_postgres_table', 'manual__2024-09-23T21:40:35.838297+00:00', '--job-id', '22', '--raw', '--subdir', 'DAGS_FOLDER/dag_with_postgres_operator.py', '--cfg-path', '/tmp/tmpdet7_tpe']
[2024-09-23T21:40:37.651+0000] {standard_task_runner.py:105} INFO - Job 22: Subtask create_postgres_table
[2024-09-23T21:40:37.652+0000] {logging_mixin.py:190} WARNING - /home/***/.local/lib/python3.12/site-packages/***/task/task_runner/standard_task_runner.py:70 DeprecationWarning: This process (pid=9410) is multi-threaded, use of fork() may lead to deadlocks in the child.
[2024-09-23T21:40:37.666+0000] {standard_task_runner.py:72} INFO - Started process 9411 to run task
[2024-09-23T21:40:37.842+0000] {task_command.py:467} INFO - Running <TaskInstance: dag_with_postgres_operator_v04.create_postgres_table manual__2024-09-23T21:40:35.838297+00:00 [running]> on host 1e186c4a8a03
[2024-09-23T21:40:38.032+0000] {taskinstance.py:3131} INFO - Exporting env vars: AIRFLOW_CTX_DAG_OWNER='chin' AIRFLOW_CTX_DAG_ID='dag_with_postgres_operator_v04' AIRFLOW_CTX_TASK_ID='create_postgres_table' AIRFLOW_CTX_EXECUTION_DATE='2024-09-23T21:40:35.838297+00:00' AIRFLOW_CTX_TRY_NUMBER='1' AIRFLOW_CTX_DAG_RUN_ID='manual__2024-09-23T21:40:35.838297+00:00'
[2024-09-23T21:40:38.069+0000] {taskinstance.py:731} INFO - ::endgroup::
[2024-09-23T21:40:38.182+0000] {sql.py:266} INFO - Executing: 
                create table if not exists dag_runs(
                    dt date,
                    dag_id character varying,
                    primary key(dt, dag_id)
                )
            
[2024-09-23T21:40:38.210+0000] {base.py:84} INFO - Retrieving connection 'postgres_local'
[2024-09-23T21:40:38.265+0000] {base.py:84} INFO - Retrieving connection 'postgres_local'
[2024-09-23T21:40:38.294+0000] {sql.py:509} INFO - Running statement: 
                create table if not exists dag_runs(
                    dt date,
                    dag_id character varying,
                    primary key(dt, dag_id)
                )
            , parameters: None
[2024-09-23T21:40:38.349+0000] {taskinstance.py:340} INFO - ::group::Post task execution logs
[2024-09-23T21:40:38.351+0000] {taskinstance.py:352} INFO - Marking task as SUCCESS. dag_id=dag_with_postgres_operator_v04, task_id=create_postgres_table, run_id=manual__2024-09-23T21:40:35.838297+00:00, execution_date=20240923T214035, start_date=20240923T214037, end_date=20240923T214038
[2024-09-23T21:40:38.504+0000] {local_task_job_runner.py:266} INFO - Task exited with return code 0
[2024-09-23T21:40:38.604+0000] {logging_mixin.py:190} WARNING - /home/***/.local/lib/python3.12/site-packages/***/models/baseoperator.py:1378 AirflowProviderDeprecationWarning: Call to deprecated class PostgresOperator. (Please use `***.providers.common.sql.operators.sql.SQLExecuteQueryOperator`.Also, you can provide `hook_params={'schema': <database>}`.)
[2024-09-23T21:40:38.736+0000] {taskinstance.py:3900} INFO - 1 downstream tasks scheduled from follow-on schedule check
[2024-09-23T21:40:38.770+0000] {local_task_job_runner.py:245} INFO - ::endgroup::
