[2024-09-25T20:36:47.434+0000] {local_task_job_runner.py:123} INFO - ::group::Pre task execution logs
[2024-09-25T20:36:47.465+0000] {taskinstance.py:2612} INFO - Dependencies all met for dep_context=non-requeueable deps ti=<TaskInstance: dag_with_postgres_hook_s3_v02.postgres_to_s3 manual__2024-09-25T20:36:45.430682+00:00 [queued]>
[2024-09-25T20:36:47.481+0000] {taskinstance.py:2612} INFO - Dependencies all met for dep_context=requeueable deps ti=<TaskInstance: dag_with_postgres_hook_s3_v02.postgres_to_s3 manual__2024-09-25T20:36:45.430682+00:00 [queued]>
[2024-09-25T20:36:47.482+0000] {taskinstance.py:2865} INFO - Starting attempt 1 of 1
[2024-09-25T20:36:47.512+0000] {taskinstance.py:2888} INFO - Executing <Task(PythonOperator): postgres_to_s3> on 2024-09-25 20:36:45.430682+00:00
[2024-09-25T20:36:47.523+0000] {standard_task_runner.py:104} INFO - Running: ['***', 'tasks', 'run', 'dag_with_postgres_hook_s3_v02', 'postgres_to_s3', 'manual__2024-09-25T20:36:45.430682+00:00', '--job-id', '105', '--raw', '--subdir', 'DAGS_FOLDER/dag_with_postgres_hooks_s3.py', '--cfg-path', '/tmp/tmpbzjkbwrb']
[2024-09-25T20:36:47.528+0000] {logging_mixin.py:190} WARNING - /home/***/.local/lib/python3.12/site-packages/***/task/task_runner/standard_task_runner.py:70 DeprecationWarning: This process (pid=106348) is multi-threaded, use of fork() may lead to deadlocks in the child.
[2024-09-25T20:36:47.529+0000] {standard_task_runner.py:105} INFO - Job 105: Subtask postgres_to_s3
[2024-09-25T20:36:47.531+0000] {standard_task_runner.py:72} INFO - Started process 106351 to run task
[2024-09-25T20:36:47.632+0000] {task_command.py:467} INFO - Running <TaskInstance: dag_with_postgres_hook_s3_v02.postgres_to_s3 manual__2024-09-25T20:36:45.430682+00:00 [running]> on host 1e186c4a8a03
[2024-09-25T20:36:47.881+0000] {taskinstance.py:3131} INFO - Exporting env vars: AIRFLOW_CTX_DAG_OWNER='chin' AIRFLOW_CTX_DAG_ID='dag_with_postgres_hook_s3_v02' AIRFLOW_CTX_TASK_ID='postgres_to_s3' AIRFLOW_CTX_EXECUTION_DATE='2024-09-25T20:36:45.430682+00:00' AIRFLOW_CTX_TRY_NUMBER='1' AIRFLOW_CTX_DAG_RUN_ID='manual__2024-09-25T20:36:45.430682+00:00'
[2024-09-25T20:36:47.890+0000] {taskinstance.py:731} INFO - ::endgroup::
[2024-09-25T20:36:47.929+0000] {logging_mixin.py:190} WARNING - /home/***/.local/lib/python3.12/site-packages/***/utils/operator_helpers.py:175 AirflowContextDeprecationWarning: Accessing 'next_ds_nodash' from the template is deprecated and will be removed in a future version. Please use '{{ data_interval_end | ds_nodash }}' instead.
[2024-09-25T20:36:47.965+0000] {base.py:84} INFO - Retrieving connection 'postgres_local'
[2024-09-25T20:36:47.982+0000] {dag_with_postgres_hooks_s3.py:35} INFO - query b"select * from orders where date >='2022-04-30' and date <= '2022-05-01'":
[2024-09-25T20:36:47.984+0000] {dag_with_postgres_hooks_s3.py:36} INFO - cursor 13:
[2024-09-25T20:36:48.357+0000] {dag_with_postgres_hooks_s3.py:41} INFO - <cursor object at 0x7fc88415d7b0; closed: 0>
[2024-09-25T20:36:48.362+0000] {dag_with_postgres_hooks_s3.py:45} INFO - Saved orders data in text file: dags/get_orders_2022-04-30.txt
[2024-09-25T20:36:48.364+0000] {python.py:240} INFO - Done. Returned value was: None
[2024-09-25T20:36:48.392+0000] {taskinstance.py:340} INFO - ::group::Post task execution logs
[2024-09-25T20:36:48.395+0000] {taskinstance.py:352} INFO - Marking task as SUCCESS. dag_id=dag_with_postgres_hook_s3_v02, task_id=postgres_to_s3, run_id=manual__2024-09-25T20:36:45.430682+00:00, execution_date=20240925T203645, start_date=20240925T203647, end_date=20240925T203648
[2024-09-25T20:36:48.476+0000] {local_task_job_runner.py:266} INFO - Task exited with return code 0
[2024-09-25T20:36:48.532+0000] {taskinstance.py:3900} INFO - 0 downstream tasks scheduled from follow-on schedule check
[2024-09-25T20:36:48.569+0000] {local_task_job_runner.py:245} INFO - ::endgroup::
