[2024-09-25T22:30:19.921+0000] {local_task_job_runner.py:123} INFO - ::group::Pre task execution logs
[2024-09-25T22:30:20.019+0000] {taskinstance.py:2612} INFO - Dependencies all met for dep_context=non-requeueable deps ti=<TaskInstance: dag_with_postgres_hook_s3_v06.postgres_to_s3 scheduled__2022-05-21T00:00:00+00:00 [queued]>
[2024-09-25T22:30:20.067+0000] {taskinstance.py:2612} INFO - Dependencies all met for dep_context=requeueable deps ti=<TaskInstance: dag_with_postgres_hook_s3_v06.postgres_to_s3 scheduled__2022-05-21T00:00:00+00:00 [queued]>
[2024-09-25T22:30:20.068+0000] {taskinstance.py:2865} INFO - Starting attempt 1 of 1
[2024-09-25T22:30:20.272+0000] {taskinstance.py:2888} INFO - Executing <Task(PythonOperator): postgres_to_s3> on 2022-05-21 00:00:00+00:00
[2024-09-25T22:30:20.334+0000] {logging_mixin.py:190} WARNING - /home/***/.local/lib/python3.12/site-packages/***/task/task_runner/standard_task_runner.py:70 DeprecationWarning: This process (pid=118403) is multi-threaded, use of fork() may lead to deadlocks in the child.
[2024-09-25T22:30:20.341+0000] {standard_task_runner.py:72} INFO - Started process 118423 to run task
[2024-09-25T22:30:20.345+0000] {standard_task_runner.py:104} INFO - Running: ['***', 'tasks', 'run', 'dag_with_postgres_hook_s3_v06', 'postgres_to_s3', 'scheduled__2022-05-21T00:00:00+00:00', '--job-id', '633', '--raw', '--subdir', 'DAGS_FOLDER/dag_with_postgres_hooks_s3.py', '--cfg-path', '/tmp/tmpkl756lxo']
[2024-09-25T22:30:20.380+0000] {standard_task_runner.py:105} INFO - Job 633: Subtask postgres_to_s3
[2024-09-25T22:30:20.713+0000] {task_command.py:467} INFO - Running <TaskInstance: dag_with_postgres_hook_s3_v06.postgres_to_s3 scheduled__2022-05-21T00:00:00+00:00 [running]> on host 1e186c4a8a03
[2024-09-25T22:30:21.251+0000] {taskinstance.py:3131} INFO - Exporting env vars: AIRFLOW_CTX_DAG_OWNER='chin' AIRFLOW_CTX_DAG_ID='dag_with_postgres_hook_s3_v06' AIRFLOW_CTX_TASK_ID='postgres_to_s3' AIRFLOW_CTX_EXECUTION_DATE='2022-05-21T00:00:00+00:00' AIRFLOW_CTX_TRY_NUMBER='1' AIRFLOW_CTX_DAG_RUN_ID='scheduled__2022-05-21T00:00:00+00:00'
[2024-09-25T22:30:21.253+0000] {taskinstance.py:731} INFO - ::endgroup::
[2024-09-25T22:30:21.347+0000] {logging_mixin.py:190} WARNING - /home/***/.local/lib/python3.12/site-packages/***/utils/operator_helpers.py:175 AirflowContextDeprecationWarning: Accessing 'next_ds_nodash' from the template is deprecated and will be removed in a future version. Please use '{{ data_interval_end | ds_nodash }}' instead.
[2024-09-25T22:30:21.466+0000] {base.py:84} INFO - Retrieving connection 'postgres_local'
[2024-09-25T22:30:21.536+0000] {dag_with_postgres_hooks_s3.py:37} INFO - query b"select * from orders where date >='20220521' and date <= '20220522'":
[2024-09-25T22:30:21.538+0000] {dag_with_postgres_hooks_s3.py:38} INFO - cursor 19:
[2024-09-25T22:30:21.541+0000] {dag_with_postgres_hooks_s3.py:44} INFO - <cursor object at 0x7fc8837eb010; closed: 0>
[2024-09-25T22:30:21.550+0000] {dag_with_postgres_hooks_s3.py:50} INFO - Saved orders data in text file: dags/get_orders_20220521.txt
[2024-09-25T22:30:21.639+0000] {base.py:84} INFO - Retrieving connection 'minio_conn'
[2024-09-25T22:30:21.645+0000] {connection_wrapper.py:388} INFO - AWS Connection (conn_id='minio_conn', conn_type='aws') credentials retrieved from login and password.
[2024-09-25T22:30:25.630+0000] {dag_with_postgres_hooks_s3.py:62} INFO - Order file %s has been pushed to S3!, f.name
[2024-09-25T22:30:25.635+0000] {python.py:240} INFO - Done. Returned value was: None
[2024-09-25T22:30:25.692+0000] {taskinstance.py:340} INFO - ::group::Post task execution logs
[2024-09-25T22:30:25.694+0000] {taskinstance.py:352} INFO - Marking task as SUCCESS. dag_id=dag_with_postgres_hook_s3_v06, task_id=postgres_to_s3, run_id=scheduled__2022-05-21T00:00:00+00:00, execution_date=20220521T000000, start_date=20240925T223020, end_date=20240925T223025
[2024-09-25T22:30:25.800+0000] {local_task_job_runner.py:266} INFO - Task exited with return code 0
[2024-09-25T22:30:25.876+0000] {taskinstance.py:3900} INFO - 0 downstream tasks scheduled from follow-on schedule check
[2024-09-25T22:30:25.913+0000] {local_task_job_runner.py:245} INFO - ::endgroup::
