[2024-09-23T02:13:26.666+0000] {local_task_job_runner.py:123} INFO - ::group::Pre task execution logs
[2024-09-23T02:13:26.733+0000] {taskinstance.py:2612} INFO - Dependencies all met for dep_context=non-requeueable deps ti=<TaskInstance: dag_with_catchup_backfill_v01.2.task1 scheduled__2024-09-21T00:00:00+00:00 [queued]>
[2024-09-23T02:13:26.757+0000] {taskinstance.py:2612} INFO - Dependencies all met for dep_context=requeueable deps ti=<TaskInstance: dag_with_catchup_backfill_v01.2.task1 scheduled__2024-09-21T00:00:00+00:00 [queued]>
[2024-09-23T02:13:26.759+0000] {taskinstance.py:2865} INFO - Starting attempt 1 of 6
[2024-09-23T02:13:26.807+0000] {taskinstance.py:2888} INFO - Executing <Task(BashOperator): task1> on 2024-09-21 00:00:00+00:00
[2024-09-23T02:13:26.832+0000] {standard_task_runner.py:104} INFO - Running: ['***', 'tasks', 'run', 'dag_with_catchup_backfill_v01.2', 'task1', 'scheduled__2024-09-21T00:00:00+00:00', '--job-id', '69', '--raw', '--subdir', 'DAGS_FOLDER/dag_with_catchup_and_backfill.py', '--cfg-path', '/tmp/tmp7xmj8_6c']
[2024-09-23T02:13:26.841+0000] {standard_task_runner.py:105} INFO - Job 69: Subtask task1
[2024-09-23T02:13:26.848+0000] {logging_mixin.py:190} WARNING - /home/***/.local/lib/python3.12/site-packages/***/task/task_runner/standard_task_runner.py:70 DeprecationWarning: This process (pid=5817) is multi-threaded, use of fork() may lead to deadlocks in the child.
[2024-09-23T02:13:26.851+0000] {standard_task_runner.py:72} INFO - Started process 5835 to run task
[2024-09-23T02:13:26.971+0000] {task_command.py:467} INFO - Running <TaskInstance: dag_with_catchup_backfill_v01.2.task1 scheduled__2024-09-21T00:00:00+00:00 [running]> on host a6a086fd5bbf
[2024-09-23T02:13:27.152+0000] {taskinstance.py:3131} INFO - Exporting env vars: AIRFLOW_CTX_DAG_OWNER='chin' AIRFLOW_CTX_DAG_ID='dag_with_catchup_backfill_v01.2' AIRFLOW_CTX_TASK_ID='task1' AIRFLOW_CTX_EXECUTION_DATE='2024-09-21T00:00:00+00:00' AIRFLOW_CTX_TRY_NUMBER='1' AIRFLOW_CTX_DAG_RUN_ID='scheduled__2024-09-21T00:00:00+00:00'
[2024-09-23T02:13:27.156+0000] {taskinstance.py:731} INFO - ::endgroup::
[2024-09-23T02:13:27.195+0000] {subprocess.py:63} INFO - Tmp dir root location: /tmp
[2024-09-23T02:13:27.199+0000] {subprocess.py:75} INFO - Running command: ['/usr/bin/bash', '-c', 'echo this is a simple batch command!']
[2024-09-23T02:13:27.222+0000] {subprocess.py:86} INFO - Output:
[2024-09-23T02:13:27.225+0000] {subprocess.py:93} INFO - this is a simple batch command!
[2024-09-23T02:13:27.227+0000] {subprocess.py:97} INFO - Command exited with return code 0
[2024-09-23T02:13:27.297+0000] {taskinstance.py:340} INFO - ::group::Post task execution logs
[2024-09-23T02:13:27.299+0000] {taskinstance.py:352} INFO - Marking task as SUCCESS. dag_id=dag_with_catchup_backfill_v01.2, task_id=task1, run_id=scheduled__2024-09-21T00:00:00+00:00, execution_date=20240921T000000, start_date=20240923T021326, end_date=20240923T021327
[2024-09-23T02:13:27.373+0000] {local_task_job_runner.py:266} INFO - Task exited with return code 0
[2024-09-23T02:13:27.397+0000] {taskinstance.py:3900} INFO - 0 downstream tasks scheduled from follow-on schedule check
[2024-09-23T02:13:27.403+0000] {local_task_job_runner.py:245} INFO - ::endgroup::
