[2024-09-23T02:10:50.708+0000] {local_task_job_runner.py:123} INFO - ::group::Pre task execution logs
[2024-09-23T02:10:50.810+0000] {taskinstance.py:2612} INFO - Dependencies all met for dep_context=non-requeueable deps ti=<TaskInstance: dag_with_catchup_backfill_v01.1.task1 scheduled__2024-09-21T00:00:00+00:00 [queued]>
[2024-09-23T02:10:50.845+0000] {taskinstance.py:2612} INFO - Dependencies all met for dep_context=requeueable deps ti=<TaskInstance: dag_with_catchup_backfill_v01.1.task1 scheduled__2024-09-21T00:00:00+00:00 [queued]>
[2024-09-23T02:10:50.885+0000] {taskinstance.py:2865} INFO - Starting attempt 1 of 6
[2024-09-23T02:10:51.001+0000] {taskinstance.py:2888} INFO - Executing <Task(BashOperator): task1> on 2024-09-21 00:00:00+00:00
[2024-09-23T02:10:51.022+0000] {standard_task_runner.py:104} INFO - Running: ['***', 'tasks', 'run', 'dag_with_catchup_backfill_v01.1', 'task1', 'scheduled__2024-09-21T00:00:00+00:00', '--job-id', '58', '--raw', '--subdir', 'DAGS_FOLDER/dag_with_catchup_and_backfill.py', '--cfg-path', '/tmp/tmp0emc19l3']
[2024-09-23T02:10:51.032+0000] {logging_mixin.py:190} WARNING - /home/***/.local/lib/python3.12/site-packages/***/task/task_runner/standard_task_runner.py:70 DeprecationWarning: This process (pid=5640) is multi-threaded, use of fork() may lead to deadlocks in the child.
[2024-09-23T02:10:51.098+0000] {standard_task_runner.py:72} INFO - Started process 5657 to run task
[2024-09-23T02:10:51.066+0000] {standard_task_runner.py:105} INFO - Job 58: Subtask task1
[2024-09-23T02:10:51.269+0000] {task_command.py:467} INFO - Running <TaskInstance: dag_with_catchup_backfill_v01.1.task1 scheduled__2024-09-21T00:00:00+00:00 [running]> on host a6a086fd5bbf
[2024-09-23T02:10:51.542+0000] {taskinstance.py:3131} INFO - Exporting env vars: AIRFLOW_CTX_DAG_OWNER='chin' AIRFLOW_CTX_DAG_ID='dag_with_catchup_backfill_v01.1' AIRFLOW_CTX_TASK_ID='task1' AIRFLOW_CTX_EXECUTION_DATE='2024-09-21T00:00:00+00:00' AIRFLOW_CTX_TRY_NUMBER='1' AIRFLOW_CTX_DAG_RUN_ID='scheduled__2024-09-21T00:00:00+00:00'
[2024-09-23T02:10:51.550+0000] {taskinstance.py:731} INFO - ::endgroup::
[2024-09-23T02:10:51.591+0000] {subprocess.py:63} INFO - Tmp dir root location: /tmp
[2024-09-23T02:10:51.602+0000] {subprocess.py:75} INFO - Running command: ['/usr/bin/bash', '-c', 'echo this is a simple batch command!']
[2024-09-23T02:10:51.620+0000] {subprocess.py:86} INFO - Output:
[2024-09-23T02:10:51.625+0000] {subprocess.py:93} INFO - this is a simple batch command!
[2024-09-23T02:10:51.630+0000] {subprocess.py:97} INFO - Command exited with return code 0
[2024-09-23T02:10:51.679+0000] {taskinstance.py:340} INFO - ::group::Post task execution logs
[2024-09-23T02:10:51.689+0000] {taskinstance.py:352} INFO - Marking task as SUCCESS. dag_id=dag_with_catchup_backfill_v01.1, task_id=task1, run_id=scheduled__2024-09-21T00:00:00+00:00, execution_date=20240921T000000, start_date=20240923T021050, end_date=20240923T021051
[2024-09-23T02:10:51.765+0000] {local_task_job_runner.py:266} INFO - Task exited with return code 0
[2024-09-23T02:10:51.816+0000] {taskinstance.py:3900} INFO - 0 downstream tasks scheduled from follow-on schedule check
[2024-09-23T02:10:51.828+0000] {local_task_job_runner.py:245} INFO - ::endgroup::
