[2024-09-25T17:58:55.859+0000] {local_task_job_runner.py:123} INFO - ::group::Pre task execution logs
[2024-09-25T17:58:55.881+0000] {taskinstance.py:2612} INFO - Dependencies all met for dep_context=non-requeueable deps ti=<TaskInstance: dag_with_postgres_hook_s3_v01.postgres_to_s3 manual__2024-09-25T17:58:54.596635+00:00 [queued]>
[2024-09-25T17:58:55.896+0000] {taskinstance.py:2612} INFO - Dependencies all met for dep_context=requeueable deps ti=<TaskInstance: dag_with_postgres_hook_s3_v01.postgres_to_s3 manual__2024-09-25T17:58:54.596635+00:00 [queued]>
[2024-09-25T17:58:55.897+0000] {taskinstance.py:2865} INFO - Starting attempt 1 of 1
[2024-09-25T17:58:55.918+0000] {taskinstance.py:2888} INFO - Executing <Task(PythonOperator): postgres_to_s3> on 2024-09-25 17:58:54.596635+00:00
[2024-09-25T17:58:55.927+0000] {standard_task_runner.py:104} INFO - Running: ['***', 'tasks', 'run', 'dag_with_postgres_hook_s3_v01', 'postgres_to_s3', 'manual__2024-09-25T17:58:54.596635+00:00', '--job-id', '90', '--raw', '--subdir', 'DAGS_FOLDER/dag_with_postgres_hooks_s3.py', '--cfg-path', '/tmp/tmp0g_7kpws']
[2024-09-25T17:58:55.930+0000] {standard_task_runner.py:105} INFO - Job 90: Subtask postgres_to_s3
[2024-09-25T17:58:55.941+0000] {logging_mixin.py:190} WARNING - /home/***/.local/lib/python3.12/site-packages/***/task/task_runner/standard_task_runner.py:70 DeprecationWarning: This process (pid=92624) is multi-threaded, use of fork() may lead to deadlocks in the child.
[2024-09-25T17:58:55.942+0000] {standard_task_runner.py:72} INFO - Started process 92625 to run task
[2024-09-25T17:58:56.009+0000] {task_command.py:467} INFO - Running <TaskInstance: dag_with_postgres_hook_s3_v01.postgres_to_s3 manual__2024-09-25T17:58:54.596635+00:00 [running]> on host 1e186c4a8a03
[2024-09-25T17:58:56.138+0000] {taskinstance.py:3131} INFO - Exporting env vars: AIRFLOW_CTX_DAG_OWNER='chin' AIRFLOW_CTX_DAG_ID='dag_with_postgres_hook_s3_v01' AIRFLOW_CTX_TASK_ID='postgres_to_s3' AIRFLOW_CTX_EXECUTION_DATE='2024-09-25T17:58:54.596635+00:00' AIRFLOW_CTX_TRY_NUMBER='1' AIRFLOW_CTX_DAG_RUN_ID='manual__2024-09-25T17:58:54.596635+00:00'
[2024-09-25T17:58:56.140+0000] {taskinstance.py:731} INFO - ::endgroup::
[2024-09-25T17:58:56.181+0000] {base.py:84} INFO - Retrieving connection 'postgres_local'
[2024-09-25T17:58:56.196+0000] {dag_with_postgres_hooks_s3.py:27} INFO - cursor: 0
[2024-09-25T17:58:56.333+0000] {dag_with_postgres_hooks_s3.py:32} INFO - <cursor object at 0x7fc8841584f0; closed: 0>
[2024-09-25T17:58:56.338+0000] {dag_with_postgres_hooks_s3.py:36} INFO - Saved orders data in text file get_orders.txt
[2024-09-25T17:58:56.339+0000] {python.py:240} INFO - Done. Returned value was: None
[2024-09-25T17:58:56.361+0000] {taskinstance.py:340} INFO - ::group::Post task execution logs
[2024-09-25T17:58:56.363+0000] {taskinstance.py:352} INFO - Marking task as SUCCESS. dag_id=dag_with_postgres_hook_s3_v01, task_id=postgres_to_s3, run_id=manual__2024-09-25T17:58:54.596635+00:00, execution_date=20240925T175854, start_date=20240925T175855, end_date=20240925T175856
[2024-09-25T17:58:56.401+0000] {local_task_job_runner.py:266} INFO - Task exited with return code 0
[2024-09-25T17:58:56.432+0000] {taskinstance.py:3900} INFO - 0 downstream tasks scheduled from follow-on schedule check
[2024-09-25T17:58:56.463+0000] {local_task_job_runner.py:245} INFO - ::endgroup::
