[2024-09-20T21:14:23.518+0000] {local_task_job_runner.py:123} INFO - ::group::Pre task execution logs
[2024-09-20T21:14:23.556+0000] {taskinstance.py:2612} INFO - Dependencies all met for dep_context=non-requeueable deps ti=<TaskInstance: first_dag_v2.first_task manual__2024-09-20T21:14:22.023711+00:00 [queued]>
[2024-09-20T21:14:23.576+0000] {taskinstance.py:2612} INFO - Dependencies all met for dep_context=requeueable deps ti=<TaskInstance: first_dag_v2.first_task manual__2024-09-20T21:14:22.023711+00:00 [queued]>
[2024-09-20T21:14:23.577+0000] {taskinstance.py:2865} INFO - Starting attempt 1 of 6
[2024-09-20T21:14:23.607+0000] {taskinstance.py:2888} INFO - Executing <Task(BashOperator): first_task> on 2024-09-20 21:14:22.023711+00:00
[2024-09-20T21:14:23.628+0000] {logging_mixin.py:190} WARNING - /home/***/.local/lib/python3.12/site-packages/***/task/task_runner/standard_task_runner.py:70 DeprecationWarning: This process (pid=499) is multi-threaded, use of fork() may lead to deadlocks in the child.
[2024-09-20T21:14:23.624+0000] {standard_task_runner.py:104} INFO - Running: ['***', 'tasks', 'run', 'first_dag_v2', 'first_task', 'manual__2024-09-20T21:14:22.023711+00:00', '--job-id', '4', '--raw', '--subdir', 'DAGS_FOLDER/first_dag.py', '--cfg-path', '/tmp/tmpcm1u030h']
[2024-09-20T21:14:23.630+0000] {standard_task_runner.py:72} INFO - Started process 500 to run task
[2024-09-20T21:14:23.630+0000] {standard_task_runner.py:105} INFO - Job 4: Subtask first_task
[2024-09-20T21:14:23.751+0000] {task_command.py:467} INFO - Running <TaskInstance: first_dag_v2.first_task manual__2024-09-20T21:14:22.023711+00:00 [running]> on host a6a086fd5bbf
[2024-09-20T21:14:23.957+0000] {taskinstance.py:3131} INFO - Exporting env vars: AIRFLOW_CTX_DAG_OWNER='Chin' AIRFLOW_CTX_DAG_ID='first_dag_v2' AIRFLOW_CTX_TASK_ID='first_task' AIRFLOW_CTX_EXECUTION_DATE='2024-09-20T21:14:22.023711+00:00' AIRFLOW_CTX_TRY_NUMBER='1' AIRFLOW_CTX_DAG_RUN_ID='manual__2024-09-20T21:14:22.023711+00:00'
[2024-09-20T21:14:23.961+0000] {taskinstance.py:731} INFO - ::endgroup::
[2024-09-20T21:14:23.992+0000] {subprocess.py:63} INFO - Tmp dir root location: /tmp
[2024-09-20T21:14:23.996+0000] {subprocess.py:75} INFO - Running command: ['/usr/bin/bash', '-c', 'echo hello world, this is the first task!']
[2024-09-20T21:14:24.012+0000] {subprocess.py:86} INFO - Output:
[2024-09-20T21:14:24.014+0000] {subprocess.py:93} INFO - hello world, this is the first task!
[2024-09-20T21:14:24.016+0000] {subprocess.py:97} INFO - Command exited with return code 0
[2024-09-20T21:14:24.050+0000] {taskinstance.py:340} INFO - ::group::Post task execution logs
[2024-09-20T21:14:24.052+0000] {taskinstance.py:352} INFO - Marking task as SUCCESS. dag_id=first_dag_v2, task_id=first_task, run_id=manual__2024-09-20T21:14:22.023711+00:00, execution_date=20240920T211422, start_date=20240920T211423, end_date=20240920T211424
[2024-09-20T21:14:24.092+0000] {local_task_job_runner.py:266} INFO - Task exited with return code 0
[2024-09-20T21:14:24.116+0000] {taskinstance.py:3900} INFO - 0 downstream tasks scheduled from follow-on schedule check
[2024-09-20T21:14:24.124+0000] {local_task_job_runner.py:245} INFO - ::endgroup::
