[2024-09-25T21:55:36.328+0000] {local_task_job_runner.py:123} INFO - ::group::Pre task execution logs
[2024-09-25T21:55:36.500+0000] {taskinstance.py:2612} INFO - Dependencies all met for dep_context=non-requeueable deps ti=<TaskInstance: dag_with_postgres_hook_s3_v05.postgres_to_s3 scheduled__2022-06-15T00:00:00+00:00 [queued]>
[2024-09-25T21:55:36.728+0000] {taskinstance.py:2612} INFO - Dependencies all met for dep_context=requeueable deps ti=<TaskInstance: dag_with_postgres_hook_s3_v05.postgres_to_s3 scheduled__2022-06-15T00:00:00+00:00 [queued]>
[2024-09-25T21:55:36.880+0000] {taskinstance.py:2865} INFO - Starting attempt 1 of 1
[2024-09-25T21:55:36.946+0000] {taskinstance.py:2888} INFO - Executing <Task(PythonOperator): postgres_to_s3> on 2022-06-15 00:00:00+00:00
[2024-09-25T21:55:37.144+0000] {standard_task_runner.py:104} INFO - Running: ['***', 'tasks', 'run', 'dag_with_postgres_hook_s3_v05', 'postgres_to_s3', 'scheduled__2022-06-15T00:00:00+00:00', '--job-id', '203', '--raw', '--subdir', 'DAGS_FOLDER/dag_with_postgres_hooks_s3.py', '--cfg-path', '/tmp/tmpwciq_5r3']
[2024-09-25T21:55:37.172+0000] {standard_task_runner.py:105} INFO - Job 203: Subtask postgres_to_s3
[2024-09-25T21:55:37.169+0000] {logging_mixin.py:190} WARNING - /home/***/.local/lib/python3.12/site-packages/***/task/task_runner/standard_task_runner.py:70 DeprecationWarning: This process (pid=113338) is multi-threaded, use of fork() may lead to deadlocks in the child.
[2024-09-25T21:55:37.413+0000] {standard_task_runner.py:72} INFO - Started process 113389 to run task
[2024-09-25T21:55:39.046+0000] {task_command.py:467} INFO - Running <TaskInstance: dag_with_postgres_hook_s3_v05.postgres_to_s3 scheduled__2022-06-15T00:00:00+00:00 [running]> on host 1e186c4a8a03
[2024-09-25T21:55:39.568+0000] {taskinstance.py:3131} INFO - Exporting env vars: AIRFLOW_CTX_DAG_OWNER='chin' AIRFLOW_CTX_DAG_ID='dag_with_postgres_hook_s3_v05' AIRFLOW_CTX_TASK_ID='postgres_to_s3' AIRFLOW_CTX_EXECUTION_DATE='2022-06-15T00:00:00+00:00' AIRFLOW_CTX_TRY_NUMBER='1' AIRFLOW_CTX_DAG_RUN_ID='scheduled__2022-06-15T00:00:00+00:00'
[2024-09-25T21:55:39.583+0000] {taskinstance.py:731} INFO - ::endgroup::
[2024-09-25T21:55:39.687+0000] {logging_mixin.py:190} WARNING - /home/***/.local/lib/python3.12/site-packages/***/utils/operator_helpers.py:175 AirflowContextDeprecationWarning: Accessing 'next_ds_nodash' from the template is deprecated and will be removed in a future version. Please use '{{ data_interval_end | ds_nodash }}' instead.
[2024-09-25T21:55:39.850+0000] {base.py:84} INFO - Retrieving connection 'postgres_local'
[2024-09-25T21:55:40.256+0000] {dag_with_postgres_hooks_s3.py:32} INFO - query b"select * from orders where date >='20220615' and date <= '20220616'":
[2024-09-25T21:55:40.387+0000] {dag_with_postgres_hooks_s3.py:33} INFO - cursor 22:
[2024-09-25T21:55:41.053+0000] {dag_with_postgres_hooks_s3.py:38} INFO - <cursor object at 0x7fc8837f3010; closed: 0>
[2024-09-25T21:55:41.790+0000] {dag_with_postgres_hooks_s3.py:42} INFO - Saved orders data in text file: dags/get_orders_20220615.txt
[2024-09-25T21:55:41.841+0000] {base.py:84} INFO - Retrieving connection 'minio_conn'
[2024-09-25T21:55:41.851+0000] {connection_wrapper.py:388} INFO - AWS Connection (conn_id='minio_conn', conn_type='aws') credentials retrieved from login and password.
[2024-09-25T21:55:47.222+0000] {python.py:240} INFO - Done. Returned value was: None
[2024-09-25T21:55:47.247+0000] {taskinstance.py:340} INFO - ::group::Post task execution logs
[2024-09-25T21:55:47.249+0000] {taskinstance.py:352} INFO - Marking task as SUCCESS. dag_id=dag_with_postgres_hook_s3_v05, task_id=postgres_to_s3, run_id=scheduled__2022-06-15T00:00:00+00:00, execution_date=20220615T000000, start_date=20240925T215536, end_date=20240925T215547
[2024-09-25T21:55:47.309+0000] {local_task_job_runner.py:266} INFO - Task exited with return code 0
[2024-09-25T21:55:47.335+0000] {taskinstance.py:3900} INFO - 0 downstream tasks scheduled from follow-on schedule check
[2024-09-25T21:55:47.342+0000] {local_task_job_runner.py:245} INFO - ::endgroup::
