[2024-09-25T21:27:04.434+0000] {local_task_job_runner.py:123} INFO - ::group::Pre task execution logs
[2024-09-25T21:27:05.407+0000] {taskinstance.py:2612} INFO - Dependencies all met for dep_context=non-requeueable deps ti=<TaskInstance: dag_with_postgres_hook_s3_v04.postgres_to_s3 scheduled__2022-05-03T00:00:00+00:00 [queued]>
[2024-09-25T21:27:05.721+0000] {taskinstance.py:2612} INFO - Dependencies all met for dep_context=requeueable deps ti=<TaskInstance: dag_with_postgres_hook_s3_v04.postgres_to_s3 scheduled__2022-05-03T00:00:00+00:00 [queued]>
[2024-09-25T21:27:05.730+0000] {taskinstance.py:2865} INFO - Starting attempt 1 of 1
[2024-09-25T21:27:06.093+0000] {taskinstance.py:2888} INFO - Executing <Task(PythonOperator): postgres_to_s3> on 2022-05-03 00:00:00+00:00
[2024-09-25T21:27:07.085+0000] {logging_mixin.py:190} WARNING - /home/***/.local/lib/python3.12/site-packages/***/task/task_runner/standard_task_runner.py:70 DeprecationWarning: This process (pid=110577) is multi-threaded, use of fork() may lead to deadlocks in the child.
[2024-09-25T21:27:07.143+0000] {standard_task_runner.py:72} INFO - Started process 110668 to run task
[2024-09-25T21:27:06.991+0000] {standard_task_runner.py:104} INFO - Running: ['***', 'tasks', 'run', 'dag_with_postgres_hook_s3_v04', 'postgres_to_s3', 'scheduled__2022-05-03T00:00:00+00:00', '--job-id', '121', '--raw', '--subdir', 'DAGS_FOLDER/dag_with_postgres_hooks_s3.py', '--cfg-path', '/tmp/tmpr4tqsf_c']
[2024-09-25T21:27:07.380+0000] {standard_task_runner.py:105} INFO - Job 121: Subtask postgres_to_s3
[2024-09-25T21:27:13.490+0000] {task_command.py:467} INFO - Running <TaskInstance: dag_with_postgres_hook_s3_v04.postgres_to_s3 scheduled__2022-05-03T00:00:00+00:00 [running]> on host 1e186c4a8a03
[2024-09-25T21:27:14.126+0000] {job.py:229} INFO - Heartbeat recovered after 12.38 seconds
[2024-09-25T21:27:16.096+0000] {taskinstance.py:3131} INFO - Exporting env vars: AIRFLOW_CTX_DAG_OWNER='chin' AIRFLOW_CTX_DAG_ID='dag_with_postgres_hook_s3_v04' AIRFLOW_CTX_TASK_ID='postgres_to_s3' AIRFLOW_CTX_EXECUTION_DATE='2022-05-03T00:00:00+00:00' AIRFLOW_CTX_TRY_NUMBER='1' AIRFLOW_CTX_DAG_RUN_ID='scheduled__2022-05-03T00:00:00+00:00'
[2024-09-25T21:27:16.125+0000] {taskinstance.py:731} INFO - ::endgroup::
[2024-09-25T21:27:16.442+0000] {logging_mixin.py:190} WARNING - /home/***/.local/lib/python3.12/site-packages/***/utils/operator_helpers.py:175 AirflowContextDeprecationWarning: Accessing 'tomorrow_ds_nodash' from the template is deprecated and will be removed in a future version.
[2024-09-25T21:27:17.239+0000] {base.py:84} INFO - Retrieving connection 'postgres_local'
[2024-09-25T21:27:17.726+0000] {dag_with_postgres_hooks_s3.py:36} INFO - query b"select * from orders where date >='20220503' and date <= '20220504'":
[2024-09-25T21:27:17.749+0000] {dag_with_postgres_hooks_s3.py:37} INFO - cursor 24:
[2024-09-25T21:27:17.999+0000] {dag_with_postgres_hooks_s3.py:42} INFO - <cursor object at 0x7fc8836e87c0; closed: 0>
[2024-09-25T21:27:18.053+0000] {dag_with_postgres_hooks_s3.py:46} INFO - Saved orders data in text file: dags/get_orders_20220503.txt
[2024-09-25T21:27:18.379+0000] {base.py:84} INFO - Retrieving connection 'minio_conn'
[2024-09-25T21:27:18.388+0000] {connection_wrapper.py:388} INFO - AWS Connection (conn_id='minio_conn', conn_type='aws') credentials retrieved from login and password.
[2024-09-25T21:27:38.200+0000] {python.py:240} INFO - Done. Returned value was: None
[2024-09-25T21:27:38.250+0000] {taskinstance.py:340} INFO - ::group::Post task execution logs
[2024-09-25T21:27:38.253+0000] {taskinstance.py:352} INFO - Marking task as SUCCESS. dag_id=dag_with_postgres_hook_s3_v04, task_id=postgres_to_s3, run_id=scheduled__2022-05-03T00:00:00+00:00, execution_date=20220503T000000, start_date=20240925T212705, end_date=20240925T212738
[2024-09-25T21:27:38.483+0000] {local_task_job_runner.py:266} INFO - Task exited with return code 0
[2024-09-25T21:27:38.704+0000] {taskinstance.py:3900} INFO - 0 downstream tasks scheduled from follow-on schedule check
[2024-09-25T21:27:38.752+0000] {local_task_job_runner.py:245} INFO - ::endgroup::
