[2024-09-25T22:35:22.274+0000] {local_task_job_runner.py:123} INFO - ::group::Pre task execution logs
[2024-09-25T22:35:22.371+0000] {taskinstance.py:2612} INFO - Dependencies all met for dep_context=non-requeueable deps ti=<TaskInstance: dag_with_postgres_hook_s3_v06.postgres_to_s3 scheduled__2023-05-21T00:00:00+00:00 [queued]>
[2024-09-25T22:35:22.427+0000] {taskinstance.py:2612} INFO - Dependencies all met for dep_context=requeueable deps ti=<TaskInstance: dag_with_postgres_hook_s3_v06.postgres_to_s3 scheduled__2023-05-21T00:00:00+00:00 [queued]>
[2024-09-25T22:35:22.445+0000] {taskinstance.py:2865} INFO - Starting attempt 1 of 1
[2024-09-25T22:35:22.534+0000] {taskinstance.py:2888} INFO - Executing <Task(PythonOperator): postgres_to_s3> on 2023-05-21 00:00:00+00:00
[2024-09-25T22:35:22.586+0000] {standard_task_runner.py:104} INFO - Running: ['***', 'tasks', 'run', 'dag_with_postgres_hook_s3_v06', 'postgres_to_s3', 'scheduled__2023-05-21T00:00:00+00:00', '--job-id', '997', '--raw', '--subdir', 'DAGS_FOLDER/dag_with_postgres_hooks_s3.py', '--cfg-path', '/tmp/tmpjl1ehtzb']
[2024-09-25T22:35:22.617+0000] {standard_task_runner.py:105} INFO - Job 997: Subtask postgres_to_s3
[2024-09-25T22:35:22.582+0000] {logging_mixin.py:190} WARNING - /home/***/.local/lib/python3.12/site-packages/***/task/task_runner/standard_task_runner.py:70 DeprecationWarning: This process (pid=120597) is multi-threaded, use of fork() may lead to deadlocks in the child.
[2024-09-25T22:35:22.661+0000] {standard_task_runner.py:72} INFO - Started process 120621 to run task
[2024-09-25T22:35:23.044+0000] {task_command.py:467} INFO - Running <TaskInstance: dag_with_postgres_hook_s3_v06.postgres_to_s3 scheduled__2023-05-21T00:00:00+00:00 [running]> on host 1e186c4a8a03
[2024-09-25T22:35:23.701+0000] {taskinstance.py:3131} INFO - Exporting env vars: AIRFLOW_CTX_DAG_OWNER='chin' AIRFLOW_CTX_DAG_ID='dag_with_postgres_hook_s3_v06' AIRFLOW_CTX_TASK_ID='postgres_to_s3' AIRFLOW_CTX_EXECUTION_DATE='2023-05-21T00:00:00+00:00' AIRFLOW_CTX_TRY_NUMBER='1' AIRFLOW_CTX_DAG_RUN_ID='scheduled__2023-05-21T00:00:00+00:00'
[2024-09-25T22:35:23.708+0000] {taskinstance.py:731} INFO - ::endgroup::
[2024-09-25T22:35:23.899+0000] {logging_mixin.py:190} WARNING - /home/***/.local/lib/python3.12/site-packages/***/utils/operator_helpers.py:175 AirflowContextDeprecationWarning: Accessing 'next_ds_nodash' from the template is deprecated and will be removed in a future version. Please use '{{ data_interval_end | ds_nodash }}' instead.
[2024-09-25T22:35:24.010+0000] {base.py:84} INFO - Retrieving connection 'postgres_local'
[2024-09-25T22:35:24.112+0000] {dag_with_postgres_hooks_s3.py:37} INFO - query b"select * from orders where date >='20230521' and date <= '20230522'":
[2024-09-25T22:35:24.192+0000] {dag_with_postgres_hooks_s3.py:38} INFO - cursor 0:
[2024-09-25T22:35:24.257+0000] {dag_with_postgres_hooks_s3.py:44} INFO - <cursor object at 0x7fc8837f7010; closed: 0>
[2024-09-25T22:35:24.294+0000] {dag_with_postgres_hooks_s3.py:50} INFO - Saved orders data in text file: dags/get_orders_20230521.txt
[2024-09-25T22:35:24.344+0000] {base.py:84} INFO - Retrieving connection 'minio_conn'
[2024-09-25T22:35:24.380+0000] {connection_wrapper.py:388} INFO - AWS Connection (conn_id='minio_conn', conn_type='aws') credentials retrieved from login and password.
[2024-09-25T22:35:25.736+0000] {dag_with_postgres_hooks_s3.py:62} INFO - Order file %s has been pushed to S3!, f.name
[2024-09-25T22:35:25.741+0000] {python.py:240} INFO - Done. Returned value was: None
[2024-09-25T22:35:25.791+0000] {taskinstance.py:340} INFO - ::group::Post task execution logs
[2024-09-25T22:35:25.793+0000] {taskinstance.py:352} INFO - Marking task as SUCCESS. dag_id=dag_with_postgres_hook_s3_v06, task_id=postgres_to_s3, run_id=scheduled__2023-05-21T00:00:00+00:00, execution_date=20230521T000000, start_date=20240925T223522, end_date=20240925T223525
[2024-09-25T22:35:25.920+0000] {local_task_job_runner.py:266} INFO - Task exited with return code 0
[2024-09-25T22:35:26.128+0000] {taskinstance.py:3900} INFO - 0 downstream tasks scheduled from follow-on schedule check
[2024-09-25T22:35:26.139+0000] {local_task_job_runner.py:245} INFO - ::endgroup::
