[2024-09-23T21:18:53.751+0000] {local_task_job_runner.py:123} INFO - ::group::Pre task execution logs
[2024-09-23T21:18:53.781+0000] {taskinstance.py:2612} INFO - Dependencies all met for dep_context=non-requeueable deps ti=<TaskInstance: dag_with_postgres_operator_v02.create_postgres_table manual__2024-09-23T21:18:51.520297+00:00 [queued]>
[2024-09-23T21:18:53.798+0000] {taskinstance.py:2612} INFO - Dependencies all met for dep_context=requeueable deps ti=<TaskInstance: dag_with_postgres_operator_v02.create_postgres_table manual__2024-09-23T21:18:51.520297+00:00 [queued]>
[2024-09-23T21:18:53.799+0000] {taskinstance.py:2865} INFO - Starting attempt 1 of 1
[2024-09-23T21:18:53.829+0000] {taskinstance.py:2888} INFO - Executing <Task(PostgresOperator): create_postgres_table> on 2024-09-23 21:18:51.520297+00:00
[2024-09-23T21:18:53.856+0000] {standard_task_runner.py:104} INFO - Running: ['***', 'tasks', 'run', 'dag_with_postgres_operator_v02', 'create_postgres_table', 'manual__2024-09-23T21:18:51.520297+00:00', '--job-id', '13', '--raw', '--subdir', 'DAGS_FOLDER/dag_with_postgres_operator.py', '--cfg-path', '/tmp/tmpmj7nl_94']
[2024-09-23T21:18:53.860+0000] {standard_task_runner.py:105} INFO - Job 13: Subtask create_postgres_table
[2024-09-23T21:18:53.861+0000] {logging_mixin.py:190} WARNING - /home/***/.local/lib/python3.12/site-packages/***/task/task_runner/standard_task_runner.py:70 DeprecationWarning: This process (pid=7832) is multi-threaded, use of fork() may lead to deadlocks in the child.
[2024-09-23T21:18:53.863+0000] {standard_task_runner.py:72} INFO - Started process 7833 to run task
[2024-09-23T21:18:53.958+0000] {task_command.py:467} INFO - Running <TaskInstance: dag_with_postgres_operator_v02.create_postgres_table manual__2024-09-23T21:18:51.520297+00:00 [running]> on host 1e186c4a8a03
[2024-09-23T21:18:54.100+0000] {taskinstance.py:3131} INFO - Exporting env vars: AIRFLOW_CTX_DAG_OWNER='chin' AIRFLOW_CTX_DAG_ID='dag_with_postgres_operator_v02' AIRFLOW_CTX_TASK_ID='create_postgres_table' AIRFLOW_CTX_EXECUTION_DATE='2024-09-23T21:18:51.520297+00:00' AIRFLOW_CTX_TRY_NUMBER='1' AIRFLOW_CTX_DAG_RUN_ID='manual__2024-09-23T21:18:51.520297+00:00'
[2024-09-23T21:18:54.103+0000] {taskinstance.py:731} INFO - ::endgroup::
[2024-09-23T21:18:54.136+0000] {sql.py:266} INFO - Executing: 
                create table if not exists dag_runs_test(
                    dt date,
                    dag_id character varying,
                    primary key(dt, dag_id)
                )
            
[2024-09-23T21:18:54.153+0000] {base.py:84} INFO - Retrieving connection 'postgres_local'
[2024-09-23T21:18:54.170+0000] {base.py:84} INFO - Retrieving connection 'postgres_local'
[2024-09-23T21:18:54.186+0000] {sql.py:509} INFO - Running statement: 
                create table if not exists dag_runs_test(
                    dt date,
                    dag_id character varying,
                    primary key(dt, dag_id)
                )
            , parameters: None
[2024-09-23T21:18:54.276+0000] {taskinstance.py:340} INFO - ::group::Post task execution logs
[2024-09-23T21:18:54.279+0000] {taskinstance.py:352} INFO - Marking task as SUCCESS. dag_id=dag_with_postgres_operator_v02, task_id=create_postgres_table, run_id=manual__2024-09-23T21:18:51.520297+00:00, execution_date=20240923T211851, start_date=20240923T211853, end_date=20240923T211854
[2024-09-23T21:18:54.323+0000] {local_task_job_runner.py:266} INFO - Task exited with return code 0
[2024-09-23T21:18:54.353+0000] {taskinstance.py:3900} INFO - 0 downstream tasks scheduled from follow-on schedule check
[2024-09-23T21:18:54.360+0000] {local_task_job_runner.py:245} INFO - ::endgroup::
