[2024-09-25T00:35:36.282+0000] {local_task_job_runner.py:123} INFO - ::group::Pre task execution logs
[2024-09-25T00:35:36.302+0000] {taskinstance.py:2612} INFO - Dependencies all met for dep_context=non-requeueable deps ti=<TaskInstance: dag_with_minio_s3_sensor_v01.sensor_minio_s3 manual__2024-09-25T00:35:35.737665+00:00 [queued]>
[2024-09-25T00:35:36.436+0000] {taskinstance.py:2612} INFO - Dependencies all met for dep_context=requeueable deps ti=<TaskInstance: dag_with_minio_s3_sensor_v01.sensor_minio_s3 manual__2024-09-25T00:35:35.737665+00:00 [queued]>
[2024-09-25T00:35:36.437+0000] {taskinstance.py:2865} INFO - Starting attempt 1 of 6
[2024-09-25T00:35:36.455+0000] {taskinstance.py:2888} INFO - Executing <Task(S3KeySensor): sensor_minio_s3> on 2024-09-25 00:35:35.737665+00:00
[2024-09-25T00:35:36.463+0000] {logging_mixin.py:190} WARNING - /home/***/.local/lib/python3.12/site-packages/***/task/task_runner/standard_task_runner.py:70 DeprecationWarning: This process (pid=5074) is multi-threaded, use of fork() may lead to deadlocks in the child.
[2024-09-25T00:35:36.463+0000] {standard_task_runner.py:104} INFO - Running: ['***', 'tasks', 'run', 'dag_with_minio_s3_sensor_v01', 'sensor_minio_s3', 'manual__2024-09-25T00:35:35.737665+00:00', '--job-id', '76', '--raw', '--subdir', 'DAGS_FOLDER/dag_with_mino_s3_sensor.py', '--cfg-path', '/tmp/tmp564_25yy']
[2024-09-25T00:35:36.465+0000] {standard_task_runner.py:72} INFO - Started process 5080 to run task
[2024-09-25T00:35:36.465+0000] {standard_task_runner.py:105} INFO - Job 76: Subtask sensor_minio_s3
[2024-09-25T00:35:36.522+0000] {task_command.py:467} INFO - Running <TaskInstance: dag_with_minio_s3_sensor_v01.sensor_minio_s3 manual__2024-09-25T00:35:35.737665+00:00 [running]> on host 1e186c4a8a03
[2024-09-25T00:35:36.607+0000] {taskinstance.py:3131} INFO - Exporting env vars: AIRFLOW_CTX_DAG_OWNER='chin' AIRFLOW_CTX_DAG_ID='dag_with_minio_s3_sensor_v01' AIRFLOW_CTX_TASK_ID='sensor_minio_s3' AIRFLOW_CTX_EXECUTION_DATE='2024-09-25T00:35:35.737665+00:00' AIRFLOW_CTX_TRY_NUMBER='1' AIRFLOW_CTX_DAG_RUN_ID='manual__2024-09-25T00:35:35.737665+00:00'
[2024-09-25T00:35:36.609+0000] {taskinstance.py:731} INFO - ::endgroup::
[2024-09-25T00:35:36.627+0000] {baseoperator.py:405} WARNING - S3KeySensor.execute cannot be called outside TaskInstance!
[2024-09-25T00:35:36.628+0000] {s3.py:118} INFO - Poking for key : s3://***/data.csv
[2024-09-25T00:35:36.640+0000] {base.py:84} INFO - Retrieving connection 'minio_conn'
[2024-09-25T00:35:36.641+0000] {connection_wrapper.py:388} INFO - AWS Connection (conn_id='minio_conn', conn_type='aws') credentials retrieved from login and password.
[2024-09-25T00:36:36.863+0000] {s3.py:118} INFO - Poking for key : s3://***/data.csv
[2024-09-25T00:37:36.879+0000] {s3.py:118} INFO - Poking for key : s3://***/data.csv
[2024-09-25T00:38:36.888+0000] {s3.py:118} INFO - Poking for key : s3://***/data.csv
[2024-09-25T00:39:36.901+0000] {s3.py:118} INFO - Poking for key : s3://***/data.csv
[2024-09-25T00:39:36.916+0000] {base.py:336} INFO - Success criteria met. Exiting.
[2024-09-25T00:39:36.935+0000] {taskinstance.py:340} INFO - ::group::Post task execution logs
[2024-09-25T00:39:36.937+0000] {taskinstance.py:352} INFO - Marking task as SUCCESS. dag_id=dag_with_minio_s3_sensor_v01, task_id=sensor_minio_s3, run_id=manual__2024-09-25T00:35:35.737665+00:00, execution_date=20240925T003535, start_date=20240925T003536, end_date=20240925T003936
[2024-09-25T00:39:36.982+0000] {local_task_job_runner.py:266} INFO - Task exited with return code 0
[2024-09-25T00:39:37.002+0000] {taskinstance.py:3900} INFO - 0 downstream tasks scheduled from follow-on schedule check
[2024-09-25T00:39:37.007+0000] {local_task_job_runner.py:245} INFO - ::endgroup::
