[2024-09-25T21:28:03.726+0000] {local_task_job_runner.py:123} INFO - ::group::Pre task execution logs
[2024-09-25T21:28:03.785+0000] {taskinstance.py:2612} INFO - Dependencies all met for dep_context=non-requeueable deps ti=<TaskInstance: dag_with_postgres_hook_s3_v04.postgres_to_s3 scheduled__2022-05-19T00:00:00+00:00 [queued]>
[2024-09-25T21:28:03.830+0000] {taskinstance.py:2612} INFO - Dependencies all met for dep_context=requeueable deps ti=<TaskInstance: dag_with_postgres_hook_s3_v04.postgres_to_s3 scheduled__2022-05-19T00:00:00+00:00 [queued]>
[2024-09-25T21:28:03.838+0000] {taskinstance.py:2865} INFO - Starting attempt 1 of 1
[2024-09-25T21:28:03.960+0000] {taskinstance.py:2888} INFO - Executing <Task(PythonOperator): postgres_to_s3> on 2022-05-19 00:00:00+00:00
[2024-09-25T21:28:04.063+0000] {logging_mixin.py:190} WARNING - /home/***/.local/lib/python3.12/site-packages/***/task/task_runner/standard_task_runner.py:70 DeprecationWarning: This process (pid=110764) is multi-threaded, use of fork() may lead to deadlocks in the child.
[2024-09-25T21:28:04.135+0000] {standard_task_runner.py:72} INFO - Started process 110777 to run task
[2024-09-25T21:28:04.074+0000] {standard_task_runner.py:104} INFO - Running: ['***', 'tasks', 'run', 'dag_with_postgres_hook_s3_v04', 'postgres_to_s3', 'scheduled__2022-05-19T00:00:00+00:00', '--job-id', '124', '--raw', '--subdir', 'DAGS_FOLDER/dag_with_postgres_hooks_s3.py', '--cfg-path', '/tmp/tmprg8h7glf']
[2024-09-25T21:28:04.189+0000] {standard_task_runner.py:105} INFO - Job 124: Subtask postgres_to_s3
[2024-09-25T21:28:04.867+0000] {task_command.py:467} INFO - Running <TaskInstance: dag_with_postgres_hook_s3_v04.postgres_to_s3 scheduled__2022-05-19T00:00:00+00:00 [running]> on host 1e186c4a8a03
[2024-09-25T21:28:05.866+0000] {taskinstance.py:3131} INFO - Exporting env vars: AIRFLOW_CTX_DAG_OWNER='chin' AIRFLOW_CTX_DAG_ID='dag_with_postgres_hook_s3_v04' AIRFLOW_CTX_TASK_ID='postgres_to_s3' AIRFLOW_CTX_EXECUTION_DATE='2022-05-19T00:00:00+00:00' AIRFLOW_CTX_TRY_NUMBER='1' AIRFLOW_CTX_DAG_RUN_ID='scheduled__2022-05-19T00:00:00+00:00'
[2024-09-25T21:28:05.893+0000] {taskinstance.py:731} INFO - ::endgroup::
[2024-09-25T21:28:06.041+0000] {logging_mixin.py:190} WARNING - /home/***/.local/lib/python3.12/site-packages/***/utils/operator_helpers.py:175 AirflowContextDeprecationWarning: Accessing 'next_ds_nodash' from the template is deprecated and will be removed in a future version. Please use '{{ data_interval_end | ds_nodash }}' instead.
[2024-09-25T21:28:06.346+0000] {base.py:84} INFO - Retrieving connection 'postgres_local'
[2024-09-25T21:28:06.526+0000] {dag_with_postgres_hooks_s3.py:36} INFO - query b"select * from orders where date >='20220519' and date <= '20220520'":
[2024-09-25T21:28:06.535+0000] {dag_with_postgres_hooks_s3.py:37} INFO - cursor 28:
[2024-09-25T21:28:06.841+0000] {dag_with_postgres_hooks_s3.py:42} INFO - <cursor object at 0x7fc8836f46d0; closed: 0>
[2024-09-25T21:28:06.905+0000] {dag_with_postgres_hooks_s3.py:46} INFO - Saved orders data in text file: dags/get_orders_20220519.txt
[2024-09-25T21:28:07.021+0000] {base.py:84} INFO - Retrieving connection 'minio_conn'
[2024-09-25T21:28:07.056+0000] {connection_wrapper.py:388} INFO - AWS Connection (conn_id='minio_conn', conn_type='aws') credentials retrieved from login and password.
[2024-09-25T21:28:15.922+0000] {python.py:240} INFO - Done. Returned value was: None
[2024-09-25T21:28:15.993+0000] {taskinstance.py:340} INFO - ::group::Post task execution logs
[2024-09-25T21:28:16.052+0000] {taskinstance.py:352} INFO - Marking task as SUCCESS. dag_id=dag_with_postgres_hook_s3_v04, task_id=postgres_to_s3, run_id=scheduled__2022-05-19T00:00:00+00:00, execution_date=20220519T000000, start_date=20240925T212803, end_date=20240925T212816
[2024-09-25T21:28:16.218+0000] {local_task_job_runner.py:266} INFO - Task exited with return code 0
[2024-09-25T21:28:16.309+0000] {taskinstance.py:3900} INFO - 0 downstream tasks scheduled from follow-on schedule check
[2024-09-25T21:28:16.376+0000] {local_task_job_runner.py:245} INFO - ::endgroup::
