[2024-09-23T21:41:14.571+0000] {local_task_job_runner.py:123} INFO - ::group::Pre task execution logs
[2024-09-23T21:41:14.592+0000] {taskinstance.py:2612} INFO - Dependencies all met for dep_context=non-requeueable deps ti=<TaskInstance: dag_with_postgres_operator_v04.create_postgres_table manual__2024-09-23T21:41:12.952676+00:00 [queued]>
[2024-09-23T21:41:14.604+0000] {taskinstance.py:2612} INFO - Dependencies all met for dep_context=requeueable deps ti=<TaskInstance: dag_with_postgres_operator_v04.create_postgres_table manual__2024-09-23T21:41:12.952676+00:00 [queued]>
[2024-09-23T21:41:14.606+0000] {taskinstance.py:2865} INFO - Starting attempt 1 of 1
[2024-09-23T21:41:14.628+0000] {taskinstance.py:2888} INFO - Executing <Task(PostgresOperator): create_postgres_table> on 2024-09-23 21:41:12.952676+00:00
[2024-09-23T21:41:14.638+0000] {standard_task_runner.py:104} INFO - Running: ['***', 'tasks', 'run', 'dag_with_postgres_operator_v04', 'create_postgres_table', 'manual__2024-09-23T21:41:12.952676+00:00', '--job-id', '25', '--raw', '--subdir', 'DAGS_FOLDER/dag_with_postgres_operator.py', '--cfg-path', '/tmp/tmp3jf4c6z8']
[2024-09-23T21:41:14.641+0000] {logging_mixin.py:190} WARNING - /home/***/.local/lib/python3.12/site-packages/***/task/task_runner/standard_task_runner.py:70 DeprecationWarning: This process (pid=9457) is multi-threaded, use of fork() may lead to deadlocks in the child.
[2024-09-23T21:41:14.642+0000] {standard_task_runner.py:105} INFO - Job 25: Subtask create_postgres_table
[2024-09-23T21:41:14.643+0000] {standard_task_runner.py:72} INFO - Started process 9458 to run task
[2024-09-23T21:41:14.709+0000] {task_command.py:467} INFO - Running <TaskInstance: dag_with_postgres_operator_v04.create_postgres_table manual__2024-09-23T21:41:12.952676+00:00 [running]> on host 1e186c4a8a03
[2024-09-23T21:41:14.815+0000] {taskinstance.py:3131} INFO - Exporting env vars: AIRFLOW_CTX_DAG_OWNER='chin' AIRFLOW_CTX_DAG_ID='dag_with_postgres_operator_v04' AIRFLOW_CTX_TASK_ID='create_postgres_table' AIRFLOW_CTX_EXECUTION_DATE='2024-09-23T21:41:12.952676+00:00' AIRFLOW_CTX_TRY_NUMBER='1' AIRFLOW_CTX_DAG_RUN_ID='manual__2024-09-23T21:41:12.952676+00:00'
[2024-09-23T21:41:14.817+0000] {taskinstance.py:731} INFO - ::endgroup::
[2024-09-23T21:41:14.837+0000] {sql.py:266} INFO - Executing: 
                create table if not exists dag_runs(
                    dt date,
                    dag_id character varying,
                    primary key(dt, dag_id)
                )
            
[2024-09-23T21:41:14.847+0000] {base.py:84} INFO - Retrieving connection 'postgres_local'
[2024-09-23T21:41:14.860+0000] {base.py:84} INFO - Retrieving connection 'postgres_local'
[2024-09-23T21:41:14.869+0000] {sql.py:509} INFO - Running statement: 
                create table if not exists dag_runs(
                    dt date,
                    dag_id character varying,
                    primary key(dt, dag_id)
                )
            , parameters: None
[2024-09-23T21:41:14.883+0000] {taskinstance.py:340} INFO - ::group::Post task execution logs
[2024-09-23T21:41:14.884+0000] {taskinstance.py:352} INFO - Marking task as SUCCESS. dag_id=dag_with_postgres_operator_v04, task_id=create_postgres_table, run_id=manual__2024-09-23T21:41:12.952676+00:00, execution_date=20240923T214112, start_date=20240923T214114, end_date=20240923T214114
[2024-09-23T21:41:14.941+0000] {local_task_job_runner.py:266} INFO - Task exited with return code 0
[2024-09-23T21:41:14.956+0000] {logging_mixin.py:190} WARNING - /home/***/.local/lib/python3.12/site-packages/***/models/baseoperator.py:1378 AirflowProviderDeprecationWarning: Call to deprecated class PostgresOperator. (Please use `***.providers.common.sql.operators.sql.SQLExecuteQueryOperator`.Also, you can provide `hook_params={'schema': <database>}`.)
[2024-09-23T21:41:14.975+0000] {taskinstance.py:3900} INFO - 1 downstream tasks scheduled from follow-on schedule check
[2024-09-23T21:41:14.980+0000] {local_task_job_runner.py:245} INFO - ::endgroup::
