[2024-09-25T20:32:38.844+0000] {local_task_job_runner.py:123} INFO - ::group::Pre task execution logs
[2024-09-25T20:32:38.900+0000] {taskinstance.py:2612} INFO - Dependencies all met for dep_context=non-requeueable deps ti=<TaskInstance: dag_with_postgres_hook_s3_v02.postgres_to_s3 manual__2024-09-25T20:32:35.194033+00:00 [queued]>
[2024-09-25T20:32:39.066+0000] {taskinstance.py:2612} INFO - Dependencies all met for dep_context=requeueable deps ti=<TaskInstance: dag_with_postgres_hook_s3_v02.postgres_to_s3 manual__2024-09-25T20:32:35.194033+00:00 [queued]>
[2024-09-25T20:32:39.142+0000] {taskinstance.py:2865} INFO - Starting attempt 1 of 1
[2024-09-25T20:32:39.231+0000] {taskinstance.py:2888} INFO - Executing <Task(PythonOperator): postgres_to_s3> on 2024-09-25 20:32:35.194033+00:00
[2024-09-25T20:32:39.256+0000] {standard_task_runner.py:104} INFO - Running: ['***', 'tasks', 'run', 'dag_with_postgres_hook_s3_v02', 'postgres_to_s3', 'manual__2024-09-25T20:32:35.194033+00:00', '--job-id', '102', '--raw', '--subdir', 'DAGS_FOLDER/dag_with_postgres_hooks_s3.py', '--cfg-path', '/tmp/tmpsattwk_r']
[2024-09-25T20:32:39.273+0000] {standard_task_runner.py:105} INFO - Job 102: Subtask postgres_to_s3
[2024-09-25T20:32:39.365+0000] {logging_mixin.py:190} WARNING - /home/***/.local/lib/python3.12/site-packages/***/task/task_runner/standard_task_runner.py:70 DeprecationWarning: This process (pid=105967) is multi-threaded, use of fork() may lead to deadlocks in the child.
[2024-09-25T20:32:39.381+0000] {standard_task_runner.py:72} INFO - Started process 105968 to run task
[2024-09-25T20:32:39.446+0000] {task_command.py:467} INFO - Running <TaskInstance: dag_with_postgres_hook_s3_v02.postgres_to_s3 manual__2024-09-25T20:32:35.194033+00:00 [running]> on host 1e186c4a8a03
[2024-09-25T20:32:39.780+0000] {taskinstance.py:3131} INFO - Exporting env vars: AIRFLOW_CTX_DAG_OWNER='chin' AIRFLOW_CTX_DAG_ID='dag_with_postgres_hook_s3_v02' AIRFLOW_CTX_TASK_ID='postgres_to_s3' AIRFLOW_CTX_EXECUTION_DATE='2024-09-25T20:32:35.194033+00:00' AIRFLOW_CTX_TRY_NUMBER='1' AIRFLOW_CTX_DAG_RUN_ID='manual__2024-09-25T20:32:35.194033+00:00'
[2024-09-25T20:32:39.786+0000] {taskinstance.py:731} INFO - ::endgroup::
[2024-09-25T20:32:39.874+0000] {logging_mixin.py:190} WARNING - /home/***/.local/lib/python3.12/site-packages/***/utils/operator_helpers.py:175 AirflowContextDeprecationWarning: Accessing 'next_ds_nodash' from the template is deprecated and will be removed in a future version. Please use '{{ data_interval_end | ds_nodash }}' instead.
[2024-09-25T20:32:39.950+0000] {base.py:84} INFO - Retrieving connection 'postgres_local'
[2024-09-25T20:32:39.974+0000] {dag_with_postgres_hooks_s3.py:35} INFO - query b"select * from orders where date >='2022-04-30' and date <= '2022-04-30'":
[2024-09-25T20:32:39.977+0000] {dag_with_postgres_hooks_s3.py:36} INFO - cursor 6:
[2024-09-25T20:32:40.148+0000] {dag_with_postgres_hooks_s3.py:41} INFO - <cursor object at 0x7fc88415d7b0; closed: 0>
[2024-09-25T20:32:40.152+0000] {dag_with_postgres_hooks_s3.py:45} INFO - Saved orders data in text file: dags/get_orders_20240925.txt
[2024-09-25T20:32:40.153+0000] {python.py:240} INFO - Done. Returned value was: None
[2024-09-25T20:32:40.176+0000] {taskinstance.py:340} INFO - ::group::Post task execution logs
[2024-09-25T20:32:40.177+0000] {taskinstance.py:352} INFO - Marking task as SUCCESS. dag_id=dag_with_postgres_hook_s3_v02, task_id=postgres_to_s3, run_id=manual__2024-09-25T20:32:35.194033+00:00, execution_date=20240925T203235, start_date=20240925T203239, end_date=20240925T203240
[2024-09-25T20:32:40.229+0000] {local_task_job_runner.py:266} INFO - Task exited with return code 0
[2024-09-25T20:32:40.267+0000] {taskinstance.py:3900} INFO - 0 downstream tasks scheduled from follow-on schedule check
[2024-09-25T20:32:40.275+0000] {local_task_job_runner.py:245} INFO - ::endgroup::
