[2024-09-23T20:43:11.305+0000] {local_task_job_runner.py:123} INFO - ::group::Pre task execution logs
[2024-09-23T20:43:11.339+0000] {taskinstance.py:2612} INFO - Dependencies all met for dep_context=non-requeueable deps ti=<TaskInstance: dag_with_postgres_operator_v01.create_postgres_table manual__2024-09-23T20:43:09.508492+00:00 [queued]>
[2024-09-23T20:43:11.372+0000] {taskinstance.py:2612} INFO - Dependencies all met for dep_context=requeueable deps ti=<TaskInstance: dag_with_postgres_operator_v01.create_postgres_table manual__2024-09-23T20:43:09.508492+00:00 [queued]>
[2024-09-23T20:43:11.376+0000] {taskinstance.py:2865} INFO - Starting attempt 1 of 1
[2024-09-23T20:43:11.414+0000] {taskinstance.py:2888} INFO - Executing <Task(PostgresOperator): create_postgres_table> on 2024-09-23 20:43:09.508492+00:00
[2024-09-23T20:43:11.431+0000] {logging_mixin.py:190} WARNING - /home/***/.local/lib/python3.12/site-packages/***/task/task_runner/standard_task_runner.py:70 DeprecationWarning: This process (pid=5524) is multi-threaded, use of fork() may lead to deadlocks in the child.
[2024-09-23T20:43:11.427+0000] {standard_task_runner.py:104} INFO - Running: ['***', 'tasks', 'run', 'dag_with_postgres_operator_v01', 'create_postgres_table', 'manual__2024-09-23T20:43:09.508492+00:00', '--job-id', '7', '--raw', '--subdir', 'DAGS_FOLDER/dag_with_postgres_operator.py', '--cfg-path', '/tmp/tmpbmmtp2nx']
[2024-09-23T20:43:11.436+0000] {standard_task_runner.py:72} INFO - Started process 5525 to run task
[2024-09-23T20:43:11.437+0000] {standard_task_runner.py:105} INFO - Job 7: Subtask create_postgres_table
[2024-09-23T20:43:11.534+0000] {task_command.py:467} INFO - Running <TaskInstance: dag_with_postgres_operator_v01.create_postgres_table manual__2024-09-23T20:43:09.508492+00:00 [running]> on host 1e186c4a8a03
[2024-09-23T20:43:11.702+0000] {taskinstance.py:3131} INFO - Exporting env vars: AIRFLOW_CTX_DAG_OWNER='chin' AIRFLOW_CTX_DAG_ID='dag_with_postgres_operator_v01' AIRFLOW_CTX_TASK_ID='create_postgres_table' AIRFLOW_CTX_EXECUTION_DATE='2024-09-23T20:43:09.508492+00:00' AIRFLOW_CTX_TRY_NUMBER='1' AIRFLOW_CTX_DAG_RUN_ID='manual__2024-09-23T20:43:09.508492+00:00'
[2024-09-23T20:43:11.704+0000] {taskinstance.py:731} INFO - ::endgroup::
[2024-09-23T20:43:11.731+0000] {sql.py:266} INFO - Executing: 
                create table if not exists dag_runs(
                    dt date,
                    dag_id character varying,
                    primary key(dt, dag_id)
                )
            
[2024-09-23T20:43:11.754+0000] {base.py:84} INFO - Retrieving connection 'postgres_local'
[2024-09-23T20:43:11.774+0000] {base.py:84} INFO - Retrieving connection 'postgres_local'
[2024-09-23T20:43:11.788+0000] {sql.py:509} INFO - Running statement: 
                create table if not exists dag_runs(
                    dt date,
                    dag_id character varying,
                    primary key(dt, dag_id)
                )
            , parameters: None
[2024-09-23T20:43:11.894+0000] {taskinstance.py:340} INFO - ::group::Post task execution logs
[2024-09-23T20:43:11.895+0000] {taskinstance.py:352} INFO - Marking task as SUCCESS. dag_id=dag_with_postgres_operator_v01, task_id=create_postgres_table, run_id=manual__2024-09-23T20:43:09.508492+00:00, execution_date=20240923T204309, start_date=20240923T204311, end_date=20240923T204311
[2024-09-23T20:43:11.936+0000] {local_task_job_runner.py:266} INFO - Task exited with return code 0
[2024-09-23T20:43:11.981+0000] {taskinstance.py:3900} INFO - 0 downstream tasks scheduled from follow-on schedule check
[2024-09-23T20:43:11.993+0000] {local_task_job_runner.py:245} INFO - ::endgroup::
