[2024-09-23T18:17:52.518+0000] {local_task_job_runner.py:123} INFO - ::group::Pre task execution logs
[2024-09-23T18:17:52.545+0000] {taskinstance.py:2612} INFO - Dependencies all met for dep_context=non-requeueable deps ti=<TaskInstance: schedule_with_cron_expression_v03.task1 scheduled__2024-09-17T03:00:00+00:00 [queued]>
[2024-09-23T18:17:52.560+0000] {taskinstance.py:2612} INFO - Dependencies all met for dep_context=requeueable deps ti=<TaskInstance: schedule_with_cron_expression_v03.task1 scheduled__2024-09-17T03:00:00+00:00 [queued]>
[2024-09-23T18:17:52.562+0000] {taskinstance.py:2865} INFO - Starting attempt 2 of 6
[2024-09-23T18:17:52.596+0000] {taskinstance.py:2888} INFO - Executing <Task(BashOperator): task1> on 2024-09-17 03:00:00+00:00
[2024-09-23T18:17:52.626+0000] {logging_mixin.py:190} WARNING - /home/***/.local/lib/python3.12/site-packages/***/task/task_runner/standard_task_runner.py:70 DeprecationWarning: This process (pid=26603) is multi-threaded, use of fork() may lead to deadlocks in the child.
[2024-09-23T18:17:52.622+0000] {standard_task_runner.py:104} INFO - Running: ['***', 'tasks', 'run', 'schedule_with_cron_expression_v03', 'task1', 'scheduled__2024-09-17T03:00:00+00:00', '--job-id', '124', '--raw', '--subdir', 'DAGS_FOLDER/deck_with_cron_expression.py', '--cfg-path', '/tmp/tmp4bcx2wci']
[2024-09-23T18:17:52.633+0000] {standard_task_runner.py:72} INFO - Started process 26608 to run task
[2024-09-23T18:17:52.648+0000] {standard_task_runner.py:105} INFO - Job 124: Subtask task1
[2024-09-23T18:17:52.790+0000] {task_command.py:467} INFO - Running <TaskInstance: schedule_with_cron_expression_v03.task1 scheduled__2024-09-17T03:00:00+00:00 [running]> on host a6a086fd5bbf
[2024-09-23T18:17:53.014+0000] {taskinstance.py:3131} INFO - Exporting env vars: AIRFLOW_CTX_DAG_OWNER='chin' AIRFLOW_CTX_DAG_ID='schedule_with_cron_expression_v03' AIRFLOW_CTX_TASK_ID='task1' AIRFLOW_CTX_EXECUTION_DATE='2024-09-17T03:00:00+00:00' AIRFLOW_CTX_TRY_NUMBER='2' AIRFLOW_CTX_DAG_RUN_ID='scheduled__2024-09-17T03:00:00+00:00'
[2024-09-23T18:17:53.027+0000] {taskinstance.py:731} INFO - ::endgroup::
[2024-09-23T18:17:53.064+0000] {subprocess.py:63} INFO - Tmp dir root location: /tmp
[2024-09-23T18:17:53.107+0000] {subprocess.py:75} INFO - Running command: ['/usr/bin/bash', '-c', 'dag with cron expression']
[2024-09-23T18:17:53.153+0000] {subprocess.py:86} INFO - Output:
[2024-09-23T18:17:53.171+0000] {subprocess.py:93} INFO - /usr/bin/bash: line 1: dag: command not found
[2024-09-23T18:17:53.179+0000] {subprocess.py:97} INFO - Command exited with return code 127
[2024-09-23T18:17:53.218+0000] {taskinstance.py:3310} ERROR - Task failed with exception
Traceback (most recent call last):
  File "/home/airflow/.local/lib/python3.12/site-packages/airflow/models/taskinstance.py", line 767, in _execute_task
    result = _execute_callable(context=context, **execute_callable_kwargs)
             ^^^^^^^^^^^^^^^^^^^^^^^^^^^^^^^^^^^^^^^^^^^^^^^^^^^^^^^^^^^^^
  File "/home/airflow/.local/lib/python3.12/site-packages/airflow/models/taskinstance.py", line 733, in _execute_callable
    return ExecutionCallableRunner(
           ^^^^^^^^^^^^^^^^^^^^^^^^
  File "/home/airflow/.local/lib/python3.12/site-packages/airflow/utils/operator_helpers.py", line 252, in run
    return self.func(*args, **kwargs)
           ^^^^^^^^^^^^^^^^^^^^^^^^^^
  File "/home/airflow/.local/lib/python3.12/site-packages/airflow/models/baseoperator.py", line 406, in wrapper
    return func(self, *args, **kwargs)
           ^^^^^^^^^^^^^^^^^^^^^^^^^^^
  File "/home/airflow/.local/lib/python3.12/site-packages/airflow/operators/bash.py", line 249, in execute
    raise AirflowException(
airflow.exceptions.AirflowException: Bash command failed. The command returned a non-zero exit code 127.
[2024-09-23T18:17:53.257+0000] {taskinstance.py:1225} INFO - Marking task as UP_FOR_RETRY. dag_id=schedule_with_cron_expression_v03, task_id=task1, run_id=scheduled__2024-09-17T03:00:00+00:00, execution_date=20240917T030000, start_date=20240923T181752, end_date=20240923T181753
[2024-09-23T18:17:53.587+0000] {taskinstance.py:340} INFO - ::group::Post task execution logs
[2024-09-23T18:17:53.594+0000] {standard_task_runner.py:124} ERROR - Failed to execute job 124 for task task1 (Bash command failed. The command returned a non-zero exit code 127.; 26608)
Traceback (most recent call last):
  File "/home/airflow/.local/lib/python3.12/site-packages/airflow/task/task_runner/standard_task_runner.py", line 117, in _start_by_fork
    ret = args.func(args, dag=self.dag)
          ^^^^^^^^^^^^^^^^^^^^^^^^^^^^^
  File "/home/airflow/.local/lib/python3.12/site-packages/airflow/cli/cli_config.py", line 49, in command
    return func(*args, **kwargs)
           ^^^^^^^^^^^^^^^^^^^^^
  File "/home/airflow/.local/lib/python3.12/site-packages/airflow/utils/cli.py", line 115, in wrapper
    return f(*args, **kwargs)
           ^^^^^^^^^^^^^^^^^^
  File "/home/airflow/.local/lib/python3.12/site-packages/airflow/cli/commands/task_command.py", line 483, in task_run
    task_return_code = _run_task_by_selected_method(args, _dag, ti)
                       ^^^^^^^^^^^^^^^^^^^^^^^^^^^^^^^^^^^^^^^^^^^^
  File "/home/airflow/.local/lib/python3.12/site-packages/airflow/cli/commands/task_command.py", line 256, in _run_task_by_selected_method
    return _run_raw_task(args, ti)
           ^^^^^^^^^^^^^^^^^^^^^^^
  File "/home/airflow/.local/lib/python3.12/site-packages/airflow/cli/commands/task_command.py", line 341, in _run_raw_task
    return ti._run_raw_task(
           ^^^^^^^^^^^^^^^^^
  File "/home/airflow/.local/lib/python3.12/site-packages/airflow/utils/session.py", line 97, in wrapper
    return func(*args, session=session, **kwargs)
           ^^^^^^^^^^^^^^^^^^^^^^^^^^^^^^^^^^^^^^
  File "/home/airflow/.local/lib/python3.12/site-packages/airflow/models/taskinstance.py", line 3004, in _run_raw_task
    return _run_raw_task(
           ^^^^^^^^^^^^^^
  File "/home/airflow/.local/lib/python3.12/site-packages/airflow/models/taskinstance.py", line 273, in _run_raw_task
    TaskInstance._execute_task_with_callbacks(
  File "/home/airflow/.local/lib/python3.12/site-packages/airflow/models/taskinstance.py", line 3158, in _execute_task_with_callbacks
    result = self._execute_task(context, task_orig)
             ^^^^^^^^^^^^^^^^^^^^^^^^^^^^^^^^^^^^^^
  File "/home/airflow/.local/lib/python3.12/site-packages/airflow/models/taskinstance.py", line 3182, in _execute_task
    return _execute_task(self, context, task_orig)
           ^^^^^^^^^^^^^^^^^^^^^^^^^^^^^^^^^^^^^^^
  File "/home/airflow/.local/lib/python3.12/site-packages/airflow/models/taskinstance.py", line 767, in _execute_task
    result = _execute_callable(context=context, **execute_callable_kwargs)
             ^^^^^^^^^^^^^^^^^^^^^^^^^^^^^^^^^^^^^^^^^^^^^^^^^^^^^^^^^^^^^
  File "/home/airflow/.local/lib/python3.12/site-packages/airflow/models/taskinstance.py", line 733, in _execute_callable
    return ExecutionCallableRunner(
           ^^^^^^^^^^^^^^^^^^^^^^^^
  File "/home/airflow/.local/lib/python3.12/site-packages/airflow/utils/operator_helpers.py", line 252, in run
    return self.func(*args, **kwargs)
           ^^^^^^^^^^^^^^^^^^^^^^^^^^
  File "/home/airflow/.local/lib/python3.12/site-packages/airflow/models/baseoperator.py", line 406, in wrapper
    return func(self, *args, **kwargs)
           ^^^^^^^^^^^^^^^^^^^^^^^^^^^
  File "/home/airflow/.local/lib/python3.12/site-packages/airflow/operators/bash.py", line 249, in execute
    raise AirflowException(
airflow.exceptions.AirflowException: Bash command failed. The command returned a non-zero exit code 127.
[2024-09-23T18:17:53.633+0000] {local_task_job_runner.py:266} INFO - Task exited with return code 1
[2024-09-23T18:17:53.673+0000] {taskinstance.py:3900} INFO - 0 downstream tasks scheduled from follow-on schedule check
[2024-09-23T18:17:53.684+0000] {local_task_job_runner.py:245} INFO - ::endgroup::
