[2024-09-25T21:28:30.393+0000] {local_task_job_runner.py:123} INFO - ::group::Pre task execution logs
[2024-09-25T21:28:30.524+0000] {taskinstance.py:2612} INFO - Dependencies all met for dep_context=non-requeueable deps ti=<TaskInstance: dag_with_postgres_hook_s3_v04.postgres_to_s3 scheduled__2022-06-11T00:00:00+00:00 [queued]>
[2024-09-25T21:28:30.617+0000] {taskinstance.py:2612} INFO - Dependencies all met for dep_context=requeueable deps ti=<TaskInstance: dag_with_postgres_hook_s3_v04.postgres_to_s3 scheduled__2022-06-11T00:00:00+00:00 [queued]>
[2024-09-25T21:28:30.632+0000] {taskinstance.py:2865} INFO - Starting attempt 1 of 1
[2024-09-25T21:28:31.130+0000] {taskinstance.py:2888} INFO - Executing <Task(PythonOperator): postgres_to_s3> on 2022-06-11 00:00:00+00:00
[2024-09-25T21:28:31.300+0000] {logging_mixin.py:190} WARNING - /home/***/.local/lib/python3.12/site-packages/***/task/task_runner/standard_task_runner.py:70 DeprecationWarning: This process (pid=110892) is multi-threaded, use of fork() may lead to deadlocks in the child.
[2024-09-25T21:28:31.315+0000] {standard_task_runner.py:104} INFO - Running: ['***', 'tasks', 'run', 'dag_with_postgres_hook_s3_v04', 'postgres_to_s3', 'scheduled__2022-06-11T00:00:00+00:00', '--job-id', '147', '--raw', '--subdir', 'DAGS_FOLDER/dag_with_postgres_hooks_s3.py', '--cfg-path', '/tmp/tmpl4oh74pw']
[2024-09-25T21:28:31.520+0000] {standard_task_runner.py:72} INFO - Started process 110914 to run task
[2024-09-25T21:28:31.530+0000] {standard_task_runner.py:105} INFO - Job 147: Subtask postgres_to_s3
[2024-09-25T21:28:32.354+0000] {task_command.py:467} INFO - Running <TaskInstance: dag_with_postgres_hook_s3_v04.postgres_to_s3 scheduled__2022-06-11T00:00:00+00:00 [running]> on host 1e186c4a8a03
[2024-09-25T21:28:32.664+0000] {taskinstance.py:3131} INFO - Exporting env vars: AIRFLOW_CTX_DAG_OWNER='chin' AIRFLOW_CTX_DAG_ID='dag_with_postgres_hook_s3_v04' AIRFLOW_CTX_TASK_ID='postgres_to_s3' AIRFLOW_CTX_EXECUTION_DATE='2022-06-11T00:00:00+00:00' AIRFLOW_CTX_TRY_NUMBER='1' AIRFLOW_CTX_DAG_RUN_ID='scheduled__2022-06-11T00:00:00+00:00'
[2024-09-25T21:28:32.767+0000] {taskinstance.py:731} INFO - ::endgroup::
[2024-09-25T21:28:32.845+0000] {logging_mixin.py:190} WARNING - /home/***/.local/lib/python3.12/site-packages/***/utils/operator_helpers.py:175 AirflowContextDeprecationWarning: Accessing 'next_ds_nodash' from the template is deprecated and will be removed in a future version. Please use '{{ data_interval_end | ds_nodash }}' instead.
[2024-09-25T21:28:32.888+0000] {base.py:84} INFO - Retrieving connection 'postgres_local'
[2024-09-25T21:28:33.028+0000] {dag_with_postgres_hooks_s3.py:36} INFO - query b"select * from orders where date >='20220611' and date <= '20220612'":
[2024-09-25T21:28:33.031+0000] {dag_with_postgres_hooks_s3.py:37} INFO - cursor 15:
[2024-09-25T21:28:33.051+0000] {dag_with_postgres_hooks_s3.py:42} INFO - <cursor object at 0x7fc8836f85e0; closed: 0>
[2024-09-25T21:28:33.066+0000] {dag_with_postgres_hooks_s3.py:46} INFO - Saved orders data in text file: dags/get_orders_20220611.txt
[2024-09-25T21:28:33.111+0000] {base.py:84} INFO - Retrieving connection 'minio_conn'
[2024-09-25T21:28:33.115+0000] {connection_wrapper.py:388} INFO - AWS Connection (conn_id='minio_conn', conn_type='aws') credentials retrieved from login and password.
[2024-09-25T21:28:37.259+0000] {python.py:240} INFO - Done. Returned value was: None
[2024-09-25T21:28:37.283+0000] {taskinstance.py:340} INFO - ::group::Post task execution logs
[2024-09-25T21:28:37.302+0000] {taskinstance.py:352} INFO - Marking task as SUCCESS. dag_id=dag_with_postgres_hook_s3_v04, task_id=postgres_to_s3, run_id=scheduled__2022-06-11T00:00:00+00:00, execution_date=20220611T000000, start_date=20240925T212830, end_date=20240925T212837
[2024-09-25T21:28:37.447+0000] {local_task_job_runner.py:266} INFO - Task exited with return code 0
[2024-09-25T21:28:37.582+0000] {local_task_job_runner.py:245} INFO - ::endgroup::
