[2024-09-25T21:54:11.912+0000] {local_task_job_runner.py:123} INFO - ::group::Pre task execution logs
[2024-09-25T21:54:12.020+0000] {taskinstance.py:2612} INFO - Dependencies all met for dep_context=non-requeueable deps ti=<TaskInstance: dag_with_postgres_hook_s3_v05.postgres_to_s3 scheduled__2022-05-10T00:00:00+00:00 [queued]>
[2024-09-25T21:54:12.126+0000] {taskinstance.py:2612} INFO - Dependencies all met for dep_context=requeueable deps ti=<TaskInstance: dag_with_postgres_hook_s3_v05.postgres_to_s3 scheduled__2022-05-10T00:00:00+00:00 [queued]>
[2024-09-25T21:54:12.132+0000] {taskinstance.py:2865} INFO - Starting attempt 1 of 1
[2024-09-25T21:54:12.201+0000] {taskinstance.py:2888} INFO - Executing <Task(PythonOperator): postgres_to_s3> on 2022-05-10 00:00:00+00:00
[2024-09-25T21:54:12.316+0000] {logging_mixin.py:190} WARNING - /home/***/.local/lib/python3.12/site-packages/***/task/task_runner/standard_task_runner.py:70 DeprecationWarning: This process (pid=113086) is multi-threaded, use of fork() may lead to deadlocks in the child.
[2024-09-25T21:54:12.345+0000] {standard_task_runner.py:104} INFO - Running: ['***', 'tasks', 'run', 'dag_with_postgres_hook_s3_v05', 'postgres_to_s3', 'scheduled__2022-05-10T00:00:00+00:00', '--job-id', '164', '--raw', '--subdir', 'DAGS_FOLDER/dag_with_postgres_hooks_s3.py', '--cfg-path', '/tmp/tmpczn3uc8p']
[2024-09-25T21:54:12.369+0000] {standard_task_runner.py:72} INFO - Started process 113122 to run task
[2024-09-25T21:54:12.375+0000] {standard_task_runner.py:105} INFO - Job 164: Subtask postgres_to_s3
[2024-09-25T21:54:13.134+0000] {task_command.py:467} INFO - Running <TaskInstance: dag_with_postgres_hook_s3_v05.postgres_to_s3 scheduled__2022-05-10T00:00:00+00:00 [running]> on host 1e186c4a8a03
[2024-09-25T21:54:14.966+0000] {taskinstance.py:3131} INFO - Exporting env vars: AIRFLOW_CTX_DAG_OWNER='chin' AIRFLOW_CTX_DAG_ID='dag_with_postgres_hook_s3_v05' AIRFLOW_CTX_TASK_ID='postgres_to_s3' AIRFLOW_CTX_EXECUTION_DATE='2022-05-10T00:00:00+00:00' AIRFLOW_CTX_TRY_NUMBER='1' AIRFLOW_CTX_DAG_RUN_ID='scheduled__2022-05-10T00:00:00+00:00'
[2024-09-25T21:54:15.184+0000] {taskinstance.py:731} INFO - ::endgroup::
[2024-09-25T21:54:15.405+0000] {logging_mixin.py:190} WARNING - /home/***/.local/lib/python3.12/site-packages/***/utils/operator_helpers.py:175 AirflowContextDeprecationWarning: Accessing 'next_ds_nodash' from the template is deprecated and will be removed in a future version. Please use '{{ data_interval_end | ds_nodash }}' instead.
[2024-09-25T21:54:15.693+0000] {base.py:84} INFO - Retrieving connection 'postgres_local'
[2024-09-25T21:54:16.167+0000] {dag_with_postgres_hooks_s3.py:36} INFO - query b"select * from orders where date >='20220510' and date <= '20220511'":
[2024-09-25T21:54:16.242+0000] {dag_with_postgres_hooks_s3.py:37} INFO - cursor 20:
[2024-09-25T21:54:16.724+0000] {dag_with_postgres_hooks_s3.py:42} INFO - <cursor object at 0x7fc8836e05e0; closed: 0>
[2024-09-25T21:54:16.772+0000] {dag_with_postgres_hooks_s3.py:46} INFO - Saved orders data in text file: dags/get_orders_20220510.txt
[2024-09-25T21:54:16.812+0000] {base.py:84} INFO - Retrieving connection 'minio_conn'
[2024-09-25T21:54:16.875+0000] {connection_wrapper.py:388} INFO - AWS Connection (conn_id='minio_conn', conn_type='aws') credentials retrieved from login and password.
[2024-09-25T21:54:40.669+0000] {python.py:240} INFO - Done. Returned value was: None
[2024-09-25T21:54:40.727+0000] {taskinstance.py:340} INFO - ::group::Post task execution logs
[2024-09-25T21:54:40.747+0000] {taskinstance.py:352} INFO - Marking task as SUCCESS. dag_id=dag_with_postgres_hook_s3_v05, task_id=postgres_to_s3, run_id=scheduled__2022-05-10T00:00:00+00:00, execution_date=20220510T000000, start_date=20240925T215412, end_date=20240925T215440
[2024-09-25T21:54:40.831+0000] {local_task_job_runner.py:266} INFO - Task exited with return code 0
[2024-09-25T21:54:40.882+0000] {taskinstance.py:3900} INFO - 0 downstream tasks scheduled from follow-on schedule check
[2024-09-25T21:54:40.891+0000] {local_task_job_runner.py:245} INFO - ::endgroup::
