[2024-09-25T22:04:25.405+0000] {local_task_job_runner.py:123} INFO - ::group::Pre task execution logs
[2024-09-25T22:04:25.475+0000] {taskinstance.py:2612} INFO - Dependencies all met for dep_context=non-requeueable deps ti=<TaskInstance: dag_with_postgres_hook_s3_v05.postgres_to_s3 scheduled__2023-07-11T00:00:00+00:00 [queued]>
[2024-09-25T22:04:25.512+0000] {taskinstance.py:2612} INFO - Dependencies all met for dep_context=requeueable deps ti=<TaskInstance: dag_with_postgres_hook_s3_v05.postgres_to_s3 scheduled__2023-07-11T00:00:00+00:00 [queued]>
[2024-09-25T22:04:25.521+0000] {taskinstance.py:2865} INFO - Starting attempt 1 of 1
[2024-09-25T22:04:25.636+0000] {taskinstance.py:2888} INFO - Executing <Task(PythonOperator): postgres_to_s3> on 2023-07-11 00:00:00+00:00
[2024-09-25T22:04:25.674+0000] {standard_task_runner.py:104} INFO - Running: ['***', 'tasks', 'run', 'dag_with_postgres_hook_s3_v05', 'postgres_to_s3', 'scheduled__2023-07-11T00:00:00+00:00', '--job-id', '593', '--raw', '--subdir', 'DAGS_FOLDER/dag_with_postgres_hooks_s3.py', '--cfg-path', '/tmp/tmp62sqpbjx']
[2024-09-25T22:04:25.676+0000] {logging_mixin.py:190} WARNING - /home/***/.local/lib/python3.12/site-packages/***/task/task_runner/standard_task_runner.py:70 DeprecationWarning: This process (pid=116046) is multi-threaded, use of fork() may lead to deadlocks in the child.
[2024-09-25T22:04:25.689+0000] {standard_task_runner.py:105} INFO - Job 593: Subtask postgres_to_s3
[2024-09-25T22:04:25.709+0000] {standard_task_runner.py:72} INFO - Started process 116057 to run task
[2024-09-25T22:04:26.100+0000] {task_command.py:467} INFO - Running <TaskInstance: dag_with_postgres_hook_s3_v05.postgres_to_s3 scheduled__2023-07-11T00:00:00+00:00 [running]> on host 1e186c4a8a03
[2024-09-25T22:04:26.603+0000] {taskinstance.py:3131} INFO - Exporting env vars: AIRFLOW_CTX_DAG_OWNER='chin' AIRFLOW_CTX_DAG_ID='dag_with_postgres_hook_s3_v05' AIRFLOW_CTX_TASK_ID='postgres_to_s3' AIRFLOW_CTX_EXECUTION_DATE='2023-07-11T00:00:00+00:00' AIRFLOW_CTX_TRY_NUMBER='1' AIRFLOW_CTX_DAG_RUN_ID='scheduled__2023-07-11T00:00:00+00:00'
[2024-09-25T22:04:26.614+0000] {taskinstance.py:731} INFO - ::endgroup::
[2024-09-25T22:04:26.650+0000] {logging_mixin.py:190} WARNING - /home/***/.local/lib/python3.12/site-packages/***/utils/operator_helpers.py:175 AirflowContextDeprecationWarning: Accessing 'next_ds_nodash' from the template is deprecated and will be removed in a future version. Please use '{{ data_interval_end | ds_nodash }}' instead.
[2024-09-25T22:04:26.722+0000] {base.py:84} INFO - Retrieving connection 'postgres_local'
[2024-09-25T22:04:26.775+0000] {dag_with_postgres_hooks_s3.py:37} INFO - query b"select * from orders where date >='20230711' and date <= '20230712'":
[2024-09-25T22:04:26.777+0000] {dag_with_postgres_hooks_s3.py:38} INFO - cursor 0:
[2024-09-25T22:04:26.795+0000] {dag_with_postgres_hooks_s3.py:44} INFO - <cursor object at 0x7fc8837fb010; closed: 0>
[2024-09-25T22:04:26.798+0000] {dag_with_postgres_hooks_s3.py:50} INFO - Saved orders data in text file: dags/get_orders_20230711.txt
[2024-09-25T22:04:26.863+0000] {base.py:84} INFO - Retrieving connection 'minio_conn'
[2024-09-25T22:04:26.867+0000] {connection_wrapper.py:388} INFO - AWS Connection (conn_id='minio_conn', conn_type='aws') credentials retrieved from login and password.
[2024-09-25T22:04:27.873+0000] {dag_with_postgres_hooks_s3.py:62} INFO - Order file %s has been pushed to S3!, f.name
[2024-09-25T22:04:27.878+0000] {python.py:240} INFO - Done. Returned value was: None
[2024-09-25T22:04:27.957+0000] {taskinstance.py:340} INFO - ::group::Post task execution logs
[2024-09-25T22:04:27.960+0000] {taskinstance.py:352} INFO - Marking task as SUCCESS. dag_id=dag_with_postgres_hook_s3_v05, task_id=postgres_to_s3, run_id=scheduled__2023-07-11T00:00:00+00:00, execution_date=20230711T000000, start_date=20240925T220425, end_date=20240925T220427
[2024-09-25T22:04:28.178+0000] {local_task_job_runner.py:266} INFO - Task exited with return code 0
[2024-09-25T22:04:28.244+0000] {taskinstance.py:3900} INFO - 0 downstream tasks scheduled from follow-on schedule check
[2024-09-25T22:04:28.270+0000] {local_task_job_runner.py:245} INFO - ::endgroup::
