[2024-09-23T02:13:24.313+0000] {local_task_job_runner.py:123} INFO - ::group::Pre task execution logs
[2024-09-23T02:13:24.365+0000] {taskinstance.py:2612} INFO - Dependencies all met for dep_context=non-requeueable deps ti=<TaskInstance: dag_with_catchup_backfill_v01.2.task1 scheduled__2024-09-12T00:00:00+00:00 [queued]>
[2024-09-23T02:13:24.399+0000] {taskinstance.py:2612} INFO - Dependencies all met for dep_context=requeueable deps ti=<TaskInstance: dag_with_catchup_backfill_v01.2.task1 scheduled__2024-09-12T00:00:00+00:00 [queued]>
[2024-09-23T02:13:24.446+0000] {taskinstance.py:2865} INFO - Starting attempt 1 of 6
[2024-09-23T02:13:24.629+0000] {taskinstance.py:2888} INFO - Executing <Task(BashOperator): task1> on 2024-09-12 00:00:00+00:00
[2024-09-23T02:13:24.683+0000] {standard_task_runner.py:104} INFO - Running: ['***', 'tasks', 'run', 'dag_with_catchup_backfill_v01.2', 'task1', 'scheduled__2024-09-12T00:00:00+00:00', '--job-id', '61', '--raw', '--subdir', 'DAGS_FOLDER/dag_with_catchup_and_backfill.py', '--cfg-path', '/tmp/tmpoordq4tm']
[2024-09-23T02:13:24.703+0000] {logging_mixin.py:190} WARNING - /home/***/.local/lib/python3.12/site-packages/***/task/task_runner/standard_task_runner.py:70 DeprecationWarning: This process (pid=5798) is multi-threaded, use of fork() may lead to deadlocks in the child.
[2024-09-23T02:13:24.737+0000] {standard_task_runner.py:105} INFO - Job 61: Subtask task1
[2024-09-23T02:13:24.803+0000] {standard_task_runner.py:72} INFO - Started process 5807 to run task
[2024-09-23T02:13:25.070+0000] {task_command.py:467} INFO - Running <TaskInstance: dag_with_catchup_backfill_v01.2.task1 scheduled__2024-09-12T00:00:00+00:00 [running]> on host a6a086fd5bbf
[2024-09-23T02:13:25.333+0000] {taskinstance.py:3131} INFO - Exporting env vars: AIRFLOW_CTX_DAG_OWNER='chin' AIRFLOW_CTX_DAG_ID='dag_with_catchup_backfill_v01.2' AIRFLOW_CTX_TASK_ID='task1' AIRFLOW_CTX_EXECUTION_DATE='2024-09-12T00:00:00+00:00' AIRFLOW_CTX_TRY_NUMBER='1' AIRFLOW_CTX_DAG_RUN_ID='scheduled__2024-09-12T00:00:00+00:00'
[2024-09-23T02:13:25.351+0000] {taskinstance.py:731} INFO - ::endgroup::
[2024-09-23T02:13:25.399+0000] {subprocess.py:63} INFO - Tmp dir root location: /tmp
[2024-09-23T02:13:25.409+0000] {subprocess.py:75} INFO - Running command: ['/usr/bin/bash', '-c', 'echo this is a simple batch command!']
[2024-09-23T02:13:25.466+0000] {subprocess.py:86} INFO - Output:
[2024-09-23T02:13:25.475+0000] {subprocess.py:93} INFO - this is a simple batch command!
[2024-09-23T02:13:25.479+0000] {subprocess.py:97} INFO - Command exited with return code 0
[2024-09-23T02:13:25.585+0000] {taskinstance.py:340} INFO - ::group::Post task execution logs
[2024-09-23T02:13:25.596+0000] {taskinstance.py:352} INFO - Marking task as SUCCESS. dag_id=dag_with_catchup_backfill_v01.2, task_id=task1, run_id=scheduled__2024-09-12T00:00:00+00:00, execution_date=20240912T000000, start_date=20240923T021324, end_date=20240923T021325
[2024-09-23T02:13:25.756+0000] {local_task_job_runner.py:266} INFO - Task exited with return code 0
[2024-09-23T02:13:25.793+0000] {taskinstance.py:3900} INFO - 0 downstream tasks scheduled from follow-on schedule check
[2024-09-23T02:13:25.926+0000] {local_task_job_runner.py:245} INFO - ::endgroup::
