[2024-09-23T02:13:24.382+0000] {local_task_job_runner.py:123} INFO - ::group::Pre task execution logs
[2024-09-23T02:13:24.436+0000] {taskinstance.py:2612} INFO - Dependencies all met for dep_context=non-requeueable deps ti=<TaskInstance: dag_with_catchup_backfill_v01.2.task1 scheduled__2024-09-14T00:00:00+00:00 [queued]>
[2024-09-23T02:13:24.471+0000] {taskinstance.py:2612} INFO - Dependencies all met for dep_context=requeueable deps ti=<TaskInstance: dag_with_catchup_backfill_v01.2.task1 scheduled__2024-09-14T00:00:00+00:00 [queued]>
[2024-09-23T02:13:24.475+0000] {taskinstance.py:2865} INFO - Starting attempt 1 of 6
[2024-09-23T02:13:24.638+0000] {taskinstance.py:2888} INFO - Executing <Task(BashOperator): task1> on 2024-09-14 00:00:00+00:00
[2024-09-23T02:13:24.692+0000] {standard_task_runner.py:104} INFO - Running: ['***', 'tasks', 'run', 'dag_with_catchup_backfill_v01.2', 'task1', 'scheduled__2024-09-14T00:00:00+00:00', '--job-id', '62', '--raw', '--subdir', 'DAGS_FOLDER/dag_with_catchup_and_backfill.py', '--cfg-path', '/tmp/tmpx1oc2_hu']
[2024-09-23T02:13:24.744+0000] {standard_task_runner.py:105} INFO - Job 62: Subtask task1
[2024-09-23T02:13:24.717+0000] {logging_mixin.py:190} WARNING - /home/***/.local/lib/python3.12/site-packages/***/task/task_runner/standard_task_runner.py:70 DeprecationWarning: This process (pid=5800) is multi-threaded, use of fork() may lead to deadlocks in the child.
[2024-09-23T02:13:24.781+0000] {standard_task_runner.py:72} INFO - Started process 5808 to run task
[2024-09-23T02:13:24.992+0000] {task_command.py:467} INFO - Running <TaskInstance: dag_with_catchup_backfill_v01.2.task1 scheduled__2024-09-14T00:00:00+00:00 [running]> on host a6a086fd5bbf
[2024-09-23T02:13:25.503+0000] {taskinstance.py:3131} INFO - Exporting env vars: AIRFLOW_CTX_DAG_OWNER='chin' AIRFLOW_CTX_DAG_ID='dag_with_catchup_backfill_v01.2' AIRFLOW_CTX_TASK_ID='task1' AIRFLOW_CTX_EXECUTION_DATE='2024-09-14T00:00:00+00:00' AIRFLOW_CTX_TRY_NUMBER='1' AIRFLOW_CTX_DAG_RUN_ID='scheduled__2024-09-14T00:00:00+00:00'
[2024-09-23T02:13:25.510+0000] {taskinstance.py:731} INFO - ::endgroup::
[2024-09-23T02:13:25.557+0000] {subprocess.py:63} INFO - Tmp dir root location: /tmp
[2024-09-23T02:13:25.568+0000] {subprocess.py:75} INFO - Running command: ['/usr/bin/bash', '-c', 'echo this is a simple batch command!']
[2024-09-23T02:13:25.598+0000] {subprocess.py:86} INFO - Output:
[2024-09-23T02:13:25.612+0000] {subprocess.py:93} INFO - this is a simple batch command!
[2024-09-23T02:13:25.621+0000] {subprocess.py:97} INFO - Command exited with return code 0
[2024-09-23T02:13:25.697+0000] {taskinstance.py:340} INFO - ::group::Post task execution logs
[2024-09-23T02:13:25.706+0000] {taskinstance.py:352} INFO - Marking task as SUCCESS. dag_id=dag_with_catchup_backfill_v01.2, task_id=task1, run_id=scheduled__2024-09-14T00:00:00+00:00, execution_date=20240914T000000, start_date=20240923T021324, end_date=20240923T021325
[2024-09-23T02:13:25.790+0000] {local_task_job_runner.py:266} INFO - Task exited with return code 0
[2024-09-23T02:13:25.831+0000] {local_task_job_runner.py:245} INFO - ::endgroup::
