[2024-09-23T21:40:42.463+0000] {local_task_job_runner.py:123} INFO - ::group::Pre task execution logs
[2024-09-23T21:40:42.513+0000] {taskinstance.py:2612} INFO - Dependencies all met for dep_context=non-requeueable deps ti=<TaskInstance: dag_with_postgres_operator_v04.insert_into_table manual__2024-09-23T21:40:35.838297+00:00 [queued]>
[2024-09-23T21:40:42.538+0000] {taskinstance.py:2612} INFO - Dependencies all met for dep_context=requeueable deps ti=<TaskInstance: dag_with_postgres_operator_v04.insert_into_table manual__2024-09-23T21:40:35.838297+00:00 [queued]>
[2024-09-23T21:40:42.540+0000] {taskinstance.py:2865} INFO - Starting attempt 1 of 1
[2024-09-23T21:40:42.579+0000] {taskinstance.py:2888} INFO - Executing <Task(PostgresOperator): insert_into_table> on 2024-09-23 21:40:35.838297+00:00
[2024-09-23T21:40:42.593+0000] {standard_task_runner.py:104} INFO - Running: ['***', 'tasks', 'run', 'dag_with_postgres_operator_v04', 'insert_into_table', 'manual__2024-09-23T21:40:35.838297+00:00', '--job-id', '24', '--raw', '--subdir', 'DAGS_FOLDER/dag_with_postgres_operator.py', '--cfg-path', '/tmp/tmp2x0_tov8']
[2024-09-23T21:40:42.598+0000] {logging_mixin.py:190} WARNING - /home/***/.local/lib/python3.12/site-packages/***/task/task_runner/standard_task_runner.py:70 DeprecationWarning: This process (pid=9419) is multi-threaded, use of fork() may lead to deadlocks in the child.
[2024-09-23T21:40:42.599+0000] {standard_task_runner.py:105} INFO - Job 24: Subtask insert_into_table
[2024-09-23T21:40:42.600+0000] {standard_task_runner.py:72} INFO - Started process 9422 to run task
[2024-09-23T21:40:42.694+0000] {task_command.py:467} INFO - Running <TaskInstance: dag_with_postgres_operator_v04.insert_into_table manual__2024-09-23T21:40:35.838297+00:00 [running]> on host 1e186c4a8a03
[2024-09-23T21:40:42.897+0000] {taskinstance.py:3131} INFO - Exporting env vars: AIRFLOW_CTX_DAG_OWNER='chin' AIRFLOW_CTX_DAG_ID='dag_with_postgres_operator_v04' AIRFLOW_CTX_TASK_ID='insert_into_table' AIRFLOW_CTX_EXECUTION_DATE='2024-09-23T21:40:35.838297+00:00' AIRFLOW_CTX_TRY_NUMBER='1' AIRFLOW_CTX_DAG_RUN_ID='manual__2024-09-23T21:40:35.838297+00:00'
[2024-09-23T21:40:42.900+0000] {taskinstance.py:731} INFO - ::endgroup::
[2024-09-23T21:40:42.927+0000] {sql.py:266} INFO - Executing: 
            insert into dag_runs (dt, dag_id) values ('2024-09-23','dag_with_postgres_operator_v04')
        
[2024-09-23T21:40:42.950+0000] {base.py:84} INFO - Retrieving connection 'postgres_local'
[2024-09-23T21:40:42.977+0000] {base.py:84} INFO - Retrieving connection 'postgres_local'
[2024-09-23T21:40:42.998+0000] {sql.py:509} INFO - Running statement: 
            insert into dag_runs (dt, dag_id) values ('2024-09-23','dag_with_postgres_operator_v04')
        , parameters: None
[2024-09-23T21:40:43.004+0000] {sql.py:518} INFO - Rows affected: 1
[2024-09-23T21:40:43.044+0000] {taskinstance.py:340} INFO - ::group::Post task execution logs
[2024-09-23T21:40:43.047+0000] {taskinstance.py:352} INFO - Marking task as SUCCESS. dag_id=dag_with_postgres_operator_v04, task_id=insert_into_table, run_id=manual__2024-09-23T21:40:35.838297+00:00, execution_date=20240923T214035, start_date=20240923T214042, end_date=20240923T214043
[2024-09-23T21:40:43.099+0000] {local_task_job_runner.py:266} INFO - Task exited with return code 0
[2024-09-23T21:40:43.141+0000] {taskinstance.py:3900} INFO - 0 downstream tasks scheduled from follow-on schedule check
[2024-09-23T21:40:43.152+0000] {local_task_job_runner.py:245} INFO - ::endgroup::
